Archive member included to satisfy reference by file (symbol)

c:/st/stm32cubeide_1.4.0/stm32cubeide/plugins/com.st.stm32cube.ide.mcu.externaltools.gnu-tools-for-stm32.9-2020-q2-update.win32_2.0.0.202105311346/tools/bin/../lib/gcc/arm-none-eabi/9.3.1/../../../../arm-none-eabi/lib/thumb/v7e-m+fp/hard\libc_nano.a(lib_a-errno.o)
                              ./Core/Src/syscalls.o (__errno)
c:/st/stm32cubeide_1.4.0/stm32cubeide/plugins/com.st.stm32cube.ide.mcu.externaltools.gnu-tools-for-stm32.9-2020-q2-update.win32_2.0.0.202105311346/tools/bin/../lib/gcc/arm-none-eabi/9.3.1/../../../../arm-none-eabi/lib/thumb/v7e-m+fp/hard\libc_nano.a(lib_a-exit.o)
                              c:/st/stm32cubeide_1.4.0/stm32cubeide/plugins/com.st.stm32cube.ide.mcu.externaltools.gnu-tools-for-stm32.9-2020-q2-update.win32_2.0.0.202105311346/tools/bin/../lib/gcc/arm-none-eabi/9.3.1/../../../../arm-none-eabi/lib/thumb/v7e-m+fp/hard/crt0.o (exit)
c:/st/stm32cubeide_1.4.0/stm32cubeide/plugins/com.st.stm32cube.ide.mcu.externaltools.gnu-tools-for-stm32.9-2020-q2-update.win32_2.0.0.202105311346/tools/bin/../lib/gcc/arm-none-eabi/9.3.1/../../../../arm-none-eabi/lib/thumb/v7e-m+fp/hard\libc_nano.a(lib_a-impure.o)
                              c:/st/stm32cubeide_1.4.0/stm32cubeide/plugins/com.st.stm32cube.ide.mcu.externaltools.gnu-tools-for-stm32.9-2020-q2-update.win32_2.0.0.202105311346/tools/bin/../lib/gcc/arm-none-eabi/9.3.1/../../../../arm-none-eabi/lib/thumb/v7e-m+fp/hard\libc_nano.a(lib_a-exit.o) (_global_impure_ptr)
c:/st/stm32cubeide_1.4.0/stm32cubeide/plugins/com.st.stm32cube.ide.mcu.externaltools.gnu-tools-for-stm32.9-2020-q2-update.win32_2.0.0.202105311346/tools/bin/../lib/gcc/arm-none-eabi/9.3.1/../../../../arm-none-eabi/lib/thumb/v7e-m+fp/hard\libc_nano.a(lib_a-init.o)
                              c:/st/stm32cubeide_1.4.0/stm32cubeide/plugins/com.st.stm32cube.ide.mcu.externaltools.gnu-tools-for-stm32.9-2020-q2-update.win32_2.0.0.202105311346/tools/bin/../lib/gcc/arm-none-eabi/9.3.1/../../../../arm-none-eabi/lib/thumb/v7e-m+fp/hard/crt0.o (__libc_init_array)
c:/st/stm32cubeide_1.4.0/stm32cubeide/plugins/com.st.stm32cube.ide.mcu.externaltools.gnu-tools-for-stm32.9-2020-q2-update.win32_2.0.0.202105311346/tools/bin/../lib/gcc/arm-none-eabi/9.3.1/../../../../arm-none-eabi/lib/thumb/v7e-m+fp/hard\libc_nano.a(lib_a-memset.o)
                              c:/st/stm32cubeide_1.4.0/stm32cubeide/plugins/com.st.stm32cube.ide.mcu.externaltools.gnu-tools-for-stm32.9-2020-q2-update.win32_2.0.0.202105311346/tools/bin/../lib/gcc/arm-none-eabi/9.3.1/../../../../arm-none-eabi/lib/thumb/v7e-m+fp/hard/crt0.o (memset)
c:/st/stm32cubeide_1.4.0/stm32cubeide/plugins/com.st.stm32cube.ide.mcu.externaltools.gnu-tools-for-stm32.9-2020-q2-update.win32_2.0.0.202105311346/tools/bin/../lib/gcc/arm-none-eabi/9.3.1/../../../../arm-none-eabi/lib/thumb/v7e-m+fp/hard\libc_nano.a(lib_a-strlen.o)
                              ./Core/Src/GFX_EnhancedFonts.o (strlen)
c:/st/stm32cubeide_1.4.0/stm32cubeide/plugins/com.st.stm32cube.ide.mcu.externaltools.gnu-tools-for-stm32.9-2020-q2-update.win32_2.0.0.202105311346/tools/bin/../lib/gcc/arm-none-eabi/9.3.1/thumb/v7e-m+fp/hard\libgcc.a(_arm_muldf3.o)
                              ./Core/Src/XPT2046.o (__aeabi_dmul)
c:/st/stm32cubeide_1.4.0/stm32cubeide/plugins/com.st.stm32cube.ide.mcu.externaltools.gnu-tools-for-stm32.9-2020-q2-update.win32_2.0.0.202105311346/tools/bin/../lib/gcc/arm-none-eabi/9.3.1/thumb/v7e-m+fp/hard\libgcc.a(_arm_addsubdf3.o)
                              ./Core/Src/XPT2046.o (__aeabi_dadd)
c:/st/stm32cubeide_1.4.0/stm32cubeide/plugins/com.st.stm32cube.ide.mcu.externaltools.gnu-tools-for-stm32.9-2020-q2-update.win32_2.0.0.202105311346/tools/bin/../lib/gcc/arm-none-eabi/9.3.1/thumb/v7e-m+fp/hard\libgcc.a(_arm_fixunsdfsi.o)
                              ./Core/Src/XPT2046.o (__aeabi_d2uiz)
c:/st/stm32cubeide_1.4.0/stm32cubeide/plugins/com.st.stm32cube.ide.mcu.externaltools.gnu-tools-for-stm32.9-2020-q2-update.win32_2.0.0.202105311346/tools/bin/../lib/gcc/arm-none-eabi/9.3.1/thumb/v7e-m+fp/hard\libgcc.a(_aeabi_uldivmod.o)
                              ./Drivers/STM32F4xx_HAL_Driver/Src/stm32f4xx_hal_rcc.o (__aeabi_uldivmod)
c:/st/stm32cubeide_1.4.0/stm32cubeide/plugins/com.st.stm32cube.ide.mcu.externaltools.gnu-tools-for-stm32.9-2020-q2-update.win32_2.0.0.202105311346/tools/bin/../lib/gcc/arm-none-eabi/9.3.1/thumb/v7e-m+fp/hard\libgcc.a(_udivmoddi4.o)
                              c:/st/stm32cubeide_1.4.0/stm32cubeide/plugins/com.st.stm32cube.ide.mcu.externaltools.gnu-tools-for-stm32.9-2020-q2-update.win32_2.0.0.202105311346/tools/bin/../lib/gcc/arm-none-eabi/9.3.1/thumb/v7e-m+fp/hard\libgcc.a(_aeabi_uldivmod.o) (__udivmoddi4)
c:/st/stm32cubeide_1.4.0/stm32cubeide/plugins/com.st.stm32cube.ide.mcu.externaltools.gnu-tools-for-stm32.9-2020-q2-update.win32_2.0.0.202105311346/tools/bin/../lib/gcc/arm-none-eabi/9.3.1/thumb/v7e-m+fp/hard\libgcc.a(_dvmd_tls.o)
[...]
Memory Configuration

Name             Origin             Length             Attributes
RAM              0x0000000020000000 0x0000000000020000 xrw
FLASH            0x0000000008000000 0x0000000000080000 xr
*default*        0x0000000000000000 0xffffffffffffffff

Linker script and memory map

LOAD c:/st/stm32cubeide_1.4.0/stm32cubeide/plugins/com.st.stm32cube.ide.mcu.externaltools.gnu-tools-for-stm32.9-2020-q2-update.win32_2.0.0.202105311346/tools/bin/../lib/gcc/arm-none-eabi/9.3.1/thumb/v7e-m+fp/hard/crti.o
LOAD c:/st/stm32cubeide_1.4.0/stm32cubeide/plugins/com.st.stm32cube.ide.mcu.externaltools.gnu-tools-for-stm32.9-2020-q2-update.win32_2.0.0.202105311346/tools/bin/../lib/gcc/arm-none-eabi/9.3.1/thumb/v7e-m+fp/hard/crtbegin.o
LOAD c:/st/stm32cubeide_1.4.0/stm32cubeide/plugins/com.st.stm32cube.ide.mcu.externaltools.gnu-tools-for-stm32.9-2020-q2-update.win32_2.0.0.202105311346/tools/bin/../lib/gcc/arm-none-eabi/9.3.1/../../../../arm-none-eabi/lib/thumb/v7e-m+fp/hard/crt0.o
LOAD ./Core/Src/EnhancedFonts/arialBlack_20ptFontinfo.o
LOAD ./Core/Src/GFX_Color.o
LOAD ./Core/Src/GFX_EnhancedFonts.o
LOAD ./Core/Src/TFT_ILI9341.o
LOAD ./Core/Src/XPT2046.o
LOAD ./Core/Src/gpio.o
LOAD ./Core/Src/main.o
LOAD ./Core/Src/paint.o
LOAD ./Core/Src/spi.o
LOAD ./Core/Src/stm32f4xx_hal_msp.o
LOAD ./Core/Src/stm32f4xx_it.o
LOAD ./Core/Src/syscalls.o
LOAD ./Core/Src/sysmem.o
LOAD ./Core/Src/system_stm32f4xx.o
LOAD ./Core/Src/usart.o
LOAD ./Core/Startup/startup_stm32f446retx.o
LOAD ./Drivers/STM32F4xx_HAL_Driver/Src/stm32f4xx_hal.o
LOAD ./Drivers/STM32F4xx_HAL_Driver/Src/stm32f4xx_hal_cortex.o
LOAD ./Drivers/STM32F4xx_HAL_Driver/Src/stm32f4xx_hal_dma.o
LOAD ./Drivers/STM32F4xx_HAL_Driver/Src/stm32f4xx_hal_dma_ex.o
LOAD ./Drivers/STM32F4xx_HAL_Driver/Src/stm32f4xx_hal_exti.o
LOAD ./Drivers/STM32F4xx_HAL_Driver/Src/stm32f4xx_hal_flash.o
LOAD ./Drivers/STM32F4xx_HAL_Driver/Src/stm32f4xx_hal_flash_ex.o
LOAD ./Drivers/STM32F4xx_HAL_Driver/Src/stm32f4xx_hal_flash_ramfunc.o
LOAD ./Drivers/STM32F4xx_HAL_Driver/Src/stm32f4xx_hal_gpio.o
LOAD ./Drivers/STM32F4xx_HAL_Driver/Src/stm32f4xx_hal_pwr.o
LOAD ./Drivers/STM32F4xx_HAL_Driver/Src/stm32f4xx_hal_pwr_ex.o
LOAD ./Drivers/STM32F4xx_HAL_Driver/Src/stm32f4xx_hal_rcc.o
LOAD ./Drivers/STM32F4xx_HAL_Driver/Src/stm32f4xx_hal_rcc_ex.o
LOAD ./Drivers/STM32F4xx_HAL_Driver/Src/stm32f4xx_hal_spi.o
LOAD ./Drivers/STM32F4xx_HAL_Driver/Src/stm32f4xx_hal_tim.o
LOAD ./Drivers/STM32F4xx_HAL_Driver/Src/stm32f4xx_hal_tim_ex.o
LOAD ./Drivers/STM32F4xx_HAL_Driver/Src/stm32f4xx_hal_uart.o
START GROUP
LOAD c:/st/stm32cubeide_1.4.0/stm32cubeide/plugins/com.st.stm32cube.ide.mcu.externaltools.gnu-tools-for-stm32.9-2020-q2-update.win32_2.0.0.202105311346/tools/bin/../lib/gcc/arm-none-eabi/9.3.1/../../../../arm-none-eabi/lib/thumb/v7e-m+fp/hard\libc_nano.a
LOAD c:/st/stm32cubeide_1.4.0/stm32cubeide/plugins/com.st.stm32cube.ide.mcu.externaltools.gnu-tools-for-stm32.9-2020-q2-update.win32_2.0.0.202105311346/tools/bin/../lib/gcc/arm-none-eabi/9.3.1/../../../../arm-none-eabi/lib/thumb/v7e-m+fp/hard\libm.a
END GROUP
START GROUP
LOAD c:/st/stm32cubeide_1.4.0/stm32cubeide/plugins/com.st.stm32cube.ide.mcu.externaltools.gnu-tools-for-stm32.9-2020-q2-update.win32_2.0.0.202105311346/tools/bin/../lib/gcc/arm-none-eabi/9.3.1/thumb/v7e-m+fp/hard\libgcc.a
LOAD c:/st/stm32cubeide_1.4.0/stm32cubeide/plugins/com.st.stm32cube.ide.mcu.externaltools.gnu-tools-for-stm32.9-2020-q2-update.win32_2.0.0.202105311346/tools/bin/../lib/gcc/arm-none-eabi/9.3.1/../../../../arm-none-eabi/lib/thumb/v7e-m+fp/hard\libc_nano.a
END GROUP
START GROUP
LOAD c:/st/stm32cubeide_1.4.0/stm32cubeide/plugins/com.st.stm32cube.ide.mcu.externaltools.gnu-tools-for-stm32.9-2020-q2-update.win32_2.0.0.202105311346/tools/bin/../lib/gcc/arm-none-eabi/9.3.1/thumb/v7e-m+fp/hard\libgcc.a
LOAD c:/st/stm32cubeide_1.4.0/stm32cubeide/plugins/com.st.stm32cube.ide.mcu.externaltools.gnu-tools-for-stm32.9-2020-q2-update.win32_2.0.0.202105311346/tools/bin/../lib/gcc/arm-none-eabi/9.3.1/../../../../arm-none-eabi/lib/thumb/v7e-m+fp/hard\libc_nano.a
LOAD c:/st/stm32cubeide_1.4.0/stm32cubeide/plugins/com.st.stm32cube.ide.mcu.externaltools.gnu-tools-for-stm32.9-2020-q2-update.win32_2.0.0.202105311346/tools/bin/../lib/gcc/arm-none-eabi/9.3.1/../../../../arm-none-eabi/lib/thumb/v7e-m+fp/hard\libnosys.a
END GROUP
START GROUP
LOAD c:/st/stm32cubeide_1.4.0/stm32cubeide/plugins/com.st.stm32cube.ide.mcu.externaltools.gnu-tools-for-stm32.9-2020-q2-update.win32_2.0.0.202105311346/tools/bin/../lib/gcc/arm-none-eabi/9.3.1/thumb/v7e-m+fp/hard\libgcc.a
LOAD c:/st/stm32cubeide_1.4.0/stm32cubeide/plugins/com.st.stm32cube.ide.mcu.externaltools.gnu-tools-for-stm32.9-2020-q2-update.win32_2.0.0.202105311346/tools/bin/../lib/gcc/arm-none-eabi/9.3.1/../../../../arm-none-eabi/lib/thumb/v7e-m+fp/hard\libc_nano.a
LOAD c:/st/stm32cubeide_1.4.0/stm32cubeide/plugins/com.st.stm32cube.ide.mcu.externaltools.gnu-tools-for-stm32.9-2020-q2-update.win32_2.0.0.202105311346/tools/bin/../lib/gcc/arm-none-eabi/9.3.1/../../../../arm-none-eabi/lib/thumb/v7e-m+fp/hard\libnosys.a
END GROUP
LOAD c:/st/stm32cubeide_1.4.0/stm32cubeide/plugins/com.st.stm32cube.ide.mcu.externaltools.gnu-tools-for-stm32.9-2020-q2-update.win32_2.0.0.202105311346/tools/bin/../lib/gcc/arm-none-eabi/9.3.1/thumb/v7e-m+fp/hard/crtend.o
LOAD c:/st/stm32cubeide_1.4.0/stm32cubeide/plugins/com.st.stm32cube.ide.mcu.externaltools.gnu-tools-for-stm32.9-2020-q2-update.win32_2.0.0.202105311346/tools/bin/../lib/gcc/arm-none-eabi/9.3.1/thumb/v7e-m+fp/hard/crtn.o
                0x0000000020020000                _estack = (ORIGIN (RAM) + LENGTH (RAM))
                0x0000000000000200                _Min_Heap_Size = 0x200
                0x0000000000000400                _Min_Stack_Size = 0x400

.isr_vector     0x0000000008000000      0x1c4
                0x0000000008000000                . = ALIGN (0x4)
 *(.isr_vector)
 .isr_vector    0x0000000008000000      0x1c4 ./Core/Startup/startup_stm32f446retx.o
                0x0000000008000000                g_pfnVectors
                0x00000000080001c4                . = ALIGN (0x4)

.text           0x00000000080001c4     0x4158
                0x00000000080001c4                . = ALIGN (0x4)
 *(.text)
 .text          0x00000000080001c4       0x40 c:/st/stm32cubeide_1.4.0/stm32cubeide/plugins/com.st.stm32cube.ide.mcu.externaltools.gnu-tools-for-stm32.9-2020-q2-update.win32_2.0.0.202105311346/tools/bin/../lib/gcc/arm-none-eabi/9.3.1/thumb/v7e-m+fp/hard/crtbegin.o
 .text          0x0000000008000204       0x10 c:/st/stm32cubeide_1.4.0/stm32cubeide/plugins/com.st.stm32cube.ide.mcu.externaltools.gnu-tools-for-stm32.9-2020-q2-update.win32_2.0.0.202105311346/tools/bin/../lib/gcc/arm-none-eabi/9.3.1/../../../../arm-none-eabi/lib/thumb/v7e-m+fp/hard\libc_nano.a(lib_a-strlen.o)
                0x0000000008000204                strlen
 .text          0x0000000008000214      0x254 c:/st/stm32cubeide_1.4.0/stm32cubeide/plugins/com.st.stm32cube.ide.mcu.externaltools.gnu-tools-for-stm32.9-2020-q2-update.win32_2.0.0.202105311346/tools/bin/../lib/gcc/arm-none-eabi/9.3.1/thumb/v7e-m+fp/hard\libgcc.a(_arm_muldf3.o)
                0x0000000008000214                __muldf3
                0x0000000008000214                __aeabi_dmul
 .text          0x0000000008000468      0x378 c:/st/stm32cubeide_1.4.0/stm32cubeide/plugins/com.st.stm32cube.ide.mcu.externaltools.gnu-tools-for-stm32.9-2020-q2-update.win32_2.0.0.202105311346/tools/bin/../lib/gcc/arm-none-eabi/9.3.1/thumb/v7e-m+fp/hard\libgcc.a(_arm_addsubdf3.o)
                0x0000000008000468                __aeabi_drsub
                0x0000000008000470                __aeabi_dsub
                0x0000000008000470                __subdf3
                0x0000000008000474                __aeabi_dadd
                0x0000000008000474                __adddf3
                0x00000000080006ec                __floatunsidf
                0x00000000080006ec                __aeabi_ui2d
                0x000000000800070c                __floatsidf
                0x000000000800070c                __aeabi_i2d
                0x0000000008000730                __aeabi_f2d
                0x0000000008000730                __extendsfdf2
                0x0000000008000774                __floatundidf
                0x0000000008000774                __aeabi_ul2d
                0x0000000008000784                __floatdidf
                0x0000000008000784                __aeabi_l2d
 .text          0x00000000080007e0       0x40 c:/st/stm32cubeide_1.4.0/stm32cubeide/plugins/com.st.stm32cube.ide.mcu.externaltools.gnu-tools-for-stm32.9-2020-q2-update.win32_2.0.0.202105311346/tools/bin/../lib/gcc/arm-none-eabi/9.3.1/thumb/v7e-m+fp/hard\libgcc.a(_arm_fixunsdfsi.o)
                0x00000000080007e0                __aeabi_d2uiz
                0x00000000080007e0                __fixunsdfsi
 .text          0x0000000008000820       0x30 c:/st/stm32cubeide_1.4.0/stm32cubeide/plugins/com.st.stm32cube.ide.mcu.externaltools.gnu-tools-for-stm32.9-2020-q2-update.win32_2.0.0.202105311346/tools/bin/../lib/gcc/arm-none-eabi/9.3.1/thumb/v7e-m+fp/hard\libgcc.a(_aeabi_uldivmod.o)
                0x0000000008000820                __aeabi_uldivmod
 .text          0x0000000008000850      0x2c4 c:/st/stm32cubeide_1.4.0/stm32cubeide/plugins/com.st.stm32cube.ide.mcu.externaltools.gnu-tools-for-stm32.9-2020-q2-update.win32_2.0.0.202105311346/tools/bin/../lib/gcc/arm-none-eabi/9.3.1/thumb/v7e-m+fp/hard\libgcc.a(_udivmoddi4.o)
                0x0000000008000850                __udivmoddi4
 .text          0x0000000008000b14        0x4 c:/st/stm32cubeide_1.4.0/stm32cubeide/plugins/com.st.stm32cube.ide.mcu.externaltools.gnu-tools-for-stm32.9-2020-q2-update.win32_2.0.0.202105311346/tools/bin/../lib/gcc/arm-none-eabi/9.3.1/thumb/v7e-m+fp/hard\libgcc.a(_dvmd_tls.o)
                0x0000000008000b14                __aeabi_idiv0
                0x0000000008000b14                __aeabi_ldiv0
 *(.text*)
 .text.GFX_SetFont
                0x0000000008000b18       0x20 ./Core/Src/GFX_Color.o
                0x0000000008000b18                GFX_SetFont
 .text.GFX_WriteLine
                0x0000000008000b38      0x11a ./Core/Src/GFX_Color.o
                0x0000000008000b38                GFX_WriteLine
 .text.GFX_DrawFastVLine
                0x0000000008000c52       0x2e ./Core/Src/GFX_Color.o
                0x0000000008000c52                GFX_DrawFastVLine
 .text.GFX_DrawFastHLine
                0x0000000008000c80       0x2c ./Core/Src/GFX_Color.o
                0x0000000008000c80                GFX_DrawFastHLine
 .text.GFX_DrawRectangle
                0x0000000008000cac       0x5a ./Core/Src/GFX_Color.o
                0x0000000008000cac                GFX_DrawRectangle
 .text.GFX_DrawFillRectangle
                0x0000000008000d06       0x44 ./Core/Src/GFX_Color.o
                0x0000000008000d06                GFX_DrawFillRectangle
 .text.GFX_DrawFillCircleHelper
                0x0000000008000d4a      0x13a ./Core/Src/GFX_Color.o
                0x0000000008000d4a                GFX_DrawFillCircleHelper
 .text.GFX_DrawFillCircle
                0x0000000008000e84       0x46 ./Core/Src/GFX_Color.o
                0x0000000008000e84                GFX_DrawFillCircle
 *fill*         0x0000000008000eca        0x2 
 .text.EF_SetFont
                0x0000000008000ecc       0x20 ./Core/Src/GFX_EnhancedFonts.o
                0x0000000008000ecc                EF_SetFont
 .text.EF_GetFontHeight
                0x0000000008000eec       0x18 ./Core/Src/GFX_EnhancedFonts.o
                0x0000000008000eec                EF_GetFontHeight
 .text.EF_GetFontStartChar
                0x0000000008000f04       0x18 ./Core/Src/GFX_EnhancedFonts.o
                0x0000000008000f04                EF_GetFontStartChar
 .text.EF_GetFontEndChar
                0x0000000008000f1c       0x18 ./Core/Src/GFX_EnhancedFonts.o
                0x0000000008000f1c                EF_GetFontEndChar
 .text.EF_GetFontSpaceWidth
                0x0000000008000f34       0x18 ./Core/Src/GFX_EnhancedFonts.o
                0x0000000008000f34                EF_GetFontSpaceWidth
 .text.EF_DecodePolish
                0x0000000008000f4c      0x1f8 ./Core/Src/GFX_EnhancedFonts.o
                0x0000000008000f4c                EF_DecodePolish
 .text.EF_PutChar
                0x0000000008001144      0x1bc ./Core/Src/GFX_EnhancedFonts.o
                0x0000000008001144                EF_PutChar
 .text.EF_PutString
                0x0000000008001300      0x102 ./Core/Src/GFX_EnhancedFonts.o
                0x0000000008001300                EF_PutString
 .text.ILI9341_Delay
                0x0000000008001402       0x16 ./Core/Src/TFT_ILI9341.o
 .text.ILI9341_SendToTFT
                0x0000000008001418       0x60 ./Core/Src/TFT_ILI9341.o
 .text.ILI9341_SendCommand
                0x0000000008001478       0x44 ./Core/Src/TFT_ILI9341.o
 .text.ILI9341_SendCommandAndData
                0x00000000080014bc       0x5c ./Core/Src/TFT_ILI9341.o
 .text.ILI9341_SetRotation
                0x0000000008001518       0x5c ./Core/Src/TFT_ILI9341.o
                0x0000000008001518                ILI9341_SetRotation
 .text.ILI9341_SetAddrWindow
                0x0000000008001574       0x9a ./Core/Src/TFT_ILI9341.o
                0x0000000008001574                ILI9341_SetAddrWindow
 .text.ILI9341_WritePixel
                0x000000000800160e       0x66 ./Core/Src/TFT_ILI9341.o
                0x000000000800160e                ILI9341_WritePixel
 .text.ILI9341_ClearDisplay
                0x0000000008001674       0xb8 ./Core/Src/TFT_ILI9341.o
                0x0000000008001674                ILI9341_ClearDisplay
 .text.ILI9341_Init
                0x000000000800172c       0xa8 ./Core/Src/TFT_ILI9341.o
                0x000000000800172c                ILI9341_Init
 .text.XPT2046_GetRawData
                0x00000000080017d4       0x48 ./Core/Src/XPT2046.o
                0x00000000080017d4                XPT2046_GetRawData
 .text.XPT2046_ReadRawData
                0x000000000800181c       0x4c ./Core/Src/XPT2046.o
                0x000000000800181c                XPT2046_ReadRawData
 .text.XPT2046_ReadTouchPoint
                0x0000000008001868      0x120 ./Core/Src/XPT2046.o
                0x0000000008001868                XPT2046_ReadTouchPoint
 .text.XPT2046_GetTouchPoint
                0x0000000008001988       0x6c ./Core/Src/XPT2046.o
                0x0000000008001988                XPT2046_GetTouchPoint
 .text.XPT2046_IsTouched
                0x00000000080019f4       0x24 ./Core/Src/XPT2046.o
                0x00000000080019f4                XPT2046_IsTouched
 .text.XPT2046_Task
                0x0000000008001a18      0x178 ./Core/Src/XPT2046.o
                0x0000000008001a18                XPT2046_Task
 .text.XPT2046_IRQ
                0x0000000008001b90       0x18 ./Core/Src/XPT2046.o
                0x0000000008001b90                XPT2046_IRQ
 .text.XPT2046_Init
                0x0000000008001ba8       0xa0 ./Core/Src/XPT2046.o
                0x0000000008001ba8                XPT2046_Init
 .text.MX_GPIO_Init
                0x0000000008001c48      0x150 ./Core/Src/gpio.o
                0x0000000008001c48                MX_GPIO_Init
 .text.main     0x0000000008001d98       0x5c ./Core/Src/main.o
                0x0000000008001d98                main
 .text.SystemClock_Config
                0x0000000008001df4       0xdc ./Core/Src/main.o
                0x0000000008001df4                SystemClock_Config
 .text.MX_NVIC_Init
                0x0000000008001ed0       0x18 ./Core/Src/main.o
 .text.HAL_GPIO_EXTI_Callback
                0x0000000008001ee8       0x1e ./Core/Src/main.o
                0x0000000008001ee8                HAL_GPIO_EXTI_Callback
 .text.Error_Handler
                0x0000000008001f06        0xa ./Core/Src/main.o
                0x0000000008001f06                Error_Handler
 .text.ColorIndicator
                0x0000000008001f10       0x1c ./Core/Src/paint.o
 .text.ClearButton
                0x0000000008001f2c       0x3c ./Core/Src/paint.o
 .text.ColorButtons
                0x0000000008001f68       0x48 ./Core/Src/paint.o
 .text.IsColorButtonTouched
                0x0000000008001fb0       0x64 ./Core/Src/paint.o
 .text.IsClearButtonTouched
                0x0000000008002014       0x3c ./Core/Src/paint.o
                0x0000000008002014                IsClearButtonTouched
 .text.InitScreen
                0x0000000008002050       0x58 ./Core/Src/paint.o
 .text.DrawScreen
                0x00000000080020a8       0x9c ./Core/Src/paint.o
 .text.DrawClear
                0x0000000008002144       0x3c ./Core/Src/paint.o
                0x0000000008002144                DrawClear
 .text.Paint    0x0000000008002180       0x34 ./Core/Src/paint.o
                0x0000000008002180                Paint
 .text.MX_SPI1_Init
                0x00000000080021b4       0x6c ./Core/Src/spi.o
                0x00000000080021b4                MX_SPI1_Init
 .text.MX_SPI3_Init
                0x0000000008002220       0x6c ./Core/Src/spi.o
                0x0000000008002220                MX_SPI3_Init
 .text.HAL_SPI_MspInit
                0x000000000800228c       0xfc ./Core/Src/spi.o
                0x000000000800228c                HAL_SPI_MspInit
 .text.HAL_MspInit
                0x0000000008002388       0x50 ./Core/Src/stm32f4xx_hal_msp.o
                0x0000000008002388                HAL_MspInit
 .text.NMI_Handler
                0x00000000080023d8        0x6 ./Core/Src/stm32f4xx_it.o
                0x00000000080023d8                NMI_Handler
 .text.HardFault_Handler
                0x00000000080023de        0x6 ./Core/Src/stm32f4xx_it.o
                0x00000000080023de                HardFault_Handler
 .text.MemManage_Handler
                0x00000000080023e4        0x6 ./Core/Src/stm32f4xx_it.o
                0x00000000080023e4                MemManage_Handler
 .text.BusFault_Handler
                0x00000000080023ea        0x6 ./Core/Src/stm32f4xx_it.o
                0x00000000080023ea                BusFault_Handler
 .text.UsageFault_Handler
                0x00000000080023f0        0x6 ./Core/Src/stm32f4xx_it.o
                0x00000000080023f0                UsageFault_Handler
 .text.SVC_Handler
                0x00000000080023f6        0xe ./Core/Src/stm32f4xx_it.o
                0x00000000080023f6                SVC_Handler
 .text.DebugMon_Handler
                0x0000000008002404        0xe ./Core/Src/stm32f4xx_it.o
                0x0000000008002404                DebugMon_Handler
 .text.PendSV_Handler
                0x0000000008002412        0xe ./Core/Src/stm32f4xx_it.o
                0x0000000008002412                PendSV_Handler
 .text.SysTick_Handler
                0x0000000008002420        0xc ./Core/Src/stm32f4xx_it.o
                0x0000000008002420                SysTick_Handler
 .text.EXTI9_5_IRQHandler
                0x000000000800242c       0x10 ./Core/Src/stm32f4xx_it.o
                0x000000000800242c                EXTI9_5_IRQHandler
 .text.SystemInit
                0x000000000800243c       0x24 ./Core/Src/system_stm32f4xx.o
                0x000000000800243c                SystemInit
 .text.MX_USART2_UART_Init
                0x0000000008002460       0x54 ./Core/Src/usart.o
                0x0000000008002460                MX_USART2_UART_Init
 .text.HAL_UART_MspInit
                0x00000000080024b4       0x90 ./Core/Src/usart.o
                0x00000000080024b4                HAL_UART_MspInit
 .text.Reset_Handler
                0x0000000008002544       0x50 ./Core/Startup/startup_stm32f446retx.o
                0x0000000008002544                Reset_Handler
 .text.Default_Handler
                0x0000000008002594        0x2 ./Core/Startup/startup_stm32f446retx.o
                0x0000000008002594                RTC_Alarm_IRQHandler
                0x0000000008002594                EXTI2_IRQHandler
                0x0000000008002594                TIM8_CC_IRQHandler
                0x0000000008002594                FMPI2C1_EV_IRQHandler
                0x0000000008002594                SPI4_IRQHandler
                0x0000000008002594                TIM1_CC_IRQHandler
                0x0000000008002594                DMA2_Stream5_IRQHandler
                0x0000000008002594                DMA1_Stream5_IRQHandler
                0x0000000008002594                PVD_IRQHandler
                0x0000000008002594                SDIO_IRQHandler
                0x0000000008002594                TAMP_STAMP_IRQHandler
                0x0000000008002594                CAN2_RX1_IRQHandler
                0x0000000008002594                EXTI3_IRQHandler
                0x0000000008002594                TIM8_TRG_COM_TIM14_IRQHandler
                0x0000000008002594                TIM1_UP_TIM10_IRQHandler
                0x0000000008002594                TIM8_UP_TIM13_IRQHandler
                0x0000000008002594                I2C3_ER_IRQHandler
                0x0000000008002594                EXTI0_IRQHandler
                0x0000000008002594                I2C2_EV_IRQHandler
                0x0000000008002594                DMA1_Stream2_IRQHandler
                0x0000000008002594                CAN1_RX0_IRQHandler
                0x0000000008002594                FPU_IRQHandler
                0x0000000008002594                OTG_HS_WKUP_IRQHandler
                0x0000000008002594                CAN2_SCE_IRQHandler
                0x0000000008002594                DMA2_Stream2_IRQHandler
                0x0000000008002594                SPI1_IRQHandler
                0x0000000008002594                TIM6_DAC_IRQHandler
                0x0000000008002594                TIM1_BRK_TIM9_IRQHandler
                0x0000000008002594                DCMI_IRQHandler
                0x0000000008002594                CAN2_RX0_IRQHandler
                0x0000000008002594                DMA2_Stream3_IRQHandler
                0x0000000008002594                SAI2_IRQHandler
                0x0000000008002594                USART6_IRQHandler
                0x0000000008002594                USART3_IRQHandler
                0x0000000008002594                CAN1_RX1_IRQHandler
                0x0000000008002594                UART5_IRQHandler
                0x0000000008002594                DMA2_Stream0_IRQHandler
                0x0000000008002594                TIM4_IRQHandler
                0x0000000008002594                QUADSPI_IRQHandler
                0x0000000008002594                I2C1_EV_IRQHandler
                0x0000000008002594                DMA1_Stream6_IRQHandler
                0x0000000008002594                DMA1_Stream1_IRQHandler
                0x0000000008002594                UART4_IRQHandler
                0x0000000008002594                TIM3_IRQHandler
                0x0000000008002594                RCC_IRQHandler
                0x0000000008002594                TIM8_BRK_TIM12_IRQHandler
                0x0000000008002594                Default_Handler
                0x0000000008002594                CEC_IRQHandler
                0x0000000008002594                EXTI15_10_IRQHandler
                0x0000000008002594                ADC_IRQHandler
                0x0000000008002594                DMA1_Stream7_IRQHandler
                0x0000000008002594                TIM7_IRQHandler
                0x0000000008002594                CAN2_TX_IRQHandler
                0x0000000008002594                TIM5_IRQHandler
                0x0000000008002594                DMA2_Stream7_IRQHandler
                0x0000000008002594                I2C3_EV_IRQHandler
                0x0000000008002594                RTC_WKUP_IRQHandler
                0x0000000008002594                SPDIF_RX_IRQHandler
                0x0000000008002594                SPI2_IRQHandler
                0x0000000008002594                OTG_HS_EP1_IN_IRQHandler
                0x0000000008002594                DMA1_Stream0_IRQHandler
                0x0000000008002594                CAN1_TX_IRQHandler
                0x0000000008002594                FMPI2C1_ER_IRQHandler
                0x0000000008002594                EXTI4_IRQHandler
                0x0000000008002594                OTG_HS_EP1_OUT_IRQHandler
                0x0000000008002594                WWDG_IRQHandler
                0x0000000008002594                TIM2_IRQHandler
                0x0000000008002594                OTG_FS_WKUP_IRQHandler
                0x0000000008002594                TIM1_TRG_COM_TIM11_IRQHandler
                0x0000000008002594                OTG_HS_IRQHandler
                0x0000000008002594                EXTI1_IRQHandler
                0x0000000008002594                USART2_IRQHandler
                0x0000000008002594                I2C2_ER_IRQHandler
                0x0000000008002594                DMA2_Stream1_IRQHandler
                0x0000000008002594                CAN1_SCE_IRQHandler
                0x0000000008002594                FLASH_IRQHandler
                0x0000000008002594                DMA2_Stream4_IRQHandler
                0x0000000008002594                USART1_IRQHandler
                0x0000000008002594                OTG_FS_IRQHandler
                0x0000000008002594                SPI3_IRQHandler
                0x0000000008002594                DMA1_Stream4_IRQHandler
                0x0000000008002594                I2C1_ER_IRQHandler
                0x0000000008002594                FMC_IRQHandler
                0x0000000008002594                DMA2_Stream6_IRQHandler
                0x0000000008002594                SAI1_IRQHandler
                0x0000000008002594                DMA1_Stream3_IRQHandler
 *fill*         0x0000000008002596        0x2 
 .text.HAL_Init
                0x0000000008002598       0x44 ./Drivers/STM32F4xx_HAL_Driver/Src/stm32f4xx_hal.o
                0x0000000008002598                HAL_Init
 .text.HAL_InitTick
                0x00000000080025dc       0x60 ./Drivers/STM32F4xx_HAL_Driver/Src/stm32f4xx_hal.o
                0x00000000080025dc                HAL_InitTick
 .text.HAL_IncTick
                0x000000000800263c       0x28 ./Drivers/STM32F4xx_HAL_Driver/Src/stm32f4xx_hal.o
                0x000000000800263c                HAL_IncTick
 .text.HAL_GetTick
                0x0000000008002664       0x18 ./Drivers/STM32F4xx_HAL_Driver/Src/stm32f4xx_hal.o
                0x0000000008002664                HAL_GetTick
 .text.HAL_Delay
                0x000000000800267c       0x48 ./Drivers/STM32F4xx_HAL_Driver/Src/stm32f4xx_hal.o
                0x000000000800267c                HAL_Delay
 .text.__NVIC_SetPriorityGrouping
                0x00000000080026c4       0x48 ./Drivers/STM32F4xx_HAL_Driver/Src/stm32f4xx_hal_cortex.o
 .text.__NVIC_GetPriorityGrouping
                0x000000000800270c       0x1c ./Drivers/STM32F4xx_HAL_Driver/Src/stm32f4xx_hal_cortex.o
 .text.__NVIC_EnableIRQ
                0x0000000008002728       0x3c ./Drivers/STM32F4xx_HAL_Driver/Src/stm32f4xx_hal_cortex.o
 .text.__NVIC_DisableIRQ
                0x0000000008002764       0x48 ./Drivers/STM32F4xx_HAL_Driver/Src/stm32f4xx_hal_cortex.o
 .text.__NVIC_GetPendingIRQ
                0x00000000080027ac       0x44 ./Drivers/STM32F4xx_HAL_Driver/Src/stm32f4xx_hal_cortex.o
 .text.__NVIC_ClearPendingIRQ
                0x00000000080027f0       0x3c ./Drivers/STM32F4xx_HAL_Driver/Src/stm32f4xx_hal_cortex.o
 .text.__NVIC_SetPriority
                0x000000000800282c       0x54 ./Drivers/STM32F4xx_HAL_Driver/Src/stm32f4xx_hal_cortex.o
 .text.NVIC_EncodePriority
                0x0000000008002880       0x66 ./Drivers/STM32F4xx_HAL_Driver/Src/stm32f4xx_hal_cortex.o
 *fill*         0x00000000080028e6        0x2 
 .text.SysTick_Config
                0x00000000080028e8       0x44 ./Drivers/STM32F4xx_HAL_Driver/Src/stm32f4xx_hal_cortex.o
 .text.HAL_NVIC_SetPriorityGrouping
                0x000000000800292c       0x16 ./Drivers/STM32F4xx_HAL_Driver/Src/stm32f4xx_hal_cortex.o
                0x000000000800292c                HAL_NVIC_SetPriorityGrouping
 .text.HAL_NVIC_SetPriority
                0x0000000008002942       0x38 ./Drivers/STM32F4xx_HAL_Driver/Src/stm32f4xx_hal_cortex.o
                0x0000000008002942                HAL_NVIC_SetPriority
 .text.HAL_NVIC_EnableIRQ
                0x000000000800297a       0x1c ./Drivers/STM32F4xx_HAL_Driver/Src/stm32f4xx_hal_cortex.o
                0x000000000800297a                HAL_NVIC_EnableIRQ
 .text.HAL_NVIC_DisableIRQ
                0x0000000008002996       0x1c ./Drivers/STM32F4xx_HAL_Driver/Src/stm32f4xx_hal_cortex.o
                0x0000000008002996                HAL_NVIC_DisableIRQ
 .text.HAL_SYSTICK_Config
                0x00000000080029b2       0x18 ./Drivers/STM32F4xx_HAL_Driver/Src/stm32f4xx_hal_cortex.o
                0x00000000080029b2                HAL_SYSTICK_Config
 .text.HAL_NVIC_GetPendingIRQ
                0x00000000080029ca       0x1e ./Drivers/STM32F4xx_HAL_Driver/Src/stm32f4xx_hal_cortex.o
                0x00000000080029ca                HAL_NVIC_GetPendingIRQ
 .text.HAL_NVIC_ClearPendingIRQ
                0x00000000080029e8       0x1c ./Drivers/STM32F4xx_HAL_Driver/Src/stm32f4xx_hal_cortex.o
                0x00000000080029e8                HAL_NVIC_ClearPendingIRQ
 .text.HAL_GPIO_Init
                0x0000000008002a04      0x328 ./Drivers/STM32F4xx_HAL_Driver/Src/stm32f4xx_hal_gpio.o
                0x0000000008002a04                HAL_GPIO_Init
 .text.HAL_GPIO_ReadPin
                0x0000000008002d2c       0x30 ./Drivers/STM32F4xx_HAL_Driver/Src/stm32f4xx_hal_gpio.o
                0x0000000008002d2c                HAL_GPIO_ReadPin
 .text.HAL_GPIO_WritePin
                0x0000000008002d5c       0x32 ./Drivers/STM32F4xx_HAL_Driver/Src/stm32f4xx_hal_gpio.o
                0x0000000008002d5c                HAL_GPIO_WritePin
 *fill*         0x0000000008002d8e        0x2 
 .text.HAL_GPIO_EXTI_IRQHandler
                0x0000000008002d90       0x30 ./Drivers/STM32F4xx_HAL_Driver/Src/stm32f4xx_hal_gpio.o
                0x0000000008002d90                HAL_GPIO_EXTI_IRQHandler
 .text.HAL_RCC_ClockConfig
                0x0000000008002dc0      0x1cc ./Drivers/STM32F4xx_HAL_Driver/Src/stm32f4xx_hal_rcc.o
                0x0000000008002dc0                HAL_RCC_ClockConfig
 .text.HAL_RCC_GetHCLKFreq
                0x0000000008002f8c       0x18 ./Drivers/STM32F4xx_HAL_Driver/Src/stm32f4xx_hal_rcc.o
                0x0000000008002f8c                HAL_RCC_GetHCLKFreq
 .text.HAL_RCC_GetPCLK1Freq
                0x0000000008002fa4       0x28 ./Drivers/STM32F4xx_HAL_Driver/Src/stm32f4xx_hal_rcc.o
                0x0000000008002fa4                HAL_RCC_GetPCLK1Freq
 .text.HAL_RCC_GetPCLK2Freq
                0x0000000008002fcc       0x28 ./Drivers/STM32F4xx_HAL_Driver/Src/stm32f4xx_hal_rcc.o
                0x0000000008002fcc                HAL_RCC_GetPCLK2Freq
 .text.HAL_RCC_GetSysClockFreq
                0x0000000008002ff4      0x364 ./Drivers/STM32F4xx_HAL_Driver/Src/stm32f4xx_hal_rcc_ex.o
                0x0000000008002ff4                HAL_RCC_GetSysClockFreq
 .text.HAL_RCC_OscConfig
                0x0000000008003358      0x53c ./Drivers/STM32F4xx_HAL_Driver/Src/stm32f4xx_hal_rcc_ex.o
                0x0000000008003358                HAL_RCC_OscConfig
 .text.HAL_SPI_Init
                0x0000000008003894      0x112 ./Drivers/STM32F4xx_HAL_Driver/Src/stm32f4xx_hal_spi.o
                0x0000000008003894                HAL_SPI_Init
 .text.HAL_SPI_TransmitReceive
                0x00000000080039a6      0x344 ./Drivers/STM32F4xx_HAL_Driver/Src/stm32f4xx_hal_spi.o
                0x00000000080039a6                HAL_SPI_TransmitReceive
 *fill*         0x0000000008003cea        0x2 
 .text.SPI_WaitFlagStateUntilTimeout
                0x0000000008003cec      0x110 ./Drivers/STM32F4xx_HAL_Driver/Src/stm32f4xx_hal_spi.o
 .text.SPI_EndRxTxTransaction
                0x0000000008003dfc       0x84 ./Drivers/STM32F4xx_HAL_Driver/Src/stm32f4xx_hal_spi.o
 .text.HAL_UART_Init
                0x0000000008003e80       0x9a ./Drivers/STM32F4xx_HAL_Driver/Src/stm32f4xx_hal_uart.o
                0x0000000008003e80                HAL_UART_Init
 *fill*         0x0000000008003f1a        0x2 
 .text.UART_SetConfig
                0x0000000008003f1c      0x390 ./Drivers/STM32F4xx_HAL_Driver/Src/stm32f4xx_hal_uart.o
 .text.__libc_init_array
                0x00000000080042ac       0x48 c:/st/stm32cubeide_1.4.0/stm32cubeide/plugins/com.st.stm32cube.ide.mcu.externaltools.gnu-tools-for-stm32.9-2020-q2-update.win32_2.0.0.202105311346/tools/bin/../lib/gcc/arm-none-eabi/9.3.1/../../../../arm-none-eabi/lib/thumb/v7e-m+fp/hard\libc_nano.a(lib_a-init.o)
                0x00000000080042ac                __libc_init_array
 .text.memset   0x00000000080042f4       0x10 c:/st/stm32cubeide_1.4.0/stm32cubeide/plugins/com.st.stm32cube.ide.mcu.externaltools.gnu-tools-for-stm32.9-2020-q2-update.win32_2.0.0.202105311346/tools/bin/../lib/gcc/arm-none-eabi/9.3.1/../../../../arm-none-eabi/lib/thumb/v7e-m+fp/hard\libc_nano.a(lib_a-memset.o)
                0x00000000080042f4                memset
 *(.glue_7)
 .glue_7        0x0000000008004304        0x0 linker stubs
 *(.glue_7t)
 .glue_7t       0x0000000008004304        0x0 linker stubs
 *(.eh_frame)
 .eh_frame      0x0000000008004304        0x0 c:/st/stm32cubeide_1.4.0/stm32cubeide/plugins/com.st.stm32cube.ide.mcu.externaltools.gnu-tools-for-stm32.9-2020-q2-update.win32_2.0.0.202105311346/tools/bin/../lib/gcc/arm-none-eabi/9.3.1/thumb/v7e-m+fp/hard/crtbegin.o
 *(.init)
 .init          0x0000000008004304        0x4 c:/st/stm32cubeide_1.4.0/stm32cubeide/plugins/com.st.stm32cube.ide.mcu.externaltools.gnu-tools-for-stm32.9-2020-q2-update.win32_2.0.0.202105311346/tools/bin/../lib/gcc/arm-none-eabi/9.3.1/thumb/v7e-m+fp/hard/crti.o
                0x0000000008004304                _init
 .init          0x0000000008004308        0x8 c:/st/stm32cubeide_1.4.0/stm32cubeide/plugins/com.st.stm32cube.ide.mcu.externaltools.gnu-tools-for-stm32.9-2020-q2-update.win32_2.0.0.202105311346/tools/bin/../lib/gcc/arm-none-eabi/9.3.1/thumb/v7e-m+fp/hard/crtn.o
 *(.fini)
 .fini          0x0000000008004310        0x4 c:/st/stm32cubeide_1.4.0/stm32cubeide/plugins/com.st.stm32cube.ide.mcu.externaltools.gnu-tools-for-stm32.9-2020-q2-update.win32_2.0.0.202105311346/tools/bin/../lib/gcc/arm-none-eabi/9.3.1/thumb/v7e-m+fp/hard/crti.o
                0x0000000008004310                _fini
 .fini          0x0000000008004314        0x8 c:/st/stm32cubeide_1.4.0/stm32cubeide/plugins/com.st.stm32cube.ide.mcu.externaltools.gnu-tools-for-stm32.9-2020-q2-update.win32_2.0.0.202105311346/tools/bin/../lib/gcc/arm-none-eabi/9.3.1/thumb/v7e-m+fp/hard/crtn.o
                0x000000000800431c                . = ALIGN (0x4)
                0x000000000800431c                _etext = .

.vfp11_veneer   0x000000000800431c        0x0
 .vfp11_veneer  0x000000000800431c        0x0 linker stubs

.v4_bx          0x000000000800431c        0x0
 .v4_bx         0x000000000800431c        0x0 linker stubs

.iplt           0x000000000800431c        0x0
 .iplt          0x000000000800431c        0x0 c:/st/stm32cubeide_1.4.0/stm32cubeide/plugins/com.st.stm32cube.ide.mcu.externaltools.gnu-tools-for-stm32.9-2020-q2-update.win32_2.0.0.202105311346/tools/bin/../lib/gcc/arm-none-eabi/9.3.1/thumb/v7e-m+fp/hard/crtbegin.o

.rodata         0x000000000800431c     0x21f0
                0x000000000800431c                . = ALIGN (0x4)
 *(.rodata)
 .rodata        0x000000000800431c        0xe ./Core/Src/paint.o
 *(.rodata*)
 *fill*         0x000000000800432a        0x2 
 .rodata.arialBlack_20ptBitmaps
                0x000000000800432c     0x1dab ./Core/Src/EnhancedFonts/arialBlack_20ptFontinfo.o
                0x000000000800432c                arialBlack_20ptBitmaps
 *fill*         0x00000000080060d7        0x1 
 .rodata.arialBlack_20ptDescriptors
                0x00000000080060d8      0x1c0 ./Core/Src/EnhancedFonts/arialBlack_20ptFontinfo.o
                0x00000000080060d8                arialBlack_20ptDescriptors
 .rodata.arialBlack_20ptFontInfo
                0x0000000008006298        0xc ./Core/Src/EnhancedFonts/arialBlack_20ptFontinfo.o
                0x0000000008006298                arialBlack_20ptFontInfo
 .rodata.initcmd
                0x00000000080062a4       0x6f ./Core/Src/TFT_ILI9341.o
 *fill*         0x0000000008006313        0x1 
 .rodata.font_8x5
                0x0000000008006314      0x1dd ./Core/Src/main.o
                0x0000000008006314                font_8x5
 *fill*         0x00000000080064f1        0x3 
 .rodata.AHBPrescTable
                0x00000000080064f4       0x10 ./Core/Src/system_stm32f4xx.o
                0x00000000080064f4                AHBPrescTable
 .rodata.APBPrescTable
                0x0000000008006504        0x8 ./Core/Src/system_stm32f4xx.o
                0x0000000008006504                APBPrescTable
                0x000000000800650c                . = ALIGN (0x4)

.ARM.extab      0x000000000800650c        0x0
                0x000000000800650c                . = ALIGN (0x4)
 *(.ARM.extab* .gnu.linkonce.armextab.*)
                0x000000000800650c                . = ALIGN (0x4)

.ARM            0x000000000800650c        0x8
                0x000000000800650c                . = ALIGN (0x4)
                0x000000000800650c                __exidx_start = .
 *(.ARM.exidx*)
 .ARM.exidx     0x000000000800650c        0x8 c:/st/stm32cubeide_1.4.0/stm32cubeide/plugins/com.st.stm32cube.ide.mcu.externaltools.gnu-tools-for-stm32.9-2020-q2-update.win32_2.0.0.202105311346/tools/bin/../lib/gcc/arm-none-eabi/9.3.1/thumb/v7e-m+fp/hard\libgcc.a(_udivmoddi4.o)
                0x0000000008006514                __exidx_end = .
                0x0000000008006514                . = ALIGN (0x4)

.rel.dyn        0x0000000008006514        0x0
 .rel.iplt      0x0000000008006514        0x0 c:/st/stm32cubeide_1.4.0/stm32cubeide/plugins/com.st.stm32cube.ide.mcu.externaltools.gnu-tools-for-stm32.9-2020-q2-update.win32_2.0.0.202105311346/tools/bin/../lib/gcc/arm-none-eabi/9.3.1/thumb/v7e-m+fp/hard/crtbegin.o

.preinit_array  0x0000000008006514        0x0
                0x0000000008006514                . = ALIGN (0x4)
                0x0000000008006514                PROVIDE (__preinit_array_start = .)
 *(.preinit_array*)
                0x0000000008006514                PROVIDE (__preinit_array_end = .)
                0x0000000008006514                . = ALIGN (0x4)

.init_array     0x0000000008006514        0x4
                0x0000000008006514                . = ALIGN (0x4)
                0x0000000008006514                PROVIDE (__init_array_start = .)
 *(SORT_BY_NAME(.init_array.*))
 *(.init_array*)
 .init_array    0x0000000008006514        0x4 c:/st/stm32cubeide_1.4.0/stm32cubeide/plugins/com.st.stm32cube.ide.mcu.externaltools.gnu-tools-for-stm32.9-2020-q2-update.win32_2.0.0.202105311346/tools/bin/../lib/gcc/arm-none-eabi/9.3.1/thumb/v7e-m+fp/hard/crtbegin.o
                0x0000000008006518                PROVIDE (__init_array_end = .)
                0x0000000008006518                . = ALIGN (0x4)

.fini_array     0x0000000008006518        0x4
                0x0000000008006518                . = ALIGN (0x4)
                [!provide]                        PROVIDE (__fini_array_start = .)
 *(SORT_BY_NAME(.fini_array.*))
 *(.fini_array*)
 .fini_array    0x0000000008006518        0x4 c:/st/stm32cubeide_1.4.0/stm32cubeide/plugins/com.st.stm32cube.ide.mcu.externaltools.gnu-tools-for-stm32.9-2020-q2-update.win32_2.0.0.202105311346/tools/bin/../lib/gcc/arm-none-eabi/9.3.1/thumb/v7e-m+fp/hard/crtbegin.o
                [!provide]                        PROVIDE (__fini_array_end = .)
                0x000000000800651c                . = ALIGN (0x4)
                0x000000000800651c                _sidata = LOADADDR (.data)

.data           0x0000000020000000       0x48 load address 0x000000000800651c
                0x0000000020000000                . = ALIGN (0x4)
                0x0000000020000000                _sdata = .
 *(.data)
 *(.data*)
 .data.CalibrationData
                0x0000000020000000       0x30 ./Core/Src/XPT2046.o
                0x0000000020000000                CalibrationData
 .data.UsedColors
                0x0000000020000030        0xa ./Core/Src/paint.o
 *fill*         0x000000002000003a        0x2 
 .data.SystemCoreClock
                0x000000002000003c        0x4 ./Core/Src/system_stm32f4xx.o
                0x000000002000003c                SystemCoreClock
 .data.uwTickPrio
                0x0000000020000040        0x4 ./Drivers/STM32F4xx_HAL_Driver/Src/stm32f4xx_hal.o
                0x0000000020000040                uwTickPrio
 .data.uwTickFreq
                0x0000000020000044        0x1 ./Drivers/STM32F4xx_HAL_Driver/Src/stm32f4xx_hal.o
                0x0000000020000044                uwTickFreq
 *(.RamFunc)
 *(.RamFunc*)
                0x0000000020000048                . = ALIGN (0x4)
 *fill*         0x0000000020000045        0x3 
                0x0000000020000048                _edata = .

.igot.plt       0x0000000020000048        0x0 load address 0x0000000008006564
 .igot.plt      0x0000000020000048        0x0 c:/st/stm32cubeide_1.4.0/stm32cubeide/plugins/com.st.stm32cube.ide.mcu.externaltools.gnu-tools-for-stm32.9-2020-q2-update.win32_2.0.0.202105311346/tools/bin/../lib/gcc/arm-none-eabi/9.3.1/thumb/v7e-m+fp/hard/crtbegin.o
                0x0000000020000048                . = ALIGN (0x4)

.bss            0x0000000020000048      0x164 load address 0x0000000008006564
                0x0000000020000048                _sbss = .
                0x0000000020000048                __bss_start__ = _sbss
 *(.bss)
 .bss           0x0000000020000048       0x1c c:/st/stm32cubeide_1.4.0/stm32cubeide/plugins/com.st.stm32cube.ide.mcu.externaltools.gnu-tools-for-stm32.9-2020-q2-update.win32_2.0.0.202105311346/tools/bin/../lib/gcc/arm-none-eabi/9.3.1/thumb/v7e-m+fp/hard/crtbegin.o
 *(.bss*)
 .bss.Xpt2046SpiHandler
                0x0000000020000064        0x4 ./Core/Src/XPT2046.o
 .bss.Xpt2046Irqn
                0x0000000020000068        0x1 ./Core/Src/XPT2046.o
 .bss.ChannelSettingsX
                0x0000000020000069        0x1 ./Core/Src/XPT2046.o
 .bss.ChannelSettingsY
                0x000000002000006a        0x1 ./Core/Src/XPT2046.o
 *fill*         0x000000002000006b        0x1 
 .bss.SendBuffer
                0x000000002000006c        0x5 ./Core/Src/XPT2046.o
 *fill*         0x0000000020000071        0x3 
 .bss.ReceiveBuffer
                0x0000000020000074        0x5 ./Core/Src/XPT2046.o
 .bss.CalibrationMode
                0x0000000020000079        0x1 ./Core/Src/XPT2046.o
 .bss.State     0x000000002000007a        0x1 ./Core/Src/paint.o
 *fill*         0x000000002000007b        0x1 
 .bss.CurrentColor
                0x000000002000007c        0x2 ./Core/Src/paint.o
 *(COMMON)
 *fill*         0x000000002000007e        0x2 
 COMMON         0x0000000020000080        0x4 ./Core/Src/GFX_Color.o
                0x0000000020000080                font
 COMMON         0x0000000020000084        0x4 ./Core/Src/GFX_EnhancedFonts.o
                0x0000000020000084                CurrentFont
 COMMON         0x0000000020000088        0x4 ./Core/Src/TFT_ILI9341.o
                0x0000000020000088                Tft_hspi
 COMMON         0x000000002000008c       0x28 ./Core/Src/XPT2046.o
                0x000000002000008c                TouchSamples
                0x00000000200000ac                SampleCounter
                0x00000000200000ad                TouchState
                0x00000000200000b0                SampleTimer
 COMMON         0x00000000200000b4       0xb0 ./Core/Src/spi.o
                0x00000000200000b4                hspi3
                0x000000002000010c                hspi1
 COMMON         0x0000000020000164       0x44 ./Core/Src/usart.o
                0x0000000020000164                huart2
 COMMON         0x00000000200001a8        0x4 ./Drivers/STM32F4xx_HAL_Driver/Src/stm32f4xx_hal.o
                0x00000000200001a8                uwTick
                0x00000000200001ac                . = ALIGN (0x4)
                0x00000000200001ac                _ebss = .
                0x00000000200001ac                __bss_end__ = _ebss

._user_heap_stack
                0x00000000200001ac      0x604 load address 0x0000000008006564
                0x00000000200001b0                . = ALIGN (0x8)
 *fill*         0x00000000200001ac        0x4 
                [!provide]                        PROVIDE (end = .)
                0x00000000200001b0                PROVIDE (_end = .)
                0x00000000200003b0                . = (. + _Min_Heap_Size)
 *fill*         0x00000000200001b0      0x200 
                0x00000000200007b0                . = (. + _Min_Stack_Size)
 *fill*         0x00000000200003b0      0x400 
                0x00000000200007b0                . = ALIGN (0x8)

/DISCARD/
 libc.a(*)
 libm.a(*)
 libgcc.a(*)

.ARM.attributes
                0x0000000000000000       0x30
 *(.ARM.attributes)
 .ARM.attributes
                0x0000000000000000       0x1e c:/st/stm32cubeide_1.4.0/stm32cubeide/plugins/com.st.stm32cube.ide.mcu.externaltools.gnu-tools-for-stm32.9-2020-q2-update.win32_2.0.0.202105311346/tools/bin/../lib/gcc/arm-none-eabi/9.3.1/thumb/v7e-m+fp/hard/crti.o
 .ARM.attributes
                0x000000000000001e       0x34 c:/st/stm32cubeide_1.4.0/stm32cubeide/plugins/com.st.stm32cube.ide.mcu.externaltools.gnu-tools-for-stm32.9-2020-q2-update.win32_2.0.0.202105311346/tools/bin/../lib/gcc/arm-none-eabi/9.3.1/thumb/v7e-m+fp/hard/crtbegin.o
 .ARM.attributes
                0x0000000000000052       0x39 ./Core/Src/EnhancedFonts/arialBlack_20ptFontinfo.o
 .ARM.attributes
                0x000000000000008b       0x34 ./Core/Src/GFX_Color.o
 .ARM.attributes
                0x00000000000000bf       0x34 ./Core/Src/GFX_EnhancedFonts.o
 .ARM.attributes
                0x00000000000000f3       0x34 ./Core/Src/TFT_ILI9341.o
 .ARM.attributes
                0x0000000000000127       0x34 ./Core/Src/XPT2046.o
 .ARM.attributes
                0x000000000000015b       0x34 ./Core/Src/gpio.o
 .ARM.attributes
                0x000000000000018f       0x34 ./Core/Src/main.o
 .ARM.attributes
                0x00000000000001c3       0x34 ./Core/Src/paint.o
 .ARM.attributes
                0x00000000000001f7       0x34 ./Core/Src/spi.o
 .ARM.attributes
                0x000000000000022b       0x34 ./Core/Src/stm32f4xx_hal_msp.o
 .ARM.attributes
                0x000000000000025f       0x34 ./Core/Src/stm32f4xx_it.o
 .ARM.attributes
                0x0000000000000293       0x34 ./Core/Src/system_stm32f4xx.o
 .ARM.attributes
                0x00000000000002c7       0x34 ./Core/Src/usart.o
 .ARM.attributes
                0x00000000000002fb       0x21 ./Core/Startup/startup_stm32f446retx.o
 .ARM.attributes
                0x000000000000031c       0x34 ./Drivers/STM32F4xx_HAL_Driver/Src/stm32f4xx_hal.o
 .ARM.attributes
                0x0000000000000350       0x34 ./Drivers/STM32F4xx_HAL_Driver/Src/stm32f4xx_hal_cortex.o
 .ARM.attributes
                0x0000000000000384       0x34 ./Drivers/STM32F4xx_HAL_Driver/Src/stm32f4xx_hal_gpio.o
 .ARM.attributes
                0x00000000000003b8       0x34 ./Drivers/STM32F4xx_HAL_Driver/Src/stm32f4xx_hal_rcc.o
 .ARM.attributes
                0x00000000000003ec       0x34 ./Drivers/STM32F4xx_HAL_Driver/Src/stm32f4xx_hal_rcc_ex.o
 .ARM.attributes
                0x0000000000000420       0x34 ./Drivers/STM32F4xx_HAL_Driver/Src/stm32f4xx_hal_spi.o
 .ARM.attributes
                0x0000000000000454       0x34 ./Drivers/STM32F4xx_HAL_Driver/Src/stm32f4xx_hal_uart.o
 .ARM.attributes
                0x0000000000000488       0x34 c:/st/stm32cubeide_1.4.0/stm32cubeide/plugins/com.st.stm32cube.ide.mcu.externaltools.gnu-tools-for-stm32.9-2020-q2-update.win32_2.0.0.202105311346/tools/bin/../lib/gcc/arm-none-eabi/9.3.1/../../../../arm-none-eabi/lib/thumb/v7e-m+fp/hard\libc_nano.a(lib_a-init.o)
 .ARM.attributes
                0x00000000000004bc       0x34 c:/st/stm32cubeide_1.4.0/stm32cubeide/plugins/com.st.stm32cube.ide.mcu.externaltools.gnu-tools-for-stm32.9-2020-q2-update.win32_2.0.0.202105311346/tools/bin/../lib/gcc/arm-none-eabi/9.3.1/../../../../arm-none-eabi/lib/thumb/v7e-m+fp/hard\libc_nano.a(lib_a-memset.o)
 .ARM.attributes
                0x00000000000004f0       0x17 c:/st/stm32cubeide_1.4.0/stm32cubeide/plugins/com.st.stm32cube.ide.mcu.externaltools.gnu-tools-for-stm32.9-2020-q2-update.win32_2.0.0.202105311346/tools/bin/../lib/gcc/arm-none-eabi/9.3.1/../../../../arm-none-eabi/lib/thumb/v7e-m+fp/hard\libc_nano.a(lib_a-strlen.o)
 .ARM.attributes
                0x0000000000000507       0x1e c:/st/stm32cubeide_1.4.0/stm32cubeide/plugins/com.st.stm32cube.ide.mcu.externaltools.gnu-tools-for-stm32.9-2020-q2-update.win32_2.0.0.202105311346/tools/bin/../lib/gcc/arm-none-eabi/9.3.1/thumb/v7e-m+fp/hard\libgcc.a(_arm_muldf3.o)
 .ARM.attributes
                0x0000000000000525       0x1e c:/st/stm32cubeide_1.4.0/stm32cubeide/plugins/com.st.stm32cube.ide.mcu.externaltools.gnu-tools-for-stm32.9-2020-q2-update.win32_2.0.0.202105311346/tools/bin/../lib/gcc/arm-none-eabi/9.3.1/thumb/v7e-m+fp/hard\libgcc.a(_arm_addsubdf3.o)
 .ARM.attributes
                0x0000000000000543       0x1e c:/st/stm32cubeide_1.4.0/stm32cubeide/plugins/com.st.stm32cube.ide.mcu.externaltools.gnu-tools-for-stm32.9-2020-q2-update.win32_2.0.0.202105311346/tools/bin/../lib/gcc/arm-none-eabi/9.3.1/thumb/v7e-m+fp/hard\libgcc.a(_arm_fixunsdfsi.o)
 .ARM.attributes
                0x0000000000000561       0x1e c:/st/stm32cubeide_1.4.0/stm32cubeide/plugins/com.st.stm32cube.ide.mcu.externaltools.gnu-tools-for-stm32.9-2020-q2-update.win32_2.0.0.202105311346/tools/bin/../lib/gcc/arm-none-eabi/9.3.1/thumb/v7e-m+fp/hard\libgcc.a(_aeabi_uldivmod.o)
 .ARM.attributes
                0x000000000000057f       0x34 c:/st/stm32cubeide_1.4.0/stm32cubeide/plugins/com.st.stm32cube.ide.mcu.externaltools.gnu-tools-for-stm32.9-2020-q2-update.win32_2.0.0.202105311346/tools/bin/../lib/gcc/arm-none-eabi/9.3.1/thumb/v7e-m+fp/hard\libgcc.a(_udivmoddi4.o)
 .ARM.attributes
                0x00000000000005b3       0x1e c:/st/stm32cubeide_1.4.0/stm32cubeide/plugins/com.st.stm32cube.ide.mcu.externaltools.gnu-tools-for-stm32.9-2020-q2-update.win32_2.0.0.202105311346/tools/bin/../lib/gcc/arm-none-eabi/9.3.1/thumb/v7e-m+fp/hard\libgcc.a(_dvmd_tls.o)
 .ARM.attributes
                0x00000000000005d1       0x1e c:/st/stm32cubeide_1.4.0/stm32cubeide/plugins/com.st.stm32cube.ide.mcu.externaltools.gnu-tools-for-stm32.9-2020-q2-update.win32_2.0.0.202105311346/tools/bin/../lib/gcc/arm-none-eabi/9.3.1/thumb/v7e-m+fp/hard/crtn.o
OUTPUT(R7_L31_SPITFTTouchPaint.elf elf32-littlearm)
LOAD linker stubs
LOAD c:/st/stm32cubeide_1.4.0/stm32cubeide/plugins/com.st.stm32cube.ide.mcu.externaltools.gnu-tools-for-stm32.9-2020-q2-update.win32_2.0.0.202105311346/tools/bin/../lib/gcc/arm-none-eabi/9.3.1/../../../../arm-none-eabi/lib/thumb/v7e-m+fp/hard\libc.a
LOAD c:/st/stm32cubeide_1.4.0/stm32cubeide/plugins/com.st.stm32cube.ide.mcu.externaltools.gnu-tools-for-stm32.9-2020-q2-update.win32_2.0.0.202105311346/tools/bin/../lib/gcc/arm-none-eabi/9.3.1/../../../../arm-none-eabi/lib/thumb/v7e-m+fp/hard\libm.a
LOAD c:/st/stm32cubeide_1.4.0/stm32cubeide/plugins/com.st.stm32cube.ide.mcu.externaltools.gnu-tools-for-stm32.9-2020-q2-update.win32_2.0.0.202105311346/tools/bin/../lib/gcc/arm-none-eabi/9.3.1/thumb/v7e-m+fp/hard\libgcc.a

.debug_info     0x0000000000000000    0x10203
 .debug_info    0x0000000000000000      0x29d ./Core/Src/EnhancedFonts/arialBlack_20ptFontinfo.o
 .debug_info    0x000000000000029d     0x1588 ./Core/Src/GFX_Color.o
 .debug_info    0x0000000000001825      0xda9 ./Core/Src/GFX_EnhancedFonts.o
 .debug_info    0x00000000000025ce      0xaa3 ./Core/Src/TFT_ILI9341.o
 .debug_info    0x0000000000003071      0xe2c ./Core/Src/XPT2046.o
 .debug_info    0x0000000000003e9d      0x54a ./Core/Src/gpio.o
 .debug_info    0x00000000000043e7     0x19df ./Core/Src/main.o
 .debug_info    0x0000000000005dc6      0x365 ./Core/Src/paint.o
 .debug_info    0x000000000000612b      0xaf8 ./Core/Src/spi.o
 .debug_info    0x0000000000006c23      0x3cc ./Core/Src/stm32f4xx_hal_msp.o
 .debug_info    0x0000000000006fef      0x24c ./Core/Src/stm32f4xx_it.o
 .debug_info    0x000000000000723b      0x5dc ./Core/Src/system_stm32f4xx.o
 .debug_info    0x0000000000007817      0xa3c ./Core/Src/usart.o
 .debug_info    0x0000000000008253       0x22 ./Core/Startup/startup_stm32f446retx.o
 .debug_info    0x0000000000008275      0xa08 ./Drivers/STM32F4xx_HAL_Driver/Src/stm32f4xx_hal.o
 .debug_info    0x0000000000008c7d      0xef5 ./Drivers/STM32F4xx_HAL_Driver/Src/stm32f4xx_hal_cortex.o
 .debug_info    0x0000000000009b72      0x892 ./Drivers/STM32F4xx_HAL_Driver/Src/stm32f4xx_hal_gpio.o
 .debug_info    0x000000000000a404      0x9db ./Drivers/STM32F4xx_HAL_Driver/Src/stm32f4xx_hal_rcc.o
 .debug_info    0x000000000000addf      0xa86 ./Drivers/STM32F4xx_HAL_Driver/Src/stm32f4xx_hal_rcc_ex.o
 .debug_info    0x000000000000b865     0x17c0 ./Drivers/STM32F4xx_HAL_Driver/Src/stm32f4xx_hal_spi.o
 .debug_info    0x000000000000d025     0x31de ./Drivers/STM32F4xx_HAL_Driver/Src/stm32f4xx_hal_uart.o

.debug_abbrev   0x0000000000000000     0x27cd
 .debug_abbrev  0x0000000000000000       0xf2 ./Core/Src/EnhancedFonts/arialBlack_20ptFontinfo.o
 .debug_abbrev  0x00000000000000f2      0x2d6 ./Core/Src/GFX_Color.o
 .debug_abbrev  0x00000000000003c8      0x26f ./Core/Src/GFX_EnhancedFonts.o
 .debug_abbrev  0x0000000000000637      0x257 ./Core/Src/TFT_ILI9341.o
 .debug_abbrev  0x000000000000088e      0x255 ./Core/Src/XPT2046.o
 .debug_abbrev  0x0000000000000ae3      0x14e ./Core/Src/gpio.o
 .debug_abbrev  0x0000000000000c31      0x2b6 ./Core/Src/main.o
 .debug_abbrev  0x0000000000000ee7      0x160 ./Core/Src/paint.o
 .debug_abbrev  0x0000000000001047      0x1bb ./Core/Src/spi.o
 .debug_abbrev  0x0000000000001202      0x11d ./Core/Src/stm32f4xx_hal_msp.o
 .debug_abbrev  0x000000000000131f       0xd2 ./Core/Src/stm32f4xx_it.o
 .debug_abbrev  0x00000000000013f1      0x145 ./Core/Src/system_stm32f4xx.o
 .debug_abbrev  0x0000000000001536      0x1bb ./Core/Src/usart.o
 .debug_abbrev  0x00000000000016f1       0x12 ./Core/Startup/startup_stm32f446retx.o
 .debug_abbrev  0x0000000000001703      0x1ed ./Drivers/STM32F4xx_HAL_Driver/Src/stm32f4xx_hal.o
 .debug_abbrev  0x00000000000018f0      0x33c ./Drivers/STM32F4xx_HAL_Driver/Src/stm32f4xx_hal_cortex.o
 .debug_abbrev  0x0000000000001c2c      0x1f1 ./Drivers/STM32F4xx_HAL_Driver/Src/stm32f4xx_hal_gpio.o
 .debug_abbrev  0x0000000000001e1d      0x275 ./Drivers/STM32F4xx_HAL_Driver/Src/stm32f4xx_hal_rcc.o
 .debug_abbrev  0x0000000000002092      0x1e2 ./Drivers/STM32F4xx_HAL_Driver/Src/stm32f4xx_hal_rcc_ex.o
 .debug_abbrev  0x0000000000002274      0x26e ./Drivers/STM32F4xx_HAL_Driver/Src/stm32f4xx_hal_spi.o
 .debug_abbrev  0x00000000000024e2      0x2eb ./Drivers/STM32F4xx_HAL_Driver/Src/stm32f4xx_hal_uart.o

.debug_aranges  0x0000000000000000      0xb40
 .debug_aranges
                0x0000000000000000       0x18 ./Core/Src/EnhancedFonts/arialBlack_20ptFontinfo.o
 .debug_aranges
                0x0000000000000018       0xc8 ./Core/Src/GFX_Color.o
 .debug_aranges
                0x00000000000000e0       0x58 ./Core/Src/GFX_EnhancedFonts.o
 .debug_aranges
                0x0000000000000138       0x68 ./Core/Src/TFT_ILI9341.o
 .debug_aranges
                0x00000000000001a0       0x70 ./Core/Src/XPT2046.o
 .debug_aranges
                0x0000000000000210       0x20 ./Core/Src/gpio.o
 .debug_aranges
                0x0000000000000230       0x40 ./Core/Src/main.o
 .debug_aranges
                0x0000000000000270       0x60 ./Core/Src/paint.o
 .debug_aranges
                0x00000000000002d0       0x38 ./Core/Src/spi.o
 .debug_aranges
                0x0000000000000308       0x20 ./Core/Src/stm32f4xx_hal_msp.o
 .debug_aranges
                0x0000000000000328       0x68 ./Core/Src/stm32f4xx_it.o
 .debug_aranges
                0x0000000000000390       0x28 ./Core/Src/system_stm32f4xx.o
 .debug_aranges
                0x00000000000003b8       0x30 ./Core/Src/usart.o
 .debug_aranges
                0x00000000000003e8       0x28 ./Core/Startup/startup_stm32f446retx.o
 .debug_aranges
                0x0000000000000410       0xf0 ./Drivers/STM32F4xx_HAL_Driver/Src/stm32f4xx_hal.o
 .debug_aranges
                0x0000000000000500      0x118 ./Drivers/STM32F4xx_HAL_Driver/Src/stm32f4xx_hal_cortex.o
 .debug_aranges
                0x0000000000000618       0x58 ./Drivers/STM32F4xx_HAL_Driver/Src/stm32f4xx_hal_gpio.o
 .debug_aranges
                0x0000000000000670       0x88 ./Drivers/STM32F4xx_HAL_Driver/Src/stm32f4xx_hal_rcc.o
 .debug_aranges
                0x00000000000006f8       0x78 ./Drivers/STM32F4xx_HAL_Driver/Src/stm32f4xx_hal_rcc_ex.o
 .debug_aranges
                0x0000000000000770      0x1d0 ./Drivers/STM32F4xx_HAL_Driver/Src/stm32f4xx_hal_spi.o
 .debug_aranges
                0x0000000000000940      0x200 ./Drivers/STM32F4xx_HAL_Driver/Src/stm32f4xx_hal_uart.o

.debug_macro    0x0000000000000000    0x228bc
 .debug_macro   0x0000000000000000      0x1dc ./Core/Src/EnhancedFonts/arialBlack_20ptFontinfo.o
 .debug_macro   0x00000000000001dc      0xaa8 ./Core/Src/EnhancedFonts/arialBlack_20ptFontinfo.o
 .debug_macro   0x0000000000000c84      0x29b ./Core/Src/EnhancedFonts/arialBlack_20ptFontinfo.o
 .debug_macro   0x0000000000000f1f       0x2e ./Core/Src/EnhancedFonts/arialBlack_20ptFontinfo.o
 .debug_macro   0x0000000000000f4d       0x28 ./Core/Src/EnhancedFonts/arialBlack_20ptFontinfo.o
 .debug_macro   0x0000000000000f75       0x22 ./Core/Src/EnhancedFonts/arialBlack_20ptFontinfo.o
 .debug_macro   0x0000000000000f97       0x8e ./Core/Src/EnhancedFonts/arialBlack_20ptFontinfo.o
 .debug_macro   0x0000000000001025       0x51 ./Core/Src/EnhancedFonts/arialBlack_20ptFontinfo.o
 .debug_macro   0x0000000000001076      0x103 ./Core/Src/EnhancedFonts/arialBlack_20ptFontinfo.o
 .debug_macro   0x0000000000001179       0x6a ./Core/Src/EnhancedFonts/arialBlack_20ptFontinfo.o
 .debug_macro   0x00000000000011e3      0x1df ./Core/Src/EnhancedFonts/arialBlack_20ptFontinfo.o
 .debug_macro   0x00000000000013c2       0x1c ./Core/Src/EnhancedFonts/arialBlack_20ptFontinfo.o
 .debug_macro   0x00000000000013de       0x22 ./Core/Src/EnhancedFonts/arialBlack_20ptFontinfo.o
 .debug_macro   0x0000000000001400       0xdf ./Core/Src/EnhancedFonts/arialBlack_20ptFontinfo.o
 .debug_macro   0x00000000000014df     0x102d ./Core/Src/EnhancedFonts/arialBlack_20ptFontinfo.o
 .debug_macro   0x000000000000250c      0x11f ./Core/Src/EnhancedFonts/arialBlack_20ptFontinfo.o
 .debug_macro   0x000000000000262b    0x16749 ./Core/Src/EnhancedFonts/arialBlack_20ptFontinfo.o
 .debug_macro   0x0000000000018d74       0x6d ./Core/Src/EnhancedFonts/arialBlack_20ptFontinfo.o
 .debug_macro   0x0000000000018de1     0x3666 ./Core/Src/EnhancedFonts/arialBlack_20ptFontinfo.o
 .debug_macro   0x000000000001c447      0x174 ./Core/Src/EnhancedFonts/arialBlack_20ptFontinfo.o
 .debug_macro   0x000000000001c5bb       0x5c ./Core/Src/EnhancedFonts/arialBlack_20ptFontinfo.o
 .debug_macro   0x000000000001c617      0xc90 ./Core/Src/EnhancedFonts/arialBlack_20ptFontinfo.o
 .debug_macro   0x000000000001d2a7      0x9fe ./Core/Src/EnhancedFonts/arialBlack_20ptFontinfo.o
 .debug_macro   0x000000000001dca5      0x116 ./Core/Src/EnhancedFonts/arialBlack_20ptFontinfo.o
 .debug_macro   0x000000000001ddbb      0x1a0 ./Core/Src/EnhancedFonts/arialBlack_20ptFontinfo.o
 .debug_macro   0x000000000001df5b       0xa5 ./Core/Src/EnhancedFonts/arialBlack_20ptFontinfo.o
 .debug_macro   0x000000000001e000      0x16d ./Core/Src/EnhancedFonts/arialBlack_20ptFontinfo.o
 .debug_macro   0x000000000001e16d      0x287 ./Core/Src/EnhancedFonts/arialBlack_20ptFontinfo.o
 .debug_macro   0x000000000001e3f4       0x5f ./Core/Src/EnhancedFonts/arialBlack_20ptFontinfo.o
 .debug_macro   0x000000000001e453      0x236 ./Core/Src/EnhancedFonts/arialBlack_20ptFontinfo.o
 .debug_macro   0x000000000001e689      0x132 ./Core/Src/EnhancedFonts/arialBlack_20ptFontinfo.o
 .debug_macro   0x000000000001e7bb      0x29c ./Core/Src/EnhancedFonts/arialBlack_20ptFontinfo.o
 .debug_macro   0x000000000001ea57       0x2e ./Core/Src/EnhancedFonts/arialBlack_20ptFontinfo.o
 .debug_macro   0x000000000001ea85      0x11a ./Core/Src/EnhancedFonts/arialBlack_20ptFontinfo.o
 .debug_macro   0x000000000001eb9f       0xe8 ./Core/Src/EnhancedFonts/arialBlack_20ptFontinfo.o
 .debug_macro   0x000000000001ec87       0x89 ./Core/Src/EnhancedFonts/arialBlack_20ptFontinfo.o
 .debug_macro   0x000000000001ed10      0x225 ./Core/Src/EnhancedFonts/arialBlack_20ptFontinfo.o
 .debug_macro   0x000000000001ef35      0x295 ./Core/Src/EnhancedFonts/arialBlack_20ptFontinfo.o
 .debug_macro   0x000000000001f1ca      0x126 ./Core/Src/EnhancedFonts/arialBlack_20ptFontinfo.o
 .debug_macro   0x000000000001f2f0       0x82 ./Core/Src/EnhancedFonts/arialBlack_20ptFontinfo.o
 .debug_macro   0x000000000001f372       0x10 ./Core/Src/EnhancedFonts/arialBlack_20ptFontinfo.o
 .debug_macro   0x000000000001f382      0x2b7 ./Core/Src/GFX_Color.o
 .debug_macro   0x000000000001f639       0x8e ./Core/Src/GFX_Color.o
 .debug_macro   0x000000000001f6c7      0x1d8 ./Core/Src/GFX_Color.o
 .debug_macro   0x000000000001f89f       0x18 ./Core/Src/GFX_Color.o
 .debug_macro   0x000000000001f8b7       0x52 ./Core/Src/GFX_Color.o
 .debug_macro   0x000000000001f909       0x3c ./Core/Src/GFX_Color.o
 .debug_macro   0x000000000001f945       0x34 ./Core/Src/GFX_Color.o
 .debug_macro   0x000000000001f979       0x16 ./Core/Src/GFX_Color.o
 .debug_macro   0x000000000001f98f       0x35 ./Core/Src/GFX_Color.o
 .debug_macro   0x000000000001f9c4       0x16 ./Core/Src/GFX_Color.o
 .debug_macro   0x000000000001f9da       0x43 ./Core/Src/GFX_Color.o
 .debug_macro   0x000000000001fa1d       0x34 ./Core/Src/GFX_Color.o
 .debug_macro   0x000000000001fa51       0x10 ./Core/Src/GFX_Color.o
 .debug_macro   0x000000000001fa61       0x58 ./Core/Src/GFX_Color.o
 .debug_macro   0x000000000001fab9       0x71 ./Core/Src/GFX_Color.o
 .debug_macro   0x000000000001fb2a       0x1c ./Core/Src/GFX_Color.o
 .debug_macro   0x000000000001fb46      0x12a ./Core/Src/GFX_Color.o
 .debug_macro   0x000000000001fc70      0x333 ./Core/Src/GFX_Color.o
 .debug_macro   0x000000000001ffa3       0x16 ./Core/Src/GFX_Color.o
 .debug_macro   0x000000000001ffb9       0x29 ./Core/Src/GFX_Color.o
 .debug_macro   0x000000000001ffe2      0x2bc ./Core/Src/GFX_EnhancedFonts.o
 .debug_macro   0x000000000002029e       0x10 ./Core/Src/GFX_EnhancedFonts.o
 .debug_macro   0x00000000000202ae       0x20 ./Core/Src/GFX_EnhancedFonts.o
 .debug_macro   0x00000000000202ce      0x206 ./Core/Src/TFT_ILI9341.o
 .debug_macro   0x00000000000204d4      0x1fa ./Core/Src/XPT2046.o
 .debug_macro   0x00000000000206ce       0x28 ./Core/Src/XPT2046.o
 .debug_macro   0x00000000000206f6      0x1dd ./Core/Src/gpio.o
 .debug_macro   0x00000000000208d3      0x3cd ./Core/Src/main.o
 .debug_macro   0x0000000000020ca0       0x10 ./Core/Src/main.o
 .debug_macro   0x0000000000020cb0       0x1c ./Core/Src/main.o
 .debug_macro   0x0000000000020ccc       0x10 ./Core/Src/main.o
 .debug_macro   0x0000000000020cdc       0x10 ./Core/Src/main.o
 .debug_macro   0x0000000000020cec       0x1c ./Core/Src/main.o
 .debug_macro   0x0000000000020d08       0x52 ./Core/Src/main.o
 .debug_macro   0x0000000000020d5a       0x22 ./Core/Src/main.o
 .debug_macro   0x0000000000020d7c       0x10 ./Core/Src/main.o
 .debug_macro   0x0000000000020d8c       0x40 ./Core/Src/main.o
 .debug_macro   0x0000000000020dcc       0xd5 ./Core/Src/main.o
 .debug_macro   0x0000000000020ea1       0x1c ./Core/Src/main.o
 .debug_macro   0x0000000000020ebd       0x3d ./Core/Src/main.o
 .debug_macro   0x0000000000020efa       0x16 ./Core/Src/main.o
 .debug_macro   0x0000000000020f10      0x145 ./Core/Src/main.o
 .debug_macro   0x0000000000021055      0x243 ./Core/Src/paint.o
 .debug_macro   0x0000000000021298      0x1dd ./Core/Src/spi.o
 .debug_macro   0x0000000000021475      0x1d3 ./Core/Src/stm32f4xx_hal_msp.o
 .debug_macro   0x0000000000021648      0x1dd ./Core/Src/stm32f4xx_it.o
 .debug_macro   0x0000000000021825      0x1c4 ./Core/Src/system_stm32f4xx.o
 .debug_macro   0x00000000000219e9      0x1dd ./Core/Src/usart.o
 .debug_macro   0x0000000000021bc6      0x224 ./Drivers/STM32F4xx_HAL_Driver/Src/stm32f4xx_hal.o
 .debug_macro   0x0000000000021dea      0x1c4 ./Drivers/STM32F4xx_HAL_Driver/Src/stm32f4xx_hal_cortex.o
 .debug_macro   0x0000000000021fae      0x1ca ./Drivers/STM32F4xx_HAL_Driver/Src/stm32f4xx_hal_gpio.o
 .debug_macro   0x0000000000022178      0x1e8 ./Drivers/STM32F4xx_HAL_Driver/Src/stm32f4xx_hal_rcc.o
 .debug_macro   0x0000000000022360      0x1c4 ./Drivers/STM32F4xx_HAL_Driver/Src/stm32f4xx_hal_rcc_ex.o
 .debug_macro   0x0000000000022524      0x1d3 ./Drivers/STM32F4xx_HAL_Driver/Src/stm32f4xx_hal_spi.o
 .debug_macro   0x00000000000226f7      0x1c5 ./Drivers/STM32F4xx_HAL_Driver/Src/stm32f4xx_hal_uart.o

.debug_line     0x0000000000000000     0xf9e4
 .debug_line    0x0000000000000000      0x6bf ./Core/Src/EnhancedFonts/arialBlack_20ptFontinfo.o
 .debug_line    0x00000000000006bf      0xe30 ./Core/Src/GFX_Color.o
 .debug_line    0x00000000000014ef      0xa7b ./Core/Src/GFX_EnhancedFonts.o
 .debug_line    0x0000000000001f6a      0x8cd ./Core/Src/TFT_ILI9341.o
 .debug_line    0x0000000000002837      0xb84 ./Core/Src/XPT2046.o
 .debug_line    0x00000000000033bb      0x6ec ./Core/Src/gpio.o
 .debug_line    0x0000000000003aa7      0xa55 ./Core/Src/main.o
 .debug_line    0x00000000000044fc      0x892 ./Core/Src/paint.o
 .debug_line    0x0000000000004d8e      0x794 ./Core/Src/spi.o
 .debug_line    0x0000000000005522      0x6ad ./Core/Src/stm32f4xx_hal_msp.o
 .debug_line    0x0000000000005bcf      0x787 ./Core/Src/stm32f4xx_it.o
 .debug_line    0x0000000000006356      0x72e ./Core/Src/system_stm32f4xx.o
 .debug_line    0x0000000000006a84      0x716 ./Core/Src/usart.o
 .debug_line    0x000000000000719a       0x88 ./Core/Startup/startup_stm32f446retx.o
 .debug_line    0x0000000000007222      0x994 ./Drivers/STM32F4xx_HAL_Driver/Src/stm32f4xx_hal.o
 .debug_line    0x0000000000007bb6      0xc43 ./Drivers/STM32F4xx_HAL_Driver/Src/stm32f4xx_hal_cortex.o
 .debug_line    0x00000000000087f9      0xaf6 ./Drivers/STM32F4xx_HAL_Driver/Src/stm32f4xx_hal_gpio.o
 .debug_line    0x00000000000092ef      0xd1c ./Drivers/STM32F4xx_HAL_Driver/Src/stm32f4xx_hal_rcc.o
 .debug_line    0x000000000000a00b     0x13a2 ./Drivers/STM32F4xx_HAL_Driver/Src/stm32f4xx_hal_rcc_ex.o
 .debug_line    0x000000000000b3ad     0x1c1c ./Drivers/STM32F4xx_HAL_Driver/Src/stm32f4xx_hal_spi.o
 .debug_line    0x000000000000cfc9     0x2a1b ./Drivers/STM32F4xx_HAL_Driver/Src/stm32f4xx_hal_uart.o

.debug_str      0x0000000000000000    0xcb6d1
 .debug_str     0x0000000000000000    0xc354d ./Core/Src/EnhancedFonts/arialBlack_20ptFontinfo.o
                                      0xc3808 (size before relaxing)
 .debug_str     0x00000000000c354d     0x3dd6 ./Core/Src/GFX_Color.o
                                      0xc7587 (size before relaxing)
 .debug_str     0x00000000000c7323      0x1e1 ./Core/Src/GFX_EnhancedFonts.o
                                      0xc74a7 (size before relaxing)
 .debug_str     0x00000000000c7504      0x597 ./Core/Src/TFT_ILI9341.o
                                      0xc44da (size before relaxing)
 .debug_str     0x00000000000c7a9b      0x82e ./Core/Src/XPT2046.o
                                      0xc4d84 (size before relaxing)
 .debug_str     0x00000000000c82c9      0x185 ./Core/Src/gpio.o
                                      0xc38cd (size before relaxing)
 .debug_str     0x00000000000c844e     0x12d2 ./Core/Src/main.o
                                      0xc9187 (size before relaxing)
 .debug_str     0x00000000000c9720      0x1fc ./Core/Src/paint.o
                                      0xc4375 (size before relaxing)
 .debug_str     0x00000000000c991c       0x58 ./Core/Src/spi.o
                                      0xc3d3d (size before relaxing)
 .debug_str     0x00000000000c9974       0x2c ./Core/Src/stm32f4xx_hal_msp.o
                                      0xc3830 (size before relaxing)
 .debug_str     0x00000000000c99a0       0xd0 ./Core/Src/stm32f4xx_it.o
                                      0xc37c0 (size before relaxing)
 .debug_str     0x00000000000c9a70       0xaf ./Core/Src/system_stm32f4xx.o
                                      0xc36bb (size before relaxing)
 .debug_str     0x00000000000c9b1f       0x57 ./Core/Src/usart.o
                                      0xc3d32 (size before relaxing)
 .debug_str     0x00000000000c9b76       0x36 ./Core/Startup/startup_stm32f446retx.o
                                         0x6a (size before relaxing)
 .debug_str     0x00000000000c9bac      0x583 ./Drivers/STM32F4xx_HAL_Driver/Src/stm32f4xx_hal.o
                                      0xc41de (size before relaxing)
 .debug_str     0x00000000000ca12f      0x388 ./Drivers/STM32F4xx_HAL_Driver/Src/stm32f4xx_hal_cortex.o
                                      0xc3fa8 (size before relaxing)
 .debug_str     0x00000000000ca4b7      0x122 ./Drivers/STM32F4xx_HAL_Driver/Src/stm32f4xx_hal_gpio.o
                                      0xc3862 (size before relaxing)
 .debug_str     0x00000000000ca5d9      0x259 ./Drivers/STM32F4xx_HAL_Driver/Src/stm32f4xx_hal_rcc.o
                                      0xc3ac2 (size before relaxing)
 .debug_str     0x00000000000ca832      0x324 ./Drivers/STM32F4xx_HAL_Driver/Src/stm32f4xx_hal_rcc_ex.o
                                      0xc3b1f (size before relaxing)
 .debug_str     0x00000000000cab56      0x57f ./Drivers/STM32F4xx_HAL_Driver/Src/stm32f4xx_hal_spi.o
                                      0xc3f3a (size before relaxing)
 .debug_str     0x00000000000cb0d5      0x5fc ./Drivers/STM32F4xx_HAL_Driver/Src/stm32f4xx_hal_uart.o
                                      0xc401e (size before relaxing)

.comment        0x0000000000000000       0x53
 .comment       0x0000000000000000       0x53 ./Core/Src/EnhancedFonts/arialBlack_20ptFontinfo.o
                                         0x54 (size before relaxing)
 .comment       0x0000000000000053       0x54 ./Core/Src/GFX_Color.o
 .comment       0x0000000000000053       0x54 ./Core/Src/GFX_EnhancedFonts.o
 .comment       0x0000000000000053       0x54 ./Core/Src/TFT_ILI9341.o
 .comment       0x0000000000000053       0x54 ./Core/Src/XPT2046.o
 .comment       0x0000000000000053       0x54 ./Core/Src/gpio.o
 .comment       0x0000000000000053       0x54 ./Core/Src/main.o
 .comment       0x0000000000000053       0x54 ./Core/Src/paint.o
 .comment       0x0000000000000053       0x54 ./Core/Src/spi.o
 .comment       0x0000000000000053       0x54 ./Core/Src/stm32f4xx_hal_msp.o
 .comment       0x0000000000000053       0x54 ./Core/Src/stm32f4xx_it.o
 .comment       0x0000000000000053       0x54 ./Core/Src/system_stm32f4xx.o
 .comment       0x0000000000000053       0x54 ./Core/Src/usart.o
 .comment       0x0000000000000053       0x54 ./Drivers/STM32F4xx_HAL_Driver/Src/stm32f4xx_hal.o
 .comment       0x0000000000000053       0x54 ./Drivers/STM32F4xx_HAL_Driver/Src/stm32f4xx_hal_cortex.o
 .comment       0x0000000000000053       0x54 ./Drivers/STM32F4xx_HAL_Driver/Src/stm32f4xx_hal_gpio.o
 .comment       0x0000000000000053       0x54 ./Drivers/STM32F4xx_HAL_Driver/Src/stm32f4xx_hal_rcc.o
 .comment       0x0000000000000053       0x54 ./Drivers/STM32F4xx_HAL_Driver/Src/stm32f4xx_hal_rcc_ex.o
 .comment       0x0000000000000053       0x54 ./Drivers/STM32F4xx_HAL_Driver/Src/stm32f4xx_hal_spi.o
 .comment       0x0000000000000053       0x54 ./Drivers/STM32F4xx_HAL_Driver/Src/stm32f4xx_hal_uart.o

.debug_ranges   0x0000000000000000      0xa20
 .debug_ranges  0x0000000000000000       0xb8 ./Core/Src/GFX_Color.o
 .debug_ranges  0x00000000000000b8       0x48 ./Core/Src/GFX_EnhancedFonts.o
 .debug_ranges  0x0000000000000100       0x58 ./Core/Src/TFT_ILI9341.o
 .debug_ranges  0x0000000000000158       0x60 ./Core/Src/XPT2046.o
 .debug_ranges  0x00000000000001b8       0x10 ./Core/Src/gpio.o
 .debug_ranges  0x00000000000001c8       0x30 ./Core/Src/main.o
 .debug_ranges  0x00000000000001f8       0x50 ./Core/Src/paint.o
 .debug_ranges  0x0000000000000248       0x28 ./Core/Src/spi.o
 .debug_ranges  0x0000000000000270       0x10 ./Core/Src/stm32f4xx_hal_msp.o
 .debug_ranges  0x0000000000000280       0x58 ./Core/Src/stm32f4xx_it.o
 .debug_ranges  0x00000000000002d8       0x18 ./Core/Src/system_stm32f4xx.o
 .debug_ranges  0x00000000000002f0       0x20 ./Core/Src/usart.o
 .debug_ranges  0x0000000000000310       0x20 ./Core/Startup/startup_stm32f446retx.o
 .debug_ranges  0x0000000000000330       0xe0 ./Drivers/STM32F4xx_HAL_Driver/Src/stm32f4xx_hal.o
 .debug_ranges  0x0000000000000410      0x108 ./Drivers/STM32F4xx_HAL_Driver/Src/stm32f4xx_hal_cortex.o
 .debug_ranges  0x0000000000000518       0x48 ./Drivers/STM32F4xx_HAL_Driver/Src/stm32f4xx_hal_gpio.o
 .debug_ranges  0x0000000000000560       0x78 ./Drivers/STM32F4xx_HAL_Driver/Src/stm32f4xx_hal_rcc.o
 .debug_ranges  0x00000000000005d8       0x68 ./Drivers/STM32F4xx_HAL_Driver/Src/stm32f4xx_hal_rcc_ex.o
 .debug_ranges  0x0000000000000640      0x1c0 ./Drivers/STM32F4xx_HAL_Driver/Src/stm32f4xx_hal_spi.o
 .debug_ranges  0x0000000000000800      0x220 ./Drivers/STM32F4xx_HAL_Driver/Src/stm32f4xx_hal_uart.o

.debug_frame    0x0000000000000000     0x2c94
 .debug_frame   0x0000000000000000      0x334 ./Core/Src/GFX_Color.o
 .debug_frame   0x0000000000000334      0x138 ./Core/Src/GFX_EnhancedFonts.o
 .debug_frame   0x000000000000046c      0x180 ./Core/Src/TFT_ILI9341.o
 .debug_frame   0x00000000000005ec      0x1a4 ./Core/Src/XPT2046.o
 .debug_frame   0x0000000000000790       0x34 ./Core/Src/gpio.o
 .debug_frame   0x00000000000007c4       0xa8 ./Core/Src/main.o
 .debug_frame   0x000000000000086c      0x14c ./Core/Src/paint.o
 .debug_frame   0x00000000000009b8       0x90 ./Core/Src/spi.o
 .debug_frame   0x0000000000000a48       0x34 ./Core/Src/stm32f4xx_hal_msp.o
 .debug_frame   0x0000000000000a7c      0x120 ./Core/Src/stm32f4xx_it.o
 .debug_frame   0x0000000000000b9c       0x58 ./Core/Src/system_stm32f4xx.o
 .debug_frame   0x0000000000000bf4       0x74 ./Core/Src/usart.o
 .debug_frame   0x0000000000000c68      0x374 ./Drivers/STM32F4xx_HAL_Driver/Src/stm32f4xx_hal.o
 .debug_frame   0x0000000000000fdc      0x498 ./Drivers/STM32F4xx_HAL_Driver/Src/stm32f4xx_hal_cortex.o
 .debug_frame   0x0000000000001474      0x14c ./Drivers/STM32F4xx_HAL_Driver/Src/stm32f4xx_hal_gpio.o
 .debug_frame   0x00000000000015c0      0x1f0 ./Drivers/STM32F4xx_HAL_Driver/Src/stm32f4xx_hal_rcc.o
 .debug_frame   0x00000000000017b0      0x1e8 ./Drivers/STM32F4xx_HAL_Driver/Src/stm32f4xx_hal_rcc_ex.o
 .debug_frame   0x0000000000001998      0x824 ./Drivers/STM32F4xx_HAL_Driver/Src/stm32f4xx_hal_spi.o
 .debug_frame   0x00000000000021bc      0x92c ./Drivers/STM32F4xx_HAL_Driver/Src/stm32f4xx_hal_uart.o
 .debug_frame   0x0000000000002ae8       0x2c c:/st/stm32cubeide_1.4.0/stm32cubeide/plugins/com.st.stm32cube.ide.mcu.externaltools.gnu-tools-for-stm32.9-2020-q2-update.win32_2.0.0.202105311346/tools/bin/../lib/gcc/arm-none-eabi/9.3.1/../../../../arm-none-eabi/lib/thumb/v7e-m+fp/hard\libc_nano.a(lib_a-init.o)
 .debug_frame   0x0000000000002b14       0x20 c:/st/stm32cubeide_1.4.0/stm32cubeide/plugins/com.st.stm32cube.ide.mcu.externaltools.gnu-tools-for-stm32.9-2020-q2-update.win32_2.0.0.202105311346/tools/bin/../lib/gcc/arm-none-eabi/9.3.1/../../../../arm-none-eabi/lib/thumb/v7e-m+fp/hard\libc_nano.a(lib_a-memset.o)
 .debug_frame   0x0000000000002b34       0x30 c:/st/stm32cubeide_1.4.0/stm32cubeide/plugins/com.st.stm32cube.ide.mcu.externaltools.gnu-tools-for-stm32.9-2020-q2-update.win32_2.0.0.202105311346/tools/bin/../lib/gcc/arm-none-eabi/9.3.1/thumb/v7e-m+fp/hard\libgcc.a(_arm_muldf3.o)
 .debug_frame   0x0000000000002b64       0xac c:/st/stm32cubeide_1.4.0/stm32cubeide/plugins/com.st.stm32cube.ide.mcu.externaltools.gnu-tools-for-stm32.9-2020-q2-update.win32_2.0.0.202105311346/tools/bin/../lib/gcc/arm-none-eabi/9.3.1/thumb/v7e-m+fp/hard\libgcc.a(_arm_addsubdf3.o)
 .debug_frame   0x0000000000002c10       0x24 c:/st/stm32cubeide_1.4.0/stm32cubeide/plugins/com.st.stm32cube.ide.mcu.externaltools.gnu-tools-for-stm32.9-2020-q2-update.win32_2.0.0.202105311346/tools/bin/../lib/gcc/arm-none-eabi/9.3.1/thumb/v7e-m+fp/hard\libgcc.a(_arm_fixunsdfsi.o)
 .debug_frame   0x0000000000002c34       0x2c c:/st/stm32cubeide_1.4.0/stm32cubeide/plugins/com.st.stm32cube.ide.mcu.externaltools.gnu-tools-for-stm32.9-2020-q2-update.win32_2.0.0.202105311346/tools/bin/../lib/gcc/arm-none-eabi/9.3.1/thumb/v7e-m+fp/hard\libgcc.a(_aeabi_uldivmod.o)
 .debug_frame   0x0000000000002c60       0x34 c:/st/stm32cubeide_1.4.0/stm32cubeide/plugins/com.st.stm32cube.ide.mcu.externaltools.gnu-tools-for-stm32.9-2020-q2-update.win32_2.0.0.202105311346/tools/bin/../lib/gcc/arm-none-eabi/9.3.1/thumb/v7e-m+fp/hard\libgcc.a(_udivmoddi4.o)
