Archive member included to satisfy reference by file (symbol)

c:/st/stm32cubeide_1.4.0/stm32cubeide/plugins/com.st.stm32cube.ide.mcu.externaltools.gnu-tools-for-stm32.9-2020-q2-update.win32_2.0.0.202105311346/tools/bin/../lib/gcc/arm-none-eabi/9.3.1/../../../../arm-none-eabi/lib/thumb/v7e-m+fp/hard\libc_nano.a(lib_a-errno.o)
                              ./Core/Src/syscalls.o (__errno)
c:/st/stm32cubeide_1.4.0/stm32cubeide/plugins/com.st.stm32cube.ide.mcu.externaltools.gnu-tools-for-stm32.9-2020-q2-update.win32_2.0.0.202105311346/tools/bin/../lib/gcc/arm-none-eabi/9.3.1/../../../../arm-none-eabi/lib/thumb/v7e-m+fp/hard\libc_nano.a(lib_a-exit.o)
                              c:/st/stm32cubeide_1.4.0/stm32cubeide/plugins/com.st.stm32cube.ide.mcu.externaltools.gnu-tools-for-stm32.9-2020-q2-update.win32_2.0.0.202105311346/tools/bin/../lib/gcc/arm-none-eabi/9.3.1/../../../../arm-none-eabi/lib/thumb/v7e-m+fp/hard/crt0.o (exit)
c:/st/stm32cubeide_1.4.0/stm32cubeide/plugins/com.st.stm32cube.ide.mcu.externaltools.gnu-tools-for-stm32.9-2020-q2-update.win32_2.0.0.202105311346/tools/bin/../lib/gcc/arm-none-eabi/9.3.1/../../../../arm-none-eabi/lib/thumb/v7e-m+fp/hard\libc_nano.a(lib_a-impure.o)
                              c:/st/stm32cubeide_1.4.0/stm32cubeide/plugins/com.st.stm32cube.ide.mcu.externaltools.gnu-tools-for-stm32.9-2020-q2-update.win32_2.0.0.202105311346/tools/bin/../lib/gcc/arm-none-eabi/9.3.1/../../../../arm-none-eabi/lib/thumb/v7e-m+fp/hard\libc_nano.a(lib_a-exit.o) (_global_impure_ptr)
c:/st/stm32cubeide_1.4.0/stm32cubeide/plugins/com.st.stm32cube.ide.mcu.externaltools.gnu-tools-for-stm32.9-2020-q2-update.win32_2.0.0.202105311346/tools/bin/../lib/gcc/arm-none-eabi/9.3.1/../../../../arm-none-eabi/lib/thumb/v7e-m+fp/hard\libc_nano.a(lib_a-init.o)
                              c:/st/stm32cubeide_1.4.0/stm32cubeide/plugins/com.st.stm32cube.ide.mcu.externaltools.gnu-tools-for-stm32.9-2020-q2-update.win32_2.0.0.202105311346/tools/bin/../lib/gcc/arm-none-eabi/9.3.1/../../../../arm-none-eabi/lib/thumb/v7e-m+fp/hard/crt0.o (__libc_init_array)
c:/st/stm32cubeide_1.4.0/stm32cubeide/plugins/com.st.stm32cube.ide.mcu.externaltools.gnu-tools-for-stm32.9-2020-q2-update.win32_2.0.0.202105311346/tools/bin/../lib/gcc/arm-none-eabi/9.3.1/../../../../arm-none-eabi/lib/thumb/v7e-m+fp/hard\libc_nano.a(lib_a-memset.o)
                              c:/st/stm32cubeide_1.4.0/stm32cubeide/plugins/com.st.stm32cube.ide.mcu.externaltools.gnu-tools-for-stm32.9-2020-q2-update.win32_2.0.0.202105311346/tools/bin/../lib/gcc/arm-none-eabi/9.3.1/../../../../arm-none-eabi/lib/thumb/v7e-m+fp/hard/crt0.o (memset)
c:/st/stm32cubeide_1.4.0/stm32cubeide/plugins/com.st.stm32cube.ide.mcu.externaltools.gnu-tools-for-stm32.9-2020-q2-update.win32_2.0.0.202105311346/tools/bin/../lib/gcc/arm-none-eabi/9.3.1/../../../../arm-none-eabi/lib/thumb/v7e-m+fp/hard\libc_nano.a(lib_a-strlen.o)
                              ./Core/Src/GFX_EnhancedFonts.o (strlen)
c:/st/stm32cubeide_1.4.0/stm32cubeide/plugins/com.st.stm32cube.ide.mcu.externaltools.gnu-tools-for-stm32.9-2020-q2-update.win32_2.0.0.202105311346/tools/bin/../lib/gcc/arm-none-eabi/9.3.1/thumb/v7e-m+fp/hard\libgcc.a(_aeabi_uldivmod.o)
                              ./Drivers/STM32F4xx_HAL_Driver/Src/stm32f4xx_hal_rcc.o (__aeabi_uldivmod)
c:/st/stm32cubeide_1.4.0/stm32cubeide/plugins/com.st.stm32cube.ide.mcu.externaltools.gnu-tools-for-stm32.9-2020-q2-update.win32_2.0.0.202105311346/tools/bin/../lib/gcc/arm-none-eabi/9.3.1/thumb/v7e-m+fp/hard\libgcc.a(_udivmoddi4.o)
                              c:/st/stm32cubeide_1.4.0/stm32cubeide/plugins/com.st.stm32cube.ide.mcu.externaltools.gnu-tools-for-stm32.9-2020-q2-update.win32_2.0.0.202105311346/tools/bin/../lib/gcc/arm-none-eabi/9.3.1/thumb/v7e-m+fp/hard\libgcc.a(_aeabi_uldivmod.o) (__udivmoddi4)
c:/st/stm32cubeide_1.4.0/stm32cubeide/plugins/com.st.stm32cube.ide.mcu.externaltools.gnu-tools-for-stm32.9-2020-q2-update.win32_2.0.0.202105311346/tools/bin/../lib/gcc/arm-none-eabi/9.3.1/thumb/v7e-m+fp/hard\libgcc.a(_dvmd_tls.o)
                              c:/st/stm32cubeide_1.4.0/stm32cubeide/plugins/com.st.stm32cube.ide.mcu.externaltools.gnu-tools-for-stm32.9-2020-q2-update.win32_2.0.0.202105311346/tools/bin/../lib/gcc/arm-none-eabi/9.3.1/thumb/v7e-m+fp/hard\libgcc.a(_aeabi_uldivmod.o) (__aeabi_ldiv0)

Allocating common symbols
Common symbol       size              file

Msg                 0x20              ./Core/Src/main.o
CurrentFont         0x4               ./Core/Src/GFX_EnhancedFonts.o
font                0x4               ./Core/Src/GFX_Color.o
uwTick              0x4               ./Drivers/STM32F4xx_HAL_Driver/Src/stm32f4xx_hal.o
pFlash              0x20              ./Drivers/STM32F4xx_HAL_Driver/Src/stm32f4xx_hal_flash.o
Tft_hspi            0x4               ./Core/Src/TFT_ILI9341.o
hspi1               0x58              ./Core/Src/spi.o
huart2              0x44              ./Core/Src/usart.o

Discarded input sections

[...]
Memory Configuration

Name             Origin             Length             Attributes
RAM              0x0000000020000000 0x0000000000020000 xrw
FLASH            0x0000000008000000 0x0000000000080000 xr
*default*        0x0000000000000000 0xffffffffffffffff

Linker script and memory map

LOAD c:/st/stm32cubeide_1.4.0/stm32cubeide/plugins/com.st.stm32cube.ide.mcu.externaltools.gnu-tools-for-stm32.9-2020-q2-update.win32_2.0.0.202105311346/tools/bin/../lib/gcc/arm-none-eabi/9.3.1/thumb/v7e-m+fp/hard/crti.o
LOAD c:/st/stm32cubeide_1.4.0/stm32cubeide/plugins/com.st.stm32cube.ide.mcu.externaltools.gnu-tools-for-stm32.9-2020-q2-update.win32_2.0.0.202105311346/tools/bin/../lib/gcc/arm-none-eabi/9.3.1/thumb/v7e-m+fp/hard/crtbegin.o
LOAD c:/st/stm32cubeide_1.4.0/stm32cubeide/plugins/com.st.stm32cube.ide.mcu.externaltools.gnu-tools-for-stm32.9-2020-q2-update.win32_2.0.0.202105311346/tools/bin/../lib/gcc/arm-none-eabi/9.3.1/../../../../arm-none-eabi/lib/thumb/v7e-m+fp/hard/crt0.o
LOAD ./Core/Src/EnhancedFonts/arialBlack_20ptFontinfo.o
LOAD ./Core/Src/GFX_Color.o
LOAD ./Core/Src/GFX_EnhancedFonts.o
LOAD ./Core/Src/TFT_ILI9341.o
LOAD ./Core/Src/gpio.o
LOAD ./Core/Src/main.o
LOAD ./Core/Src/spi.o
LOAD ./Core/Src/stm32f4xx_hal_msp.o
LOAD ./Core/Src/stm32f4xx_it.o
LOAD ./Core/Src/syscalls.o
LOAD ./Core/Src/sysmem.o
LOAD ./Core/Src/system_stm32f4xx.o
LOAD ./Core/Src/usart.o
LOAD ./Core/Startup/startup_stm32f446retx.o
LOAD ./Drivers/STM32F4xx_HAL_Driver/Src/stm32f4xx_hal.o
LOAD ./Drivers/STM32F4xx_HAL_Driver/Src/stm32f4xx_hal_cortex.o
LOAD ./Drivers/STM32F4xx_HAL_Driver/Src/stm32f4xx_hal_dma.o
LOAD ./Drivers/STM32F4xx_HAL_Driver/Src/stm32f4xx_hal_dma_ex.o
LOAD ./Drivers/STM32F4xx_HAL_Driver/Src/stm32f4xx_hal_exti.o
LOAD ./Drivers/STM32F4xx_HAL_Driver/Src/stm32f4xx_hal_flash.o
LOAD ./Drivers/STM32F4xx_HAL_Driver/Src/stm32f4xx_hal_flash_ex.o
LOAD ./Drivers/STM32F4xx_HAL_Driver/Src/stm32f4xx_hal_flash_ramfunc.o
LOAD ./Drivers/STM32F4xx_HAL_Driver/Src/stm32f4xx_hal_gpio.o
LOAD ./Drivers/STM32F4xx_HAL_Driver/Src/stm32f4xx_hal_pwr.o
LOAD ./Drivers/STM32F4xx_HAL_Driver/Src/stm32f4xx_hal_pwr_ex.o
LOAD ./Drivers/STM32F4xx_HAL_Driver/Src/stm32f4xx_hal_rcc.o
LOAD ./Drivers/STM32F4xx_HAL_Driver/Src/stm32f4xx_hal_rcc_ex.o
LOAD ./Drivers/STM32F4xx_HAL_Driver/Src/stm32f4xx_hal_spi.o
LOAD ./Drivers/STM32F4xx_HAL_Driver/Src/stm32f4xx_hal_tim.o
LOAD ./Drivers/STM32F4xx_HAL_Driver/Src/stm32f4xx_hal_tim_ex.o
LOAD ./Drivers/STM32F4xx_HAL_Driver/Src/stm32f4xx_hal_uart.o
START GROUP
LOAD c:/st/stm32cubeide_1.4.0/stm32cubeide/plugins/com.st.stm32cube.ide.mcu.externaltools.gnu-tools-for-stm32.9-2020-q2-update.win32_2.0.0.202105311346/tools/bin/../lib/gcc/arm-none-eabi/9.3.1/../../../../arm-none-eabi/lib/thumb/v7e-m+fp/hard\libc_nano.a
LOAD c:/st/stm32cubeide_1.4.0/stm32cubeide/plugins/com.st.stm32cube.ide.mcu.externaltools.gnu-tools-for-stm32.9-2020-q2-update.win32_2.0.0.202105311346/tools/bin/../lib/gcc/arm-none-eabi/9.3.1/../../../../arm-none-eabi/lib/thumb/v7e-m+fp/hard\libm.a
END GROUP
START GROUP
LOAD c:/st/stm32cubeide_1.4.0/stm32cubeide/plugins/com.st.stm32cube.ide.mcu.externaltools.gnu-tools-for-stm32.9-2020-q2-update.win32_2.0.0.202105311346/tools/bin/../lib/gcc/arm-none-eabi/9.3.1/thumb/v7e-m+fp/hard\libgcc.a
LOAD c:/st/stm32cubeide_1.4.0/stm32cubeide/plugins/com.st.stm32cube.ide.mcu.externaltools.gnu-tools-for-stm32.9-2020-q2-update.win32_2.0.0.202105311346/tools/bin/../lib/gcc/arm-none-eabi/9.3.1/../../../../arm-none-eabi/lib/thumb/v7e-m+fp/hard\libc_nano.a
END GROUP
START GROUP
LOAD c:/st/stm32cubeide_1.4.0/stm32cubeide/plugins/com.st.stm32cube.ide.mcu.externaltools.gnu-tools-for-stm32.9-2020-q2-update.win32_2.0.0.202105311346/tools/bin/../lib/gcc/arm-none-eabi/9.3.1/thumb/v7e-m+fp/hard\libgcc.a
LOAD c:/st/stm32cubeide_1.4.0/stm32cubeide/plugins/com.st.stm32cube.ide.mcu.externaltools.gnu-tools-for-stm32.9-2020-q2-update.win32_2.0.0.202105311346/tools/bin/../lib/gcc/arm-none-eabi/9.3.1/../../../../arm-none-eabi/lib/thumb/v7e-m+fp/hard\libc_nano.a
LOAD c:/st/stm32cubeide_1.4.0/stm32cubeide/plugins/com.st.stm32cube.ide.mcu.externaltools.gnu-tools-for-stm32.9-2020-q2-update.win32_2.0.0.202105311346/tools/bin/../lib/gcc/arm-none-eabi/9.3.1/../../../../arm-none-eabi/lib/thumb/v7e-m+fp/hard\libnosys.a
END GROUP
START GROUP
LOAD c:/st/stm32cubeide_1.4.0/stm32cubeide/plugins/com.st.stm32cube.ide.mcu.externaltools.gnu-tools-for-stm32.9-2020-q2-update.win32_2.0.0.202105311346/tools/bin/../lib/gcc/arm-none-eabi/9.3.1/thumb/v7e-m+fp/hard\libgcc.a
LOAD c:/st/stm32cubeide_1.4.0/stm32cubeide/plugins/com.st.stm32cube.ide.mcu.externaltools.gnu-tools-for-stm32.9-2020-q2-update.win32_2.0.0.202105311346/tools/bin/../lib/gcc/arm-none-eabi/9.3.1/../../../../arm-none-eabi/lib/thumb/v7e-m+fp/hard\libc_nano.a
LOAD c:/st/stm32cubeide_1.4.0/stm32cubeide/plugins/com.st.stm32cube.ide.mcu.externaltools.gnu-tools-for-stm32.9-2020-q2-update.win32_2.0.0.202105311346/tools/bin/../lib/gcc/arm-none-eabi/9.3.1/../../../../arm-none-eabi/lib/thumb/v7e-m+fp/hard\libnosys.a
END GROUP
LOAD c:/st/stm32cubeide_1.4.0/stm32cubeide/plugins/com.st.stm32cube.ide.mcu.externaltools.gnu-tools-for-stm32.9-2020-q2-update.win32_2.0.0.202105311346/tools/bin/../lib/gcc/arm-none-eabi/9.3.1/thumb/v7e-m+fp/hard/crtend.o
LOAD c:/st/stm32cubeide_1.4.0/stm32cubeide/plugins/com.st.stm32cube.ide.mcu.externaltools.gnu-tools-for-stm32.9-2020-q2-update.win32_2.0.0.202105311346/tools/bin/../lib/gcc/arm-none-eabi/9.3.1/thumb/v7e-m+fp/hard/crtn.o
                0x0000000020020000                _estack = (ORIGIN (RAM) + LENGTH (RAM))
                0x0000000000000200                _Min_Heap_Size = 0x200
                0x0000000000000400                _Min_Stack_Size = 0x400

.isr_vector     0x0000000008000000      0x1c4
                0x0000000008000000                . = ALIGN (0x4)
 *(.isr_vector)
 .isr_vector    0x0000000008000000      0x1c4 ./Core/Startup/startup_stm32f446retx.o
                0x0000000008000000                g_pfnVectors
                0x00000000080001c4                . = ALIGN (0x4)

.text           0x00000000080001c4     0x2aa8
                0x00000000080001c4                . = ALIGN (0x4)
 *(.text)
 .text          0x00000000080001c4       0x40 c:/st/stm32cubeide_1.4.0/stm32cubeide/plugins/com.st.stm32cube.ide.mcu.externaltools.gnu-tools-for-stm32.9-2020-q2-update.win32_2.0.0.202105311346/tools/bin/../lib/gcc/arm-none-eabi/9.3.1/thumb/v7e-m+fp/hard/crtbegin.o
 .text          0x0000000008000204       0x10 c:/st/stm32cubeide_1.4.0/stm32cubeide/plugins/com.st.stm32cube.ide.mcu.externaltools.gnu-tools-for-stm32.9-2020-q2-update.win32_2.0.0.202105311346/tools/bin/../lib/gcc/arm-none-eabi/9.3.1/../../../../arm-none-eabi/lib/thumb/v7e-m+fp/hard\libc_nano.a(lib_a-strlen.o)
                0x0000000008000204                strlen
 .text          0x0000000008000214       0x30 c:/st/stm32cubeide_1.4.0/stm32cubeide/plugins/com.st.stm32cube.ide.mcu.externaltools.gnu-tools-for-stm32.9-2020-q2-update.win32_2.0.0.202105311346/tools/bin/../lib/gcc/arm-none-eabi/9.3.1/thumb/v7e-m+fp/hard\libgcc.a(_aeabi_uldivmod.o)
                0x0000000008000214                __aeabi_uldivmod
 .text          0x0000000008000244      0x2c4 c:/st/stm32cubeide_1.4.0/stm32cubeide/plugins/com.st.stm32cube.ide.mcu.externaltools.gnu-tools-for-stm32.9-2020-q2-update.win32_2.0.0.202105311346/tools/bin/../lib/gcc/arm-none-eabi/9.3.1/thumb/v7e-m+fp/hard\libgcc.a(_udivmoddi4.o)
                0x0000000008000244                __udivmoddi4
 .text          0x0000000008000508        0x4 c:/st/stm32cubeide_1.4.0/stm32cubeide/plugins/com.st.stm32cube.ide.mcu.externaltools.gnu-tools-for-stm32.9-2020-q2-update.win32_2.0.0.202105311346/tools/bin/../lib/gcc/arm-none-eabi/9.3.1/thumb/v7e-m+fp/hard\libgcc.a(_dvmd_tls.o)
                0x0000000008000508                __aeabi_idiv0
                0x0000000008000508                __aeabi_ldiv0
 *(.text*)
 .text.GFX_SetFont
                0x000000000800050c       0x20 ./Core/Src/GFX_Color.o
                0x000000000800050c                GFX_SetFont
 .text.GFX_WriteLine
                0x000000000800052c      0x11a ./Core/Src/GFX_Color.o
                0x000000000800052c                GFX_WriteLine
 .text.GFX_DrawFastVLine
                0x0000000008000646       0x2e ./Core/Src/GFX_Color.o
                0x0000000008000646                GFX_DrawFastVLine
 .text.GFX_DrawFillRectangle
                0x0000000008000674       0x44 ./Core/Src/GFX_Color.o
                0x0000000008000674                GFX_DrawFillRectangle
 .text.EF_SetFont
                0x00000000080006b8       0x20 ./Core/Src/GFX_EnhancedFonts.o
                0x00000000080006b8                EF_SetFont
 .text.EF_GetFontHeight
                0x00000000080006d8       0x18 ./Core/Src/GFX_EnhancedFonts.o
                0x00000000080006d8                EF_GetFontHeight
 .text.EF_GetFontStartChar
                0x00000000080006f0       0x18 ./Core/Src/GFX_EnhancedFonts.o
                0x00000000080006f0                EF_GetFontStartChar
 .text.EF_GetFontEndChar
                0x0000000008000708       0x18 ./Core/Src/GFX_EnhancedFonts.o
                0x0000000008000708                EF_GetFontEndChar
 .text.EF_GetFontSpaceWidth
                0x0000000008000720       0x18 ./Core/Src/GFX_EnhancedFonts.o
                0x0000000008000720                EF_GetFontSpaceWidth
 .text.EF_DecodePolish
                0x0000000008000738      0x1f8 ./Core/Src/GFX_EnhancedFonts.o
                0x0000000008000738                EF_DecodePolish
 .text.EF_PutChar
                0x0000000008000930      0x1bc ./Core/Src/GFX_EnhancedFonts.o
                0x0000000008000930                EF_PutChar
 .text.EF_PutString
                0x0000000008000aec      0x102 ./Core/Src/GFX_EnhancedFonts.o
                0x0000000008000aec                EF_PutString
 .text.ILI9341_Delay
                0x0000000008000bee       0x16 ./Core/Src/TFT_ILI9341.o
 .text.ILI9341_SendToTFT
                0x0000000008000c04       0x60 ./Core/Src/TFT_ILI9341.o
 .text.ILI9341_SendCommand
                0x0000000008000c64       0x44 ./Core/Src/TFT_ILI9341.o
 .text.ILI9341_SendCommandAndData
                0x0000000008000ca8       0x5c ./Core/Src/TFT_ILI9341.o
 .text.ILI9341_SetRotation
                0x0000000008000d04       0x5c ./Core/Src/TFT_ILI9341.o
                0x0000000008000d04                ILI9341_SetRotation
 .text.ILI9341_SetAddrWindow
                0x0000000008000d60       0x9a ./Core/Src/TFT_ILI9341.o
                0x0000000008000d60                ILI9341_SetAddrWindow
 .text.ILI9341_WritePixel
                0x0000000008000dfa       0x66 ./Core/Src/TFT_ILI9341.o
                0x0000000008000dfa                ILI9341_WritePixel
 .text.ILI9341_DrawImage
                0x0000000008000e60       0x54 ./Core/Src/TFT_ILI9341.o
                0x0000000008000e60                ILI9341_DrawImage
 .text.ILI9341_ClearDisplay
                0x0000000008000eb4       0xb8 ./Core/Src/TFT_ILI9341.o
                0x0000000008000eb4                ILI9341_ClearDisplay
 .text.ILI9341_Init
                0x0000000008000f6c       0xa8 ./Core/Src/TFT_ILI9341.o
                0x0000000008000f6c                ILI9341_Init
 .text.MX_GPIO_Init
                0x0000000008001014      0x130 ./Core/Src/gpio.o
                0x0000000008001014                MX_GPIO_Init
 .text.main     0x0000000008001144       0x70 ./Core/Src/main.o
                0x0000000008001144                main
 .text.SystemClock_Config
                0x00000000080011b4       0xdc ./Core/Src/main.o
                0x00000000080011b4                SystemClock_Config
 .text.Error_Handler
                0x0000000008001290        0xa ./Core/Src/main.o
                0x0000000008001290                Error_Handler
 *fill*         0x000000000800129a        0x2 
 .text.MX_SPI1_Init
                0x000000000800129c       0x6c ./Core/Src/spi.o
                0x000000000800129c                MX_SPI1_Init
 .text.HAL_SPI_MspInit
                0x0000000008001308       0x90 ./Core/Src/spi.o
                0x0000000008001308                HAL_SPI_MspInit
 .text.HAL_MspInit
                0x0000000008001398       0x50 ./Core/Src/stm32f4xx_hal_msp.o
                0x0000000008001398                HAL_MspInit
 .text.NMI_Handler
                0x00000000080013e8        0x6 ./Core/Src/stm32f4xx_it.o
                0x00000000080013e8                NMI_Handler
 .text.HardFault_Handler
                0x00000000080013ee        0x6 ./Core/Src/stm32f4xx_it.o
                0x00000000080013ee                HardFault_Handler
 .text.MemManage_Handler
                0x00000000080013f4        0x6 ./Core/Src/stm32f4xx_it.o
                0x00000000080013f4                MemManage_Handler
 .text.BusFault_Handler
                0x00000000080013fa        0x6 ./Core/Src/stm32f4xx_it.o
                0x00000000080013fa                BusFault_Handler
 .text.UsageFault_Handler
                0x0000000008001400        0x6 ./Core/Src/stm32f4xx_it.o
                0x0000000008001400                UsageFault_Handler
 .text.SVC_Handler
                0x0000000008001406        0xe ./Core/Src/stm32f4xx_it.o
                0x0000000008001406                SVC_Handler
 .text.DebugMon_Handler
                0x0000000008001414        0xe ./Core/Src/stm32f4xx_it.o
                0x0000000008001414                DebugMon_Handler
 .text.PendSV_Handler
                0x0000000008001422        0xe ./Core/Src/stm32f4xx_it.o
                0x0000000008001422                PendSV_Handler
 .text.SysTick_Handler
                0x0000000008001430        0xc ./Core/Src/stm32f4xx_it.o
                0x0000000008001430                SysTick_Handler
 .text.SystemInit
                0x000000000800143c       0x24 ./Core/Src/system_stm32f4xx.o
                0x000000000800143c                SystemInit
 .text.MX_USART2_UART_Init
                0x0000000008001460       0x54 ./Core/Src/usart.o
                0x0000000008001460                MX_USART2_UART_Init
 .text.HAL_UART_MspInit
                0x00000000080014b4       0x90 ./Core/Src/usart.o
                0x00000000080014b4                HAL_UART_MspInit
 .text.Reset_Handler
                0x0000000008001544       0x50 ./Core/Startup/startup_stm32f446retx.o
                0x0000000008001544                Reset_Handler
 .text.Default_Handler
                0x0000000008001594        0x2 ./Core/Startup/startup_stm32f446retx.o
                0x0000000008001594                RTC_Alarm_IRQHandler
                0x0000000008001594                EXTI2_IRQHandler
                0x0000000008001594                TIM8_CC_IRQHandler
                0x0000000008001594                FMPI2C1_EV_IRQHandler
                0x0000000008001594                SPI4_IRQHandler
                0x0000000008001594                TIM1_CC_IRQHandler
                0x0000000008001594                DMA2_Stream5_IRQHandler
                0x0000000008001594                DMA1_Stream5_IRQHandler
                0x0000000008001594                PVD_IRQHandler
                0x0000000008001594                SDIO_IRQHandler
                0x0000000008001594                TAMP_STAMP_IRQHandler
                0x0000000008001594                CAN2_RX1_IRQHandler
                0x0000000008001594                EXTI3_IRQHandler
                0x0000000008001594                TIM8_TRG_COM_TIM14_IRQHandler
                0x0000000008001594                TIM1_UP_TIM10_IRQHandler
                0x0000000008001594                TIM8_UP_TIM13_IRQHandler
                0x0000000008001594                I2C3_ER_IRQHandler
                0x0000000008001594                EXTI0_IRQHandler
                0x0000000008001594                I2C2_EV_IRQHandler
                0x0000000008001594                DMA1_Stream2_IRQHandler
                0x0000000008001594                CAN1_RX0_IRQHandler
                0x0000000008001594                FPU_IRQHandler
                0x0000000008001594                OTG_HS_WKUP_IRQHandler
                0x0000000008001594                CAN2_SCE_IRQHandler
                0x0000000008001594                DMA2_Stream2_IRQHandler
                0x0000000008001594                SPI1_IRQHandler
                0x0000000008001594                TIM6_DAC_IRQHandler
                0x0000000008001594                TIM1_BRK_TIM9_IRQHandler
                0x0000000008001594                DCMI_IRQHandler
                0x0000000008001594                CAN2_RX0_IRQHandler
                0x0000000008001594                DMA2_Stream3_IRQHandler
                0x0000000008001594                SAI2_IRQHandler
                0x0000000008001594                USART6_IRQHandler
                0x0000000008001594                USART3_IRQHandler
                0x0000000008001594                CAN1_RX1_IRQHandler
                0x0000000008001594                UART5_IRQHandler
                0x0000000008001594                DMA2_Stream0_IRQHandler
                0x0000000008001594                TIM4_IRQHandler
                0x0000000008001594                QUADSPI_IRQHandler
                0x0000000008001594                I2C1_EV_IRQHandler
                0x0000000008001594                DMA1_Stream6_IRQHandler
                0x0000000008001594                DMA1_Stream1_IRQHandler
                0x0000000008001594                UART4_IRQHandler
                0x0000000008001594                TIM3_IRQHandler
                0x0000000008001594                RCC_IRQHandler
                0x0000000008001594                TIM8_BRK_TIM12_IRQHandler
                0x0000000008001594                Default_Handler
                0x0000000008001594                CEC_IRQHandler
                0x0000000008001594                EXTI15_10_IRQHandler
                0x0000000008001594                ADC_IRQHandler
                0x0000000008001594                DMA1_Stream7_IRQHandler
                0x0000000008001594                TIM7_IRQHandler
                0x0000000008001594                CAN2_TX_IRQHandler
                0x0000000008001594                TIM5_IRQHandler
                0x0000000008001594                DMA2_Stream7_IRQHandler
                0x0000000008001594                I2C3_EV_IRQHandler
                0x0000000008001594                EXTI9_5_IRQHandler
                0x0000000008001594                RTC_WKUP_IRQHandler
                0x0000000008001594                SPDIF_RX_IRQHandler
                0x0000000008001594                SPI2_IRQHandler
                0x0000000008001594                OTG_HS_EP1_IN_IRQHandler
                0x0000000008001594                DMA1_Stream0_IRQHandler
                0x0000000008001594                CAN1_TX_IRQHandler
                0x0000000008001594                FMPI2C1_ER_IRQHandler
                0x0000000008001594                EXTI4_IRQHandler
                0x0000000008001594                OTG_HS_EP1_OUT_IRQHandler
                0x0000000008001594                WWDG_IRQHandler
                0x0000000008001594                TIM2_IRQHandler
                0x0000000008001594                OTG_FS_WKUP_IRQHandler
                0x0000000008001594                TIM1_TRG_COM_TIM11_IRQHandler
                0x0000000008001594                OTG_HS_IRQHandler
                0x0000000008001594                EXTI1_IRQHandler
                0x0000000008001594                USART2_IRQHandler
                0x0000000008001594                I2C2_ER_IRQHandler
                0x0000000008001594                DMA2_Stream1_IRQHandler
                0x0000000008001594                CAN1_SCE_IRQHandler
                0x0000000008001594                FLASH_IRQHandler
                0x0000000008001594                DMA2_Stream4_IRQHandler
                0x0000000008001594                USART1_IRQHandler
                0x0000000008001594                OTG_FS_IRQHandler
                0x0000000008001594                SPI3_IRQHandler
                0x0000000008001594                DMA1_Stream4_IRQHandler
                0x0000000008001594                I2C1_ER_IRQHandler
                0x0000000008001594                FMC_IRQHandler
                0x0000000008001594                DMA2_Stream6_IRQHandler
                0x0000000008001594                SAI1_IRQHandler
                0x0000000008001594                DMA1_Stream3_IRQHandler
 *fill*         0x0000000008001596        0x2 
 .text.HAL_Init
                0x0000000008001598       0x44 ./Drivers/STM32F4xx_HAL_Driver/Src/stm32f4xx_hal.o
                0x0000000008001598                HAL_Init
 .text.HAL_InitTick
                0x00000000080015dc       0x60 ./Drivers/STM32F4xx_HAL_Driver/Src/stm32f4xx_hal.o
                0x00000000080015dc                HAL_InitTick
 .text.HAL_IncTick
                0x000000000800163c       0x28 ./Drivers/STM32F4xx_HAL_Driver/Src/stm32f4xx_hal.o
                0x000000000800163c                HAL_IncTick
 .text.HAL_GetTick
                0x0000000008001664       0x18 ./Drivers/STM32F4xx_HAL_Driver/Src/stm32f4xx_hal.o
                0x0000000008001664                HAL_GetTick
 .text.HAL_Delay
                0x000000000800167c       0x48 ./Drivers/STM32F4xx_HAL_Driver/Src/stm32f4xx_hal.o
                0x000000000800167c                HAL_Delay
 .text.__NVIC_SetPriorityGrouping
                0x00000000080016c4       0x48 ./Drivers/STM32F4xx_HAL_Driver/Src/stm32f4xx_hal_cortex.o
 .text.__NVIC_GetPriorityGrouping
                0x000000000800170c       0x1c ./Drivers/STM32F4xx_HAL_Driver/Src/stm32f4xx_hal_cortex.o
 .text.__NVIC_SetPriority
                0x0000000008001728       0x54 ./Drivers/STM32F4xx_HAL_Driver/Src/stm32f4xx_hal_cortex.o
 .text.NVIC_EncodePriority
                0x000000000800177c       0x66 ./Drivers/STM32F4xx_HAL_Driver/Src/stm32f4xx_hal_cortex.o
 *fill*         0x00000000080017e2        0x2 
 .text.SysTick_Config
                0x00000000080017e4       0x44 ./Drivers/STM32F4xx_HAL_Driver/Src/stm32f4xx_hal_cortex.o
 .text.HAL_NVIC_SetPriorityGrouping
                0x0000000008001828       0x16 ./Drivers/STM32F4xx_HAL_Driver/Src/stm32f4xx_hal_cortex.o
                0x0000000008001828                HAL_NVIC_SetPriorityGrouping
 .text.HAL_NVIC_SetPriority
                0x000000000800183e       0x38 ./Drivers/STM32F4xx_HAL_Driver/Src/stm32f4xx_hal_cortex.o
                0x000000000800183e                HAL_NVIC_SetPriority
 .text.HAL_SYSTICK_Config
                0x0000000008001876       0x18 ./Drivers/STM32F4xx_HAL_Driver/Src/stm32f4xx_hal_cortex.o
                0x0000000008001876                HAL_SYSTICK_Config
 *fill*         0x000000000800188e        0x2 
 .text.HAL_GPIO_Init
                0x0000000008001890      0x328 ./Drivers/STM32F4xx_HAL_Driver/Src/stm32f4xx_hal_gpio.o
                0x0000000008001890                HAL_GPIO_Init
 .text.HAL_GPIO_WritePin
                0x0000000008001bb8       0x32 ./Drivers/STM32F4xx_HAL_Driver/Src/stm32f4xx_hal_gpio.o
                0x0000000008001bb8                HAL_GPIO_WritePin
 *fill*         0x0000000008001bea        0x2 
 .text.HAL_RCC_ClockConfig
                0x0000000008001bec      0x1cc ./Drivers/STM32F4xx_HAL_Driver/Src/stm32f4xx_hal_rcc.o
                0x0000000008001bec                HAL_RCC_ClockConfig
 .text.HAL_RCC_GetHCLKFreq
                0x0000000008001db8       0x18 ./Drivers/STM32F4xx_HAL_Driver/Src/stm32f4xx_hal_rcc.o
                0x0000000008001db8                HAL_RCC_GetHCLKFreq
 .text.HAL_RCC_GetPCLK1Freq
                0x0000000008001dd0       0x28 ./Drivers/STM32F4xx_HAL_Driver/Src/stm32f4xx_hal_rcc.o
                0x0000000008001dd0                HAL_RCC_GetPCLK1Freq
 .text.HAL_RCC_GetPCLK2Freq
                0x0000000008001df8       0x28 ./Drivers/STM32F4xx_HAL_Driver/Src/stm32f4xx_hal_rcc.o
                0x0000000008001df8                HAL_RCC_GetPCLK2Freq
 .text.HAL_RCC_GetSysClockFreq
                0x0000000008001e20      0x364 ./Drivers/STM32F4xx_HAL_Driver/Src/stm32f4xx_hal_rcc_ex.o
                0x0000000008001e20                HAL_RCC_GetSysClockFreq
 .text.HAL_RCC_OscConfig
                0x0000000008002184      0x53c ./Drivers/STM32F4xx_HAL_Driver/Src/stm32f4xx_hal_rcc_ex.o
                0x0000000008002184                HAL_RCC_OscConfig
 .text.HAL_SPI_Init
                0x00000000080026c0      0x112 ./Drivers/STM32F4xx_HAL_Driver/Src/stm32f4xx_hal_spi.o
                0x00000000080026c0                HAL_SPI_Init
 .text.HAL_UART_Init
                0x00000000080027d2       0x9a ./Drivers/STM32F4xx_HAL_Driver/Src/stm32f4xx_hal_uart.o
                0x00000000080027d2                HAL_UART_Init
 .text.UART_SetConfig
                0x000000000800286c      0x390 ./Drivers/STM32F4xx_HAL_Driver/Src/stm32f4xx_hal_uart.o
 .text.__libc_init_array
                0x0000000008002bfc       0x48 c:/st/stm32cubeide_1.4.0/stm32cubeide/plugins/com.st.stm32cube.ide.mcu.externaltools.gnu-tools-for-stm32.9-2020-q2-update.win32_2.0.0.202105311346/tools/bin/../lib/gcc/arm-none-eabi/9.3.1/../../../../arm-none-eabi/lib/thumb/v7e-m+fp/hard\libc_nano.a(lib_a-init.o)
                0x0000000008002bfc                __libc_init_array
 .text.memset   0x0000000008002c44       0x10 c:/st/stm32cubeide_1.4.0/stm32cubeide/plugins/com.st.stm32cube.ide.mcu.externaltools.gnu-tools-for-stm32.9-2020-q2-update.win32_2.0.0.202105311346/tools/bin/../lib/gcc/arm-none-eabi/9.3.1/../../../../arm-none-eabi/lib/thumb/v7e-m+fp/hard\libc_nano.a(lib_a-memset.o)
                0x0000000008002c44                memset
 *(.glue_7)
 .glue_7        0x0000000008002c54        0x0 linker stubs
 *(.glue_7t)
 .glue_7t       0x0000000008002c54        0x0 linker stubs
 *(.eh_frame)
 .eh_frame      0x0000000008002c54        0x0 c:/st/stm32cubeide_1.4.0/stm32cubeide/plugins/com.st.stm32cube.ide.mcu.externaltools.gnu-tools-for-stm32.9-2020-q2-update.win32_2.0.0.202105311346/tools/bin/../lib/gcc/arm-none-eabi/9.3.1/thumb/v7e-m+fp/hard/crtbegin.o
 *(.init)
 .init          0x0000000008002c54        0x4 c:/st/stm32cubeide_1.4.0/stm32cubeide/plugins/com.st.stm32cube.ide.mcu.externaltools.gnu-tools-for-stm32.9-2020-q2-update.win32_2.0.0.202105311346/tools/bin/../lib/gcc/arm-none-eabi/9.3.1/thumb/v7e-m+fp/hard/crti.o
                0x0000000008002c54                _init
 .init          0x0000000008002c58        0x8 c:/st/stm32cubeide_1.4.0/stm32cubeide/plugins/com.st.stm32cube.ide.mcu.externaltools.gnu-tools-for-stm32.9-2020-q2-update.win32_2.0.0.202105311346/tools/bin/../lib/gcc/arm-none-eabi/9.3.1/thumb/v7e-m+fp/hard/crtn.o
 *(.fini)
 .fini          0x0000000008002c60        0x4 c:/st/stm32cubeide_1.4.0/stm32cubeide/plugins/com.st.stm32cube.ide.mcu.externaltools.gnu-tools-for-stm32.9-2020-q2-update.win32_2.0.0.202105311346/tools/bin/../lib/gcc/arm-none-eabi/9.3.1/thumb/v7e-m+fp/hard/crti.o
                0x0000000008002c60                _fini
 .fini          0x0000000008002c64        0x8 c:/st/stm32cubeide_1.4.0/stm32cubeide/plugins/com.st.stm32cube.ide.mcu.externaltools.gnu-tools-for-stm32.9-2020-q2-update.win32_2.0.0.202105311346/tools/bin/../lib/gcc/arm-none-eabi/9.3.1/thumb/v7e-m+fp/hard/crtn.o
                0x0000000008002c6c                . = ALIGN (0x4)
                0x0000000008002c6c                _etext = .

.vfp11_veneer   0x0000000008002c6c        0x0
 .vfp11_veneer  0x0000000008002c6c        0x0 linker stubs

.v4_bx          0x0000000008002c6c        0x0
 .v4_bx         0x0000000008002c6c        0x0 linker stubs

.iplt           0x0000000008002c6c        0x0
 .iplt          0x0000000008002c6c        0x0 c:/st/stm32cubeide_1.4.0/stm32cubeide/plugins/com.st.stm32cube.ide.mcu.externaltools.gnu-tools-for-stm32.9-2020-q2-update.win32_2.0.0.202105311346/tools/bin/../lib/gcc/arm-none-eabi/9.3.1/thumb/v7e-m+fp/hard/crtbegin.o

.rodata         0x0000000008002c6c    0x1be6c
                0x0000000008002c6c                . = ALIGN (0x4)
 *(.rodata)
 .rodata        0x0000000008002c6c        0xc ./Core/Src/main.o
 *(.rodata*)
 .rodata.arialBlack_20ptBitmaps
                0x0000000008002c78     0x1dab ./Core/Src/EnhancedFonts/arialBlack_20ptFontinfo.o
                0x0000000008002c78                arialBlack_20ptBitmaps
 *fill*         0x0000000008004a23        0x1 
 .rodata.arialBlack_20ptDescriptors
                0x0000000008004a24      0x1c0 ./Core/Src/EnhancedFonts/arialBlack_20ptFontinfo.o
                0x0000000008004a24                arialBlack_20ptDescriptors
 .rodata.arialBlack_20ptFontInfo
                0x0000000008004be4        0xc ./Core/Src/EnhancedFonts/arialBlack_20ptFontinfo.o
                0x0000000008004be4                arialBlack_20ptFontInfo
 .rodata.initcmd
                0x0000000008004bf0       0x6f ./Core/Src/TFT_ILI9341.o
 *fill*         0x0000000008004c5f        0x1 
 .rodata.font_8x5
                0x0000000008004c60      0x1dd ./Core/Src/main.o
                0x0000000008004c60                font_8x5
 *fill*         0x0000000008004e3d        0x3 
 .rodata.logo   0x0000000008004e40    0x19c80 ./Core/Src/main.o
                0x0000000008004e40                logo
 .rodata.AHBPrescTable
                0x000000000801eac0       0x10 ./Core/Src/system_stm32f4xx.o
                0x000000000801eac0                AHBPrescTable
 .rodata.APBPrescTable
                0x000000000801ead0        0x8 ./Core/Src/system_stm32f4xx.o
                0x000000000801ead0                APBPrescTable
                0x000000000801ead8                . = ALIGN (0x4)

.ARM.extab      0x000000000801ead8        0x0
                0x000000000801ead8                . = ALIGN (0x4)
 *(.ARM.extab* .gnu.linkonce.armextab.*)
                0x000000000801ead8                . = ALIGN (0x4)

.ARM            0x000000000801ead8        0x8
                0x000000000801ead8                . = ALIGN (0x4)
                0x000000000801ead8                __exidx_start = .
 *(.ARM.exidx*)
 .ARM.exidx     0x000000000801ead8        0x8 c:/st/stm32cubeide_1.4.0/stm32cubeide/plugins/com.st.stm32cube.ide.mcu.externaltools.gnu-tools-for-stm32.9-2020-q2-update.win32_2.0.0.202105311346/tools/bin/../lib/gcc/arm-none-eabi/9.3.1/thumb/v7e-m+fp/hard\libgcc.a(_udivmoddi4.o)
                0x000000000801eae0                __exidx_end = .
                0x000000000801eae0                . = ALIGN (0x4)

.rel.dyn        0x000000000801eae0        0x0
 .rel.iplt      0x000000000801eae0        0x0 c:/st/stm32cubeide_1.4.0/stm32cubeide/plugins/com.st.stm32cube.ide.mcu.externaltools.gnu-tools-for-stm32.9-2020-q2-update.win32_2.0.0.202105311346/tools/bin/../lib/gcc/arm-none-eabi/9.3.1/thumb/v7e-m+fp/hard/crtbegin.o

.preinit_array  0x000000000801eae0        0x0
                0x000000000801eae0                . = ALIGN (0x4)
                0x000000000801eae0                PROVIDE (__preinit_array_start = .)
 *(.preinit_array*)
                0x000000000801eae0                PROVIDE (__preinit_array_end = .)
                0x000000000801eae0                . = ALIGN (0x4)

.init_array     0x000000000801eae0        0x4
                0x000000000801eae0                . = ALIGN (0x4)
                0x000000000801eae0                PROVIDE (__init_array_start = .)
 *(SORT_BY_NAME(.init_array.*))
 *(.init_array*)
 .init_array    0x000000000801eae0        0x4 c:/st/stm32cubeide_1.4.0/stm32cubeide/plugins/com.st.stm32cube.ide.mcu.externaltools.gnu-tools-for-stm32.9-2020-q2-update.win32_2.0.0.202105311346/tools/bin/../lib/gcc/arm-none-eabi/9.3.1/thumb/v7e-m+fp/hard/crtbegin.o
                0x000000000801eae4                PROVIDE (__init_array_end = .)
                0x000000000801eae4                . = ALIGN (0x4)

.fini_array     0x000000000801eae4        0x4
                0x000000000801eae4                . = ALIGN (0x4)
                [!provide]                        PROVIDE (__fini_array_start = .)
 *(SORT_BY_NAME(.fini_array.*))
 *(.fini_array*)
 .fini_array    0x000000000801eae4        0x4 c:/st/stm32cubeide_1.4.0/stm32cubeide/plugins/com.st.stm32cube.ide.mcu.externaltools.gnu-tools-for-stm32.9-2020-q2-update.win32_2.0.0.202105311346/tools/bin/../lib/gcc/arm-none-eabi/9.3.1/thumb/v7e-m+fp/hard/crtbegin.o
                [!provide]                        PROVIDE (__fini_array_end = .)
                0x000000000801eae8                . = ALIGN (0x4)
                0x000000000801eae8                _sidata = LOADADDR (.data)

.data           0x0000000020000000        0xc load address 0x000000000801eae8
                0x0000000020000000                . = ALIGN (0x4)
                0x0000000020000000                _sdata = .
 *(.data)
 *(.data*)
 .data.SystemCoreClock
                0x0000000020000000        0x4 ./Core/Src/system_stm32f4xx.o
                0x0000000020000000                SystemCoreClock
 .data.uwTickPrio
                0x0000000020000004        0x4 ./Drivers/STM32F4xx_HAL_Driver/Src/stm32f4xx_hal.o
                0x0000000020000004                uwTickPrio
 .data.uwTickFreq
                0x0000000020000008        0x1 ./Drivers/STM32F4xx_HAL_Driver/Src/stm32f4xx_hal.o
                0x0000000020000008                uwTickFreq
 *(.RamFunc)
 *(.RamFunc*)
                0x000000002000000c                . = ALIGN (0x4)
 *fill*         0x0000000020000009        0x3 
                0x000000002000000c                _edata = .

.igot.plt       0x000000002000000c        0x0 load address 0x000000000801eaf4
 .igot.plt      0x000000002000000c        0x0 c:/st/stm32cubeide_1.4.0/stm32cubeide/plugins/com.st.stm32cube.ide.mcu.externaltools.gnu-tools-for-stm32.9-2020-q2-update.win32_2.0.0.202105311346/tools/bin/../lib/gcc/arm-none-eabi/9.3.1/thumb/v7e-m+fp/hard/crtbegin.o
                0x000000002000000c                . = ALIGN (0x4)

.bss            0x000000002000000c       0xc8 load address 0x000000000801eaf4
                0x000000002000000c                _sbss = .
                0x000000002000000c                __bss_start__ = _sbss
 *(.bss)
 .bss           0x000000002000000c       0x1c c:/st/stm32cubeide_1.4.0/stm32cubeide/plugins/com.st.stm32cube.ide.mcu.externaltools.gnu-tools-for-stm32.9-2020-q2-update.win32_2.0.0.202105311346/tools/bin/../lib/gcc/arm-none-eabi/9.3.1/thumb/v7e-m+fp/hard/crtbegin.o
 *(.bss*)
 *(COMMON)
 COMMON         0x0000000020000028        0x4 ./Core/Src/GFX_Color.o
                0x0000000020000028                font
 COMMON         0x000000002000002c        0x4 ./Core/Src/GFX_EnhancedFonts.o
                0x000000002000002c                CurrentFont
 COMMON         0x0000000020000030        0x4 ./Core/Src/TFT_ILI9341.o
                0x0000000020000030                Tft_hspi
 COMMON         0x0000000020000034       0x58 ./Core/Src/spi.o
                0x0000000020000034                hspi1
 COMMON         0x000000002000008c       0x44 ./Core/Src/usart.o
                0x000000002000008c                huart2
 COMMON         0x00000000200000d0        0x4 ./Drivers/STM32F4xx_HAL_Driver/Src/stm32f4xx_hal.o
                0x00000000200000d0                uwTick
                0x00000000200000d4                . = ALIGN (0x4)
                0x00000000200000d4                _ebss = .
                0x00000000200000d4                __bss_end__ = _ebss

._user_heap_stack
                0x00000000200000d4      0x604 load address 0x000000000801eaf4
                0x00000000200000d8                . = ALIGN (0x8)
 *fill*         0x00000000200000d4        0x4 
                [!provide]                        PROVIDE (end = .)
                0x00000000200000d8                PROVIDE (_end = .)
                0x00000000200002d8                . = (. + _Min_Heap_Size)
 *fill*         0x00000000200000d8      0x200 
                0x00000000200006d8                . = (. + _Min_Stack_Size)
 *fill*         0x00000000200002d8      0x400 
                0x00000000200006d8                . = ALIGN (0x8)

/DISCARD/
 libc.a(*)
 libm.a(*)
 libgcc.a(*)

.ARM.attributes
                0x0000000000000000       0x30
 *(.ARM.attributes)
 .ARM.attributes
                0x0000000000000000       0x1e c:/st/stm32cubeide_1.4.0/stm32cubeide/plugins/com.st.stm32cube.ide.mcu.externaltools.gnu-tools-for-stm32.9-2020-q2-update.win32_2.0.0.202105311346/tools/bin/../lib/gcc/arm-none-eabi/9.3.1/thumb/v7e-m+fp/hard/crti.o
 .ARM.attributes
                0x000000000000001e       0x34 c:/st/stm32cubeide_1.4.0/stm32cubeide/plugins/com.st.stm32cube.ide.mcu.externaltools.gnu-tools-for-stm32.9-2020-q2-update.win32_2.0.0.202105311346/tools/bin/../lib/gcc/arm-none-eabi/9.3.1/thumb/v7e-m+fp/hard/crtbegin.o
 .ARM.attributes
                0x0000000000000052       0x39 ./Core/Src/EnhancedFonts/arialBlack_20ptFontinfo.o
 .ARM.attributes
                0x000000000000008b       0x34 ./Core/Src/GFX_Color.o
 .ARM.attributes
                0x00000000000000bf       0x34 ./Core/Src/GFX_EnhancedFonts.o
 .ARM.attributes
                0x00000000000000f3       0x34 ./Core/Src/TFT_ILI9341.o
 .ARM.attributes
                0x0000000000000127       0x34 ./Core/Src/gpio.o
 .ARM.attributes
                0x000000000000015b       0x34 ./Core/Src/main.o
 .ARM.attributes
                0x000000000000018f       0x34 ./Core/Src/spi.o
 .ARM.attributes
                0x00000000000001c3       0x34 ./Core/Src/stm32f4xx_hal_msp.o
 .ARM.attributes
                0x00000000000001f7       0x34 ./Core/Src/stm32f4xx_it.o
 .ARM.attributes
                0x000000000000022b       0x34 ./Core/Src/system_stm32f4xx.o
 .ARM.attributes
                0x000000000000025f       0x34 ./Core/Src/usart.o
 .ARM.attributes
                0x0000000000000293       0x21 ./Core/Startup/startup_stm32f446retx.o
 .ARM.attributes
                0x00000000000002b4       0x34 ./Drivers/STM32F4xx_HAL_Driver/Src/stm32f4xx_hal.o
 .ARM.attributes
                0x00000000000002e8       0x34 ./Drivers/STM32F4xx_HAL_Driver/Src/stm32f4xx_hal_cortex.o
 .ARM.attributes
                0x000000000000031c       0x34 ./Drivers/STM32F4xx_HAL_Driver/Src/stm32f4xx_hal_gpio.o
 .ARM.attributes
                0x0000000000000350       0x34 ./Drivers/STM32F4xx_HAL_Driver/Src/stm32f4xx_hal_rcc.o
 .ARM.attributes
                0x0000000000000384       0x34 ./Drivers/STM32F4xx_HAL_Driver/Src/stm32f4xx_hal_rcc_ex.o
 .ARM.attributes
                0x00000000000003b8       0x34 ./Drivers/STM32F4xx_HAL_Driver/Src/stm32f4xx_hal_spi.o
 .ARM.attributes
                0x00000000000003ec       0x34 ./Drivers/STM32F4xx_HAL_Driver/Src/stm32f4xx_hal_uart.o
 .ARM.attributes
                0x0000000000000420       0x34 c:/st/stm32cubeide_1.4.0/stm32cubeide/plugins/com.st.stm32cube.ide.mcu.externaltools.gnu-tools-for-stm32.9-2020-q2-update.win32_2.0.0.202105311346/tools/bin/../lib/gcc/arm-none-eabi/9.3.1/../../../../arm-none-eabi/lib/thumb/v7e-m+fp/hard\libc_nano.a(lib_a-init.o)
 .ARM.attributes
                0x0000000000000454       0x34 c:/st/stm32cubeide_1.4.0/stm32cubeide/plugins/com.st.stm32cube.ide.mcu.externaltools.gnu-tools-for-stm32.9-2020-q2-update.win32_2.0.0.202105311346/tools/bin/../lib/gcc/arm-none-eabi/9.3.1/../../../../arm-none-eabi/lib/thumb/v7e-m+fp/hard\libc_nano.a(lib_a-memset.o)
 .ARM.attributes
                0x0000000000000488       0x17 c:/st/stm32cubeide_1.4.0/stm32cubeide/plugins/com.st.stm32cube.ide.mcu.externaltools.gnu-tools-for-stm32.9-2020-q2-update.win32_2.0.0.202105311346/tools/bin/../lib/gcc/arm-none-eabi/9.3.1/../../../../arm-none-eabi/lib/thumb/v7e-m+fp/hard\libc_nano.a(lib_a-strlen.o)
 .ARM.attributes
                0x000000000000049f       0x1e c:/st/stm32cubeide_1.4.0/stm32cubeide/plugins/com.st.stm32cube.ide.mcu.externaltools.gnu-tools-for-stm32.9-2020-q2-update.win32_2.0.0.202105311346/tools/bin/../lib/gcc/arm-none-eabi/9.3.1/thumb/v7e-m+fp/hard\libgcc.a(_aeabi_uldivmod.o)
 .ARM.attributes
                0x00000000000004bd       0x34 c:/st/stm32cubeide_1.4.0/stm32cubeide/plugins/com.st.stm32cube.ide.mcu.externaltools.gnu-tools-for-stm32.9-2020-q2-update.win32_2.0.0.202105311346/tools/bin/../lib/gcc/arm-none-eabi/9.3.1/thumb/v7e-m+fp/hard\libgcc.a(_udivmoddi4.o)
 .ARM.attributes
                0x00000000000004f1       0x1e c:/st/stm32cubeide_1.4.0/stm32cubeide/plugins/com.st.stm32cube.ide.mcu.externaltools.gnu-tools-for-stm32.9-2020-q2-update.win32_2.0.0.202105311346/tools/bin/../lib/gcc/arm-none-eabi/9.3.1/thumb/v7e-m+fp/hard\libgcc.a(_dvmd_tls.o)
 .ARM.attributes
                0x000000000000050f       0x1e c:/st/stm32cubeide_1.4.0/stm32cubeide/plugins/com.st.stm32cube.ide.mcu.externaltools.gnu-tools-for-stm32.9-2020-q2-update.win32_2.0.0.202105311346/tools/bin/../lib/gcc/arm-none-eabi/9.3.1/thumb/v7e-m+fp/hard/crtn.o
OUTPUT(R7_L20_SPITFTGFXColorCzcionka.elf elf32-littlearm)
LOAD linker stubs
LOAD c:/st/stm32cubeide_1.4.0/stm32cubeide/plugins/com.st.stm32cube.ide.mcu.externaltools.gnu-tools-for-stm32.9-2020-q2-update.win32_2.0.0.202105311346/tools/bin/../lib/gcc/arm-none-eabi/9.3.1/../../../../arm-none-eabi/lib/thumb/v7e-m+fp/hard\libc.a
LOAD c:/st/stm32cubeide_1.4.0/stm32cubeide/plugins/com.st.stm32cube.ide.mcu.externaltools.gnu-tools-for-stm32.9-2020-q2-update.win32_2.0.0.202105311346/tools/bin/../lib/gcc/arm-none-eabi/9.3.1/../../../../arm-none-eabi/lib/thumb/v7e-m+fp/hard\libm.a
LOAD c:/st/stm32cubeide_1.4.0/stm32cubeide/plugins/com.st.stm32cube.ide.mcu.externaltools.gnu-tools-for-stm32.9-2020-q2-update.win32_2.0.0.202105311346/tools/bin/../lib/gcc/arm-none-eabi/9.3.1/thumb/v7e-m+fp/hard\libgcc.a

.debug_info     0x0000000000000000     0xed52
 .debug_info    0x0000000000000000      0x29d ./Core/Src/EnhancedFonts/arialBlack_20ptFontinfo.o
 .debug_info    0x000000000000029d     0x1588 ./Core/Src/GFX_Color.o
 .debug_info    0x0000000000001825      0xda9 ./Core/Src/GFX_EnhancedFonts.o
 .debug_info    0x00000000000025ce      0xaa3 ./Core/Src/TFT_ILI9341.o
 .debug_info    0x0000000000003071      0x54a ./Core/Src/gpio.o
 .debug_info    0x00000000000035bb     0x174f ./Core/Src/main.o
 .debug_info    0x0000000000004d0a      0xa92 ./Core/Src/spi.o
 .debug_info    0x000000000000579c      0x3cc ./Core/Src/stm32f4xx_hal_msp.o
 .debug_info    0x0000000000005b68      0x222 ./Core/Src/stm32f4xx_it.o
 .debug_info    0x0000000000005d8a      0x5dc ./Core/Src/system_stm32f4xx.o
 .debug_info    0x0000000000006366      0xa3c ./Core/Src/usart.o
 .debug_info    0x0000000000006da2       0x22 ./Core/Startup/startup_stm32f446retx.o
 .debug_info    0x0000000000006dc4      0xa08 ./Drivers/STM32F4xx_HAL_Driver/Src/stm32f4xx_hal.o
 .debug_info    0x00000000000077cc      0xef5 ./Drivers/STM32F4xx_HAL_Driver/Src/stm32f4xx_hal_cortex.o
 .debug_info    0x00000000000086c1      0x892 ./Drivers/STM32F4xx_HAL_Driver/Src/stm32f4xx_hal_gpio.o
 .debug_info    0x0000000000008f53      0x9db ./Drivers/STM32F4xx_HAL_Driver/Src/stm32f4xx_hal_rcc.o
 .debug_info    0x000000000000992e      0xa86 ./Drivers/STM32F4xx_HAL_Driver/Src/stm32f4xx_hal_rcc_ex.o
 .debug_info    0x000000000000a3b4     0x17c0 ./Drivers/STM32F4xx_HAL_Driver/Src/stm32f4xx_hal_spi.o
 .debug_info    0x000000000000bb74     0x31de ./Drivers/STM32F4xx_HAL_Driver/Src/stm32f4xx_hal_uart.o

.debug_abbrev   0x0000000000000000     0x23e6
 .debug_abbrev  0x0000000000000000       0xf2 ./Core/Src/EnhancedFonts/arialBlack_20ptFontinfo.o
 .debug_abbrev  0x00000000000000f2      0x2d6 ./Core/Src/GFX_Color.o
 .debug_abbrev  0x00000000000003c8      0x26f ./Core/Src/GFX_EnhancedFonts.o
 .debug_abbrev  0x0000000000000637      0x257 ./Core/Src/TFT_ILI9341.o
 .debug_abbrev  0x000000000000088e      0x14e ./Core/Src/gpio.o
 .debug_abbrev  0x00000000000009dc      0x284 ./Core/Src/main.o
 .debug_abbrev  0x0000000000000c60      0x1bb ./Core/Src/spi.o
 .debug_abbrev  0x0000000000000e1b      0x11d ./Core/Src/stm32f4xx_hal_msp.o
 .debug_abbrev  0x0000000000000f38       0xd2 ./Core/Src/stm32f4xx_it.o
 .debug_abbrev  0x000000000000100a      0x145 ./Core/Src/system_stm32f4xx.o
 .debug_abbrev  0x000000000000114f      0x1bb ./Core/Src/usart.o
 .debug_abbrev  0x000000000000130a       0x12 ./Core/Startup/startup_stm32f446retx.o
 .debug_abbrev  0x000000000000131c      0x1ed ./Drivers/STM32F4xx_HAL_Driver/Src/stm32f4xx_hal.o
 .debug_abbrev  0x0000000000001509      0x33c ./Drivers/STM32F4xx_HAL_Driver/Src/stm32f4xx_hal_cortex.o
 .debug_abbrev  0x0000000000001845      0x1f1 ./Drivers/STM32F4xx_HAL_Driver/Src/stm32f4xx_hal_gpio.o
 .debug_abbrev  0x0000000000001a36      0x275 ./Drivers/STM32F4xx_HAL_Driver/Src/stm32f4xx_hal_rcc.o
 .debug_abbrev  0x0000000000001cab      0x1e2 ./Drivers/STM32F4xx_HAL_Driver/Src/stm32f4xx_hal_rcc_ex.o
 .debug_abbrev  0x0000000000001e8d      0x26e ./Drivers/STM32F4xx_HAL_Driver/Src/stm32f4xx_hal_spi.o
 .debug_abbrev  0x00000000000020fb      0x2eb ./Drivers/STM32F4xx_HAL_Driver/Src/stm32f4xx_hal_uart.o

.debug_aranges  0x0000000000000000      0xa50
 .debug_aranges
                0x0000000000000000       0x18 ./Core/Src/EnhancedFonts/arialBlack_20ptFontinfo.o
 .debug_aranges
                0x0000000000000018       0xc8 ./Core/Src/GFX_Color.o
 .debug_aranges
                0x00000000000000e0       0x58 ./Core/Src/GFX_EnhancedFonts.o
 .debug_aranges
                0x0000000000000138       0x68 ./Core/Src/TFT_ILI9341.o
 .debug_aranges
                0x00000000000001a0       0x20 ./Core/Src/gpio.o
 .debug_aranges
                0x00000000000001c0       0x30 ./Core/Src/main.o
 .debug_aranges
                0x00000000000001f0       0x30 ./Core/Src/spi.o
 .debug_aranges
                0x0000000000000220       0x20 ./Core/Src/stm32f4xx_hal_msp.o
 .debug_aranges
                0x0000000000000240       0x60 ./Core/Src/stm32f4xx_it.o
 .debug_aranges
                0x00000000000002a0       0x28 ./Core/Src/system_stm32f4xx.o
 .debug_aranges
                0x00000000000002c8       0x30 ./Core/Src/usart.o
 .debug_aranges
                0x00000000000002f8       0x28 ./Core/Startup/startup_stm32f446retx.o
 .debug_aranges
                0x0000000000000320       0xf0 ./Drivers/STM32F4xx_HAL_Driver/Src/stm32f4xx_hal.o
 .debug_aranges
                0x0000000000000410      0x118 ./Drivers/STM32F4xx_HAL_Driver/Src/stm32f4xx_hal_cortex.o
 .debug_aranges
                0x0000000000000528       0x58 ./Drivers/STM32F4xx_HAL_Driver/Src/stm32f4xx_hal_gpio.o
 .debug_aranges
                0x0000000000000580       0x88 ./Drivers/STM32F4xx_HAL_Driver/Src/stm32f4xx_hal_rcc.o
 .debug_aranges
                0x0000000000000608       0x78 ./Drivers/STM32F4xx_HAL_Driver/Src/stm32f4xx_hal_rcc_ex.o
 .debug_aranges
                0x0000000000000680      0x1d0 ./Drivers/STM32F4xx_HAL_Driver/Src/stm32f4xx_hal_spi.o
 .debug_aranges
                0x0000000000000850      0x200 ./Drivers/STM32F4xx_HAL_Driver/Src/stm32f4xx_hal_uart.o

.debug_macro    0x0000000000000000    0x22432
 .debug_macro   0x0000000000000000      0x1dc ./Core/Src/EnhancedFonts/arialBlack_20ptFontinfo.o
 .debug_macro   0x00000000000001dc      0xaa8 ./Core/Src/EnhancedFonts/arialBlack_20ptFontinfo.o
 .debug_macro   0x0000000000000c84      0x29b ./Core/Src/EnhancedFonts/arialBlack_20ptFontinfo.o
 .debug_macro   0x0000000000000f1f       0x2e ./Core/Src/EnhancedFonts/arialBlack_20ptFontinfo.o
 .debug_macro   0x0000000000000f4d       0x28 ./Core/Src/EnhancedFonts/arialBlack_20ptFontinfo.o
 .debug_macro   0x0000000000000f75       0x22 ./Core/Src/EnhancedFonts/arialBlack_20ptFontinfo.o
 .debug_macro   0x0000000000000f97       0x8e ./Core/Src/EnhancedFonts/arialBlack_20ptFontinfo.o
 .debug_macro   0x0000000000001025       0x51 ./Core/Src/EnhancedFonts/arialBlack_20ptFontinfo.o
 .debug_macro   0x0000000000001076      0x103 ./Core/Src/EnhancedFonts/arialBlack_20ptFontinfo.o
 .debug_macro   0x0000000000001179       0x6a ./Core/Src/EnhancedFonts/arialBlack_20ptFontinfo.o
 .debug_macro   0x00000000000011e3      0x1df ./Core/Src/EnhancedFonts/arialBlack_20ptFontinfo.o
 .debug_macro   0x00000000000013c2       0x1c ./Core/Src/EnhancedFonts/arialBlack_20ptFontinfo.o
 .debug_macro   0x00000000000013de       0x22 ./Core/Src/EnhancedFonts/arialBlack_20ptFontinfo.o
 .debug_macro   0x0000000000001400       0xdf ./Core/Src/EnhancedFonts/arialBlack_20ptFontinfo.o
 .debug_macro   0x00000000000014df     0x102d ./Core/Src/EnhancedFonts/arialBlack_20ptFontinfo.o
 .debug_macro   0x000000000000250c      0x11f ./Core/Src/EnhancedFonts/arialBlack_20ptFontinfo.o
 .debug_macro   0x000000000000262b    0x16749 ./Core/Src/EnhancedFonts/arialBlack_20ptFontinfo.o
 .debug_macro   0x0000000000018d74       0x6d ./Core/Src/EnhancedFonts/arialBlack_20ptFontinfo.o
 .debug_macro   0x0000000000018de1     0x3666 ./Core/Src/EnhancedFonts/arialBlack_20ptFontinfo.o
 .debug_macro   0x000000000001c447      0x174 ./Core/Src/EnhancedFonts/arialBlack_20ptFontinfo.o
 .debug_macro   0x000000000001c5bb       0x5c ./Core/Src/EnhancedFonts/arialBlack_20ptFontinfo.o
 .debug_macro   0x000000000001c617      0xc90 ./Core/Src/EnhancedFonts/arialBlack_20ptFontinfo.o
 .debug_macro   0x000000000001d2a7      0x9fe ./Core/Src/EnhancedFonts/arialBlack_20ptFontinfo.o
 .debug_macro   0x000000000001dca5      0x116 ./Core/Src/EnhancedFonts/arialBlack_20ptFontinfo.o
 .debug_macro   0x000000000001ddbb      0x1a0 ./Core/Src/EnhancedFonts/arialBlack_20ptFontinfo.o
 .debug_macro   0x000000000001df5b       0xa5 ./Core/Src/EnhancedFonts/arialBlack_20ptFontinfo.o
 .debug_macro   0x000000000001e000      0x16d ./Core/Src/EnhancedFonts/arialBlack_20ptFontinfo.o
 .debug_macro   0x000000000001e16d      0x287 ./Core/Src/EnhancedFonts/arialBlack_20ptFontinfo.o
 .debug_macro   0x000000000001e3f4       0x5f ./Core/Src/EnhancedFonts/arialBlack_20ptFontinfo.o
 .debug_macro   0x000000000001e453      0x236 ./Core/Src/EnhancedFonts/arialBlack_20ptFontinfo.o
 .debug_macro   0x000000000001e689      0x132 ./Core/Src/EnhancedFonts/arialBlack_20ptFontinfo.o
 .debug_macro   0x000000000001e7bb      0x29c ./Core/Src/EnhancedFonts/arialBlack_20ptFontinfo.o
 .debug_macro   0x000000000001ea57       0x2e ./Core/Src/EnhancedFonts/arialBlack_20ptFontinfo.o
 .debug_macro   0x000000000001ea85      0x11a ./Core/Src/EnhancedFonts/arialBlack_20ptFontinfo.o
 .debug_macro   0x000000000001eb9f       0xe8 ./Core/Src/EnhancedFonts/arialBlack_20ptFontinfo.o
 .debug_macro   0x000000000001ec87       0x89 ./Core/Src/EnhancedFonts/arialBlack_20ptFontinfo.o
 .debug_macro   0x000000000001ed10      0x225 ./Core/Src/EnhancedFonts/arialBlack_20ptFontinfo.o
 .debug_macro   0x000000000001ef35      0x295 ./Core/Src/EnhancedFonts/arialBlack_20ptFontinfo.o
 .debug_macro   0x000000000001f1ca      0x126 ./Core/Src/EnhancedFonts/arialBlack_20ptFontinfo.o
 .debug_macro   0x000000000001f2f0       0x70 ./Core/Src/EnhancedFonts/arialBlack_20ptFontinfo.o
 .debug_macro   0x000000000001f360       0x10 ./Core/Src/EnhancedFonts/arialBlack_20ptFontinfo.o
 .debug_macro   0x000000000001f370      0x2b7 ./Core/Src/GFX_Color.o
 .debug_macro   0x000000000001f627       0x8e ./Core/Src/GFX_Color.o
 .debug_macro   0x000000000001f6b5      0x1d8 ./Core/Src/GFX_Color.o
 .debug_macro   0x000000000001f88d       0x18 ./Core/Src/GFX_Color.o
 .debug_macro   0x000000000001f8a5       0x52 ./Core/Src/GFX_Color.o
 .debug_macro   0x000000000001f8f7       0x3c ./Core/Src/GFX_Color.o
 .debug_macro   0x000000000001f933       0x34 ./Core/Src/GFX_Color.o
 .debug_macro   0x000000000001f967       0x16 ./Core/Src/GFX_Color.o
 .debug_macro   0x000000000001f97d       0x35 ./Core/Src/GFX_Color.o
 .debug_macro   0x000000000001f9b2       0x16 ./Core/Src/GFX_Color.o
 .debug_macro   0x000000000001f9c8       0x43 ./Core/Src/GFX_Color.o
 .debug_macro   0x000000000001fa0b       0x34 ./Core/Src/GFX_Color.o
 .debug_macro   0x000000000001fa3f       0x10 ./Core/Src/GFX_Color.o
 .debug_macro   0x000000000001fa4f       0x58 ./Core/Src/GFX_Color.o
 .debug_macro   0x000000000001faa7       0x71 ./Core/Src/GFX_Color.o
 .debug_macro   0x000000000001fb18       0x1c ./Core/Src/GFX_Color.o
 .debug_macro   0x000000000001fb34      0x12a ./Core/Src/GFX_Color.o
 .debug_macro   0x000000000001fc5e      0x333 ./Core/Src/GFX_Color.o
 .debug_macro   0x000000000001ff91       0x16 ./Core/Src/GFX_Color.o
 .debug_macro   0x000000000001ffa7       0x29 ./Core/Src/GFX_Color.o
 .debug_macro   0x000000000001ffd0      0x2bc ./Core/Src/GFX_EnhancedFonts.o
 .debug_macro   0x000000000002028c       0x10 ./Core/Src/GFX_EnhancedFonts.o
 .debug_macro   0x000000000002029c       0x20 ./Core/Src/GFX_EnhancedFonts.o
 .debug_macro   0x00000000000202bc      0x206 ./Core/Src/TFT_ILI9341.o
 .debug_macro   0x00000000000204c2      0x1dd ./Core/Src/gpio.o
 .debug_macro   0x000000000002069f      0x3ba ./Core/Src/main.o
 .debug_macro   0x0000000000020a59       0x10 ./Core/Src/main.o
 .debug_macro   0x0000000000020a69       0x1c ./Core/Src/main.o
 .debug_macro   0x0000000000020a85       0x10 ./Core/Src/main.o
 .debug_macro   0x0000000000020a95       0x10 ./Core/Src/main.o
 .debug_macro   0x0000000000020aa5       0x1c ./Core/Src/main.o
 .debug_macro   0x0000000000020ac1       0x52 ./Core/Src/main.o
 .debug_macro   0x0000000000020b13       0x22 ./Core/Src/main.o
 .debug_macro   0x0000000000020b35       0x10 ./Core/Src/main.o
 .debug_macro   0x0000000000020b45       0x40 ./Core/Src/main.o
 .debug_macro   0x0000000000020b85       0xd5 ./Core/Src/main.o
 .debug_macro   0x0000000000020c5a       0x1c ./Core/Src/main.o
 .debug_macro   0x0000000000020c76       0x3d ./Core/Src/main.o
 .debug_macro   0x0000000000020cb3       0x16 ./Core/Src/main.o
 .debug_macro   0x0000000000020cc9      0x145 ./Core/Src/main.o
 .debug_macro   0x0000000000020e0e      0x1dd ./Core/Src/spi.o
 .debug_macro   0x0000000000020feb      0x1d3 ./Core/Src/stm32f4xx_hal_msp.o
 .debug_macro   0x00000000000211be      0x1dd ./Core/Src/stm32f4xx_it.o
 .debug_macro   0x000000000002139b      0x1c4 ./Core/Src/system_stm32f4xx.o
 .debug_macro   0x000000000002155f      0x1dd ./Core/Src/usart.o
 .debug_macro   0x000000000002173c      0x224 ./Drivers/STM32F4xx_HAL_Driver/Src/stm32f4xx_hal.o
 .debug_macro   0x0000000000021960      0x1c4 ./Drivers/STM32F4xx_HAL_Driver/Src/stm32f4xx_hal_cortex.o
 .debug_macro   0x0000000000021b24      0x1ca ./Drivers/STM32F4xx_HAL_Driver/Src/stm32f4xx_hal_gpio.o
 .debug_macro   0x0000000000021cee      0x1e8 ./Drivers/STM32F4xx_HAL_Driver/Src/stm32f4xx_hal_rcc.o
 .debug_macro   0x0000000000021ed6      0x1c4 ./Drivers/STM32F4xx_HAL_Driver/Src/stm32f4xx_hal_rcc_ex.o
 .debug_macro   0x000000000002209a      0x1d3 ./Drivers/STM32F4xx_HAL_Driver/Src/stm32f4xx_hal_spi.o
 .debug_macro   0x000000000002226d      0x1c5 ./Drivers/STM32F4xx_HAL_Driver/Src/stm32f4xx_hal_uart.o

.debug_line     0x0000000000000000     0xe4db
 .debug_line    0x0000000000000000      0x6bf ./Core/Src/EnhancedFonts/arialBlack_20ptFontinfo.o
 .debug_line    0x00000000000006bf      0xe30 ./Core/Src/GFX_Color.o
 .debug_line    0x00000000000014ef      0xa7b ./Core/Src/GFX_EnhancedFonts.o
 .debug_line    0x0000000000001f6a      0x8cd ./Core/Src/TFT_ILI9341.o
 .debug_line    0x0000000000002837      0x6e2 ./Core/Src/gpio.o
 .debug_line    0x0000000000002f19      0x9fa ./Core/Src/main.o
 .debug_line    0x0000000000003913      0x71e ./Core/Src/spi.o
 .debug_line    0x0000000000004031      0x6ad ./Core/Src/stm32f4xx_hal_msp.o
 .debug_line    0x00000000000046de      0x76f ./Core/Src/stm32f4xx_it.o
 .debug_line    0x0000000000004e4d      0x72e ./Core/Src/system_stm32f4xx.o
 .debug_line    0x000000000000557b      0x716 ./Core/Src/usart.o
 .debug_line    0x0000000000005c91       0x88 ./Core/Startup/startup_stm32f446retx.o
 .debug_line    0x0000000000005d19      0x994 ./Drivers/STM32F4xx_HAL_Driver/Src/stm32f4xx_hal.o
 .debug_line    0x00000000000066ad      0xc43 ./Drivers/STM32F4xx_HAL_Driver/Src/stm32f4xx_hal_cortex.o
 .debug_line    0x00000000000072f0      0xaf6 ./Drivers/STM32F4xx_HAL_Driver/Src/stm32f4xx_hal_gpio.o
 .debug_line    0x0000000000007de6      0xd1c ./Drivers/STM32F4xx_HAL_Driver/Src/stm32f4xx_hal_rcc.o
 .debug_line    0x0000000000008b02     0x13a2 ./Drivers/STM32F4xx_HAL_Driver/Src/stm32f4xx_hal_rcc_ex.o
 .debug_line    0x0000000000009ea4     0x1c1c ./Drivers/STM32F4xx_HAL_Driver/Src/stm32f4xx_hal_spi.o
 .debug_line    0x000000000000bac0     0x2a1b ./Drivers/STM32F4xx_HAL_Driver/Src/stm32f4xx_hal_uart.o

.debug_str      0x0000000000000000    0xcb130
 .debug_str     0x0000000000000000    0xc34f4 ./Core/Src/EnhancedFonts/arialBlack_20ptFontinfo.o
                                      0xc37af (size before relaxing)
 .debug_str     0x00000000000c34f4     0x3dd6 ./Core/Src/GFX_Color.o
                                      0xc752e (size before relaxing)
 .debug_str     0x00000000000c72ca      0x1e1 ./Core/Src/GFX_EnhancedFonts.o
                                      0xc744e (size before relaxing)
 .debug_str     0x00000000000c74ab      0x59d ./Core/Src/TFT_ILI9341.o
                                      0xc4481 (size before relaxing)
 .debug_str     0x00000000000c7a48      0x185 ./Core/Src/gpio.o
                                      0xc3874 (size before relaxing)
 .debug_str     0x00000000000c7bcd     0x1285 ./Core/Src/main.o
                                      0xc8b30 (size before relaxing)
 .debug_str     0x00000000000c8e52       0x4b ./Core/Src/spi.o
                                      0xc3cd1 (size before relaxing)
 .debug_str     0x00000000000c8e9d       0x2c ./Core/Src/stm32f4xx_hal_msp.o
                                      0xc37d7 (size before relaxing)
 .debug_str     0x00000000000c8ec9       0xbd ./Core/Src/stm32f4xx_it.o
                                      0xc3740 (size before relaxing)
 .debug_str     0x00000000000c8f86       0xaf ./Core/Src/system_stm32f4xx.o
                                      0xc36c1 (size before relaxing)
 .debug_str     0x00000000000c9035       0x57 ./Core/Src/usart.o
                                      0xc3cd9 (size before relaxing)
 .debug_str     0x00000000000c908c       0x36 ./Core/Startup/startup_stm32f446retx.o
                                         0x70 (size before relaxing)
 .debug_str     0x00000000000c90c2      0xa85 ./Drivers/STM32F4xx_HAL_Driver/Src/stm32f4xx_hal.o
                                      0xc41e4 (size before relaxing)
 .debug_str     0x00000000000c9b47      0x392 ./Drivers/STM32F4xx_HAL_Driver/Src/stm32f4xx_hal_cortex.o
                                      0xc3fae (size before relaxing)
 .debug_str     0x00000000000c9ed9      0x15f ./Drivers/STM32F4xx_HAL_Driver/Src/stm32f4xx_hal_gpio.o
                                      0xc3868 (size before relaxing)
 .debug_str     0x00000000000ca038      0x259 ./Drivers/STM32F4xx_HAL_Driver/Src/stm32f4xx_hal_rcc.o
                                      0xc3ac8 (size before relaxing)
 .debug_str     0x00000000000ca291      0x324 ./Drivers/STM32F4xx_HAL_Driver/Src/stm32f4xx_hal_rcc_ex.o
                                      0xc3b25 (size before relaxing)
 .debug_str     0x00000000000ca5b5      0x57f ./Drivers/STM32F4xx_HAL_Driver/Src/stm32f4xx_hal_spi.o
                                      0xc3f40 (size before relaxing)
 .debug_str     0x00000000000cab34      0x5fc ./Drivers/STM32F4xx_HAL_Driver/Src/stm32f4xx_hal_uart.o
                                      0xc4024 (size before relaxing)

.comment        0x0000000000000000       0x53
 .comment       0x0000000000000000       0x53 ./Core/Src/EnhancedFonts/arialBlack_20ptFontinfo.o
                                         0x54 (size before relaxing)
 .comment       0x0000000000000053       0x54 ./Core/Src/GFX_Color.o
 .comment       0x0000000000000053       0x54 ./Core/Src/GFX_EnhancedFonts.o
 .comment       0x0000000000000053       0x54 ./Core/Src/TFT_ILI9341.o
 .comment       0x0000000000000053       0x54 ./Core/Src/gpio.o
 .comment       0x0000000000000053       0x54 ./Core/Src/main.o
 .comment       0x0000000000000053       0x54 ./Core/Src/spi.o
 .comment       0x0000000000000053       0x54 ./Core/Src/stm32f4xx_hal_msp.o
 .comment       0x0000000000000053       0x54 ./Core/Src/stm32f4xx_it.o
 .comment       0x0000000000000053       0x54 ./Core/Src/system_stm32f4xx.o
 .comment       0x0000000000000053       0x54 ./Core/Src/usart.o
 .comment       0x0000000000000053       0x54 ./Drivers/STM32F4xx_HAL_Driver/Src/stm32f4xx_hal.o
 .comment       0x0000000000000053       0x54 ./Drivers/STM32F4xx_HAL_Driver/Src/stm32f4xx_hal_cortex.o
 .comment       0x0000000000000053       0x54 ./Drivers/STM32F4xx_HAL_Driver/Src/stm32f4xx_hal_gpio.o
 .comment       0x0000000000000053       0x54 ./Drivers/STM32F4xx_HAL_Driver/Src/stm32f4xx_hal_rcc.o
 .comment       0x0000000000000053       0x54 ./Drivers/STM32F4xx_HAL_Driver/Src/stm32f4xx_hal_rcc_ex.o
 .comment       0x0000000000000053       0x54 ./Drivers/STM32F4xx_HAL_Driver/Src/stm32f4xx_hal_spi.o
 .comment       0x0000000000000053       0x54 ./Drivers/STM32F4xx_HAL_Driver/Src/stm32f4xx_hal_uart.o

.debug_ranges   0x0000000000000000      0x950
 .debug_ranges  0x0000000000000000       0xb8 ./Core/Src/GFX_Color.o
 .debug_ranges  0x00000000000000b8       0x48 ./Core/Src/GFX_EnhancedFonts.o
 .debug_ranges  0x0000000000000100       0x58 ./Core/Src/TFT_ILI9341.o
 .debug_ranges  0x0000000000000158       0x10 ./Core/Src/gpio.o
 .debug_ranges  0x0000000000000168       0x20 ./Core/Src/main.o
 .debug_ranges  0x0000000000000188       0x20 ./Core/Src/spi.o
 .debug_ranges  0x00000000000001a8       0x10 ./Core/Src/stm32f4xx_hal_msp.o
 .debug_ranges  0x00000000000001b8       0x50 ./Core/Src/stm32f4xx_it.o
 .debug_ranges  0x0000000000000208       0x18 ./Core/Src/system_stm32f4xx.o
 .debug_ranges  0x0000000000000220       0x20 ./Core/Src/usart.o
 .debug_ranges  0x0000000000000240       0x20 ./Core/Startup/startup_stm32f446retx.o
 .debug_ranges  0x0000000000000260       0xe0 ./Drivers/STM32F4xx_HAL_Driver/Src/stm32f4xx_hal.o
 .debug_ranges  0x0000000000000340      0x108 ./Drivers/STM32F4xx_HAL_Driver/Src/stm32f4xx_hal_cortex.o
 .debug_ranges  0x0000000000000448       0x48 ./Drivers/STM32F4xx_HAL_Driver/Src/stm32f4xx_hal_gpio.o
 .debug_ranges  0x0000000000000490       0x78 ./Drivers/STM32F4xx_HAL_Driver/Src/stm32f4xx_hal_rcc.o
 .debug_ranges  0x0000000000000508       0x68 ./Drivers/STM32F4xx_HAL_Driver/Src/stm32f4xx_hal_rcc_ex.o
 .debug_ranges  0x0000000000000570      0x1c0 ./Drivers/STM32F4xx_HAL_Driver/Src/stm32f4xx_hal_spi.o
 .debug_ranges  0x0000000000000730      0x220 ./Drivers/STM32F4xx_HAL_Driver/Src/stm32f4xx_hal_uart.o

.debug_frame    0x0000000000000000     0x2830
 .debug_frame   0x0000000000000000      0x334 ./Core/Src/GFX_Color.o
 .debug_frame   0x0000000000000334      0x138 ./Core/Src/GFX_EnhancedFonts.o
 .debug_frame   0x000000000000046c      0x180 ./Core/Src/TFT_ILI9341.o
 .debug_frame   0x00000000000005ec       0x34 ./Core/Src/gpio.o
 .debug_frame   0x0000000000000620       0x6c ./Core/Src/main.o
 .debug_frame   0x000000000000068c       0x74 ./Core/Src/spi.o
 .debug_frame   0x0000000000000700       0x34 ./Core/Src/stm32f4xx_hal_msp.o
 .debug_frame   0x0000000000000734      0x104 ./Core/Src/stm32f4xx_it.o
 .debug_frame   0x0000000000000838       0x58 ./Core/Src/system_stm32f4xx.o
 .debug_frame   0x0000000000000890       0x74 ./Core/Src/usart.o
 .debug_frame   0x0000000000000904      0x374 ./Drivers/STM32F4xx_HAL_Driver/Src/stm32f4xx_hal.o
 .debug_frame   0x0000000000000c78      0x498 ./Drivers/STM32F4xx_HAL_Driver/Src/stm32f4xx_hal_cortex.o
 .debug_frame   0x0000000000001110      0x14c ./Drivers/STM32F4xx_HAL_Driver/Src/stm32f4xx_hal_gpio.o
 .debug_frame   0x000000000000125c      0x1f0 ./Drivers/STM32F4xx_HAL_Driver/Src/stm32f4xx_hal_rcc.o
 .debug_frame   0x000000000000144c      0x1e8 ./Drivers/STM32F4xx_HAL_Driver/Src/stm32f4xx_hal_rcc_ex.o
 .debug_frame   0x0000000000001634      0x824 ./Drivers/STM32F4xx_HAL_Driver/Src/stm32f4xx_hal_spi.o
 .debug_frame   0x0000000000001e58      0x92c ./Drivers/STM32F4xx_HAL_Driver/Src/stm32f4xx_hal_uart.o
 .debug_frame   0x0000000000002784       0x2c c:/st/stm32cubeide_1.4.0/stm32cubeide/plugins/com.st.stm32cube.ide.mcu.externaltools.gnu-tools-for-stm32.9-2020-q2-update.win32_2.0.0.202105311346/tools/bin/../lib/gcc/arm-none-eabi/9.3.1/../../../../arm-none-eabi/lib/thumb/v7e-m+fp/hard\libc_nano.a(lib_a-init.o)
 .debug_frame   0x00000000000027b0       0x20 c:/st/stm32cubeide_1.4.0/stm32cubeide/plugins/com.st.stm32cube.ide.mcu.externaltools.gnu-tools-for-stm32.9-2020-q2-update.win32_2.0.0.202105311346/tools/bin/../lib/gcc/arm-none-eabi/9.3.1/../../../../arm-none-eabi/lib/thumb/v7e-m+fp/hard\libc_nano.a(lib_a-memset.o)
 .debug_frame   0x00000000000027d0       0x2c c:/st/stm32cubeide_1.4.0/stm32cubeide/plugins/com.st.stm32cube.ide.mcu.externaltools.gnu-tools-for-stm32.9-2020-q2-update.win32_2.0.0.202105311346/tools/bin/../lib/gcc/arm-none-eabi/9.3.1/thumb/v7e-m+fp/hard\libgcc.a(_aeabi_uldivmod.o)
 .debug_frame   0x00000000000027fc       0x34 c:/st/stm32cubeide_1.4.0/stm32cubeide/plugins/com.st.stm32cube.ide.mcu.externaltools.gnu-tools-for-stm32.9-2020-q2-update.win32_2.0.0.202105311346/tools/bin/../lib/gcc/arm-none-eabi/9.3.1/thumb/v7e-m+fp/hard\libgcc.a(_udivmoddi4.o)
