Archive member included to satisfy reference by file (symbol)

c:/st/stm32cubeide_1.4.0/stm32cubeide/plugins/com.st.stm32cube.ide.mcu.externaltools.gnu-tools-for-stm32.9-2020-q2-update.win32_2.0.0.202105311346/tools/bin/../lib/gcc/arm-none-eabi/9.3.1/../../../../arm-none-eabi/lib/thumb/v7e-m+fp/hard\libc_nano.a(lib_a-errno.o)
                              ./Core/Src/syscalls.o (__errno)
c:/st/stm32cubeide_1.4.0/stm32cubeide/plugins/com.st.stm32cube.ide.mcu.externaltools.gnu-tools-for-stm32.9-2020-q2-update.win32_2.0.0.202105311346/tools/bin/../lib/gcc/arm-none-eabi/9.3.1/../../../../arm-none-eabi/lib/thumb/v7e-m+fp/hard\libc_nano.a(lib_a-exit.o)
                              c:/st/stm32cubeide_1.4.0/stm32cubeide/plugins/com.st.stm32cube.ide.mcu.externaltools.gnu-tools-for-stm32.9-2020-q2-update.win32_2.0.0.202105311346/tools/bin/../lib/gcc/arm-none-eabi/9.3.1/../../../../arm-none-eabi/lib/thumb/v7e-m+fp/hard/crt0.o (exit)
c:/st/stm32cubeide_1.4.0/stm32cubeide/plugins/com.st.stm32cube.ide.mcu.externaltools.gnu-tools-for-stm32.9-2020-q2-update.win32_2.0.0.202105311346/tools/bin/../lib/gcc/arm-none-eabi/9.3.1/../../../../arm-none-eabi/lib/thumb/v7e-m+fp/hard\libc_nano.a(lib_a-impure.o)
                              c:/st/stm32cubeide_1.4.0/stm32cubeide/plugins/com.st.stm32cube.ide.mcu.externaltools.gnu-tools-for-stm32.9-2020-q2-update.win32_2.0.0.202105311346/tools/bin/../lib/gcc/arm-none-eabi/9.3.1/../../../../arm-none-eabi/lib/thumb/v7e-m+fp/hard\libc_nano.a(lib_a-exit.o) (_global_impure_ptr)
c:/st/stm32cubeide_1.4.0/stm32cubeide/plugins/com.st.stm32cube.ide.mcu.externaltools.gnu-tools-for-stm32.9-2020-q2-update.win32_2.0.0.202105311346/tools/bin/../lib/gcc/arm-none-eabi/9.3.1/../../../../arm-none-eabi/lib/thumb/v7e-m+fp/hard\libc_nano.a(lib_a-init.o)
                              c:/st/stm32cubeide_1.4.0/stm32cubeide/plugins/com.st.stm32cube.ide.mcu.externaltools.gnu-tools-for-stm32.9-2020-q2-update.win32_2.0.0.202105311346/tools/bin/../lib/gcc/arm-none-eabi/9.3.1/../../../../arm-none-eabi/lib/thumb/v7e-m+fp/hard/crt0.o (__libc_init_array)
c:/st/stm32cubeide_1.4.0/stm32cubeide/plugins/com.st.stm32cube.ide.mcu.externaltools.gnu-tools-for-stm32.9-2020-q2-update.win32_2.0.0.202105311346/tools/bin/../lib/gcc/arm-none-eabi/9.3.1/../../../../arm-none-eabi/lib/thumb/v7e-m+fp/hard\libc_nano.a(lib_a-memset.o)
                              c:/st/stm32cubeide_1.4.0/stm32cubeide/plugins/com.st.stm32cube.ide.mcu.externaltools.gnu-tools-for-stm32.9-2020-q2-update.win32_2.0.0.202105311346/tools/bin/../lib/gcc/arm-none-eabi/9.3.1/../../../../arm-none-eabi/lib/thumb/v7e-m+fp/hard/crt0.o (memset)
c:/st/stm32cubeide_1.4.0/stm32cubeide/plugins/com.st.stm32cube.ide.mcu.externaltools.gnu-tools-for-stm32.9-2020-q2-update.win32_2.0.0.202105311346/tools/bin/../lib/gcc/arm-none-eabi/9.3.1/thumb/v7e-m+fp/hard\libgcc.a(_aeabi_uldivmod.o)
                              ./Drivers/STM32F4xx_HAL_Driver/Src/stm32f4xx_hal_rcc.o (__aeabi_uldivmod)
c:/st/stm32cubeide_1.4.0/stm32cubeide/plugins/com.st.stm32cube.ide.mcu.externaltools.gnu-tools-for-stm32.9-2020-q2-update.win32_2.0.0.202105311346/tools/bin/../lib/gcc/arm-none-eabi/9.3.1/thumb/v7e-m+fp/hard\libgcc.a(_udivmoddi4.o)
                              c:/st/stm32cubeide_1.4.0/stm32cubeide/plugins/com.st.stm32cube.ide.mcu.externaltools.gnu-tools-for-stm32.9-2020-q2-update.win32_2.0.0.202105311346/tools/bin/../lib/gcc/arm-none-eabi/9.3.1/thumb/v7e-m+fp/hard\libgcc.a(_aeabi_uldivmod.o) (__udivmoddi4)
c:/st/stm32cubeide_1.4.0/stm32cubeide/plugins/com.st.stm32cube.ide.mcu.externaltools.gnu-tools-for-stm32.9-2020-q2-update.win32_2.0.0.202105311346/tools/bin/../lib/gcc/arm-none-eabi/9.3.1/thumb/v7e-m+fp/hard\libgcc.a(_dvmd_tls.o)
                              c:/st/stm32cubeide_1.4.0/stm32cubeide/plugins/com.st.stm32cube.ide.mcu.externaltools.gnu-tools-for-stm32.9-2020-q2-update.win32_2.0.0.202105311346/tools/bin/../lib/gcc/arm-none-eabi/9.3.1/thumb/v7e-m+fp/hard\libgcc.a(_aeabi_uldivmod.o) (__aeabi_ldiv0)

Allocating common symbols
Common symbol       size              file

font                0x4               ./Core/Src/GFX_Color.o
uwTick              0x4               ./Drivers/STM32F4xx_HAL_Driver/Src/stm32f4xx_hal.o
pFlash              0x20              ./Drivers/STM32F4xx_HAL_Driver/Src/stm32f4xx_hal_flash.o
Tft_hspi            0x4               ./Core/Src/TFT_ILI9341.o
hspi1               0x58              ./Core/Src/spi.o
huart2              0x44              ./Core/Src/usart.o

Discarded input sections

 .text          0x0000000000000000        0x0 c:/st/stm32cubeide_1.4.0/stm32cubeide/plugins/com.st.stm32cube.ide.mcu.externaltools.gnu-tools-for-stm32.9-2020-q2-update.win32_2.0.0.202105311346/tools/bin/../lib/gcc/arm-none-eabi/9.3.1/thumb/v7e-m+fp/hard/crti.o
[...]
Memory Configuration

Name             Origin             Length             Attributes
RAM              0x0000000020000000 0x0000000000020000 xrw
FLASH            0x0000000008000000 0x0000000000080000 xr
*default*        0x0000000000000000 0xffffffffffffffff

Linker script and memory map

LOAD c:/st/stm32cubeide_1.4.0/stm32cubeide/plugins/com.st.stm32cube.ide.mcu.externaltools.gnu-tools-for-stm32.9-2020-q2-update.win32_2.0.0.202105311346/tools/bin/../lib/gcc/arm-none-eabi/9.3.1/thumb/v7e-m+fp/hard/crti.o
LOAD c:/st/stm32cubeide_1.4.0/stm32cubeide/plugins/com.st.stm32cube.ide.mcu.externaltools.gnu-tools-for-stm32.9-2020-q2-update.win32_2.0.0.202105311346/tools/bin/../lib/gcc/arm-none-eabi/9.3.1/thumb/v7e-m+fp/hard/crtbegin.o
LOAD c:/st/stm32cubeide_1.4.0/stm32cubeide/plugins/com.st.stm32cube.ide.mcu.externaltools.gnu-tools-for-stm32.9-2020-q2-update.win32_2.0.0.202105311346/tools/bin/../lib/gcc/arm-none-eabi/9.3.1/../../../../arm-none-eabi/lib/thumb/v7e-m+fp/hard/crt0.o
LOAD ./Core/Src/GFX_Color.o
LOAD ./Core/Src/TFT_ILI9341.o
LOAD ./Core/Src/gpio.o
LOAD ./Core/Src/main.o
LOAD ./Core/Src/spi.o
LOAD ./Core/Src/stm32f4xx_hal_msp.o
LOAD ./Core/Src/stm32f4xx_it.o
LOAD ./Core/Src/syscalls.o
LOAD ./Core/Src/sysmem.o
LOAD ./Core/Src/system_stm32f4xx.o
LOAD ./Core/Src/usart.o
LOAD ./Core/Startup/startup_stm32f446retx.o
LOAD ./Drivers/STM32F4xx_HAL_Driver/Src/stm32f4xx_hal.o
LOAD ./Drivers/STM32F4xx_HAL_Driver/Src/stm32f4xx_hal_cortex.o
LOAD ./Drivers/STM32F4xx_HAL_Driver/Src/stm32f4xx_hal_dma.o
LOAD ./Drivers/STM32F4xx_HAL_Driver/Src/stm32f4xx_hal_dma_ex.o
LOAD ./Drivers/STM32F4xx_HAL_Driver/Src/stm32f4xx_hal_exti.o
LOAD ./Drivers/STM32F4xx_HAL_Driver/Src/stm32f4xx_hal_flash.o
LOAD ./Drivers/STM32F4xx_HAL_Driver/Src/stm32f4xx_hal_flash_ex.o
LOAD ./Drivers/STM32F4xx_HAL_Driver/Src/stm32f4xx_hal_flash_ramfunc.o
LOAD ./Drivers/STM32F4xx_HAL_Driver/Src/stm32f4xx_hal_gpio.o
LOAD ./Drivers/STM32F4xx_HAL_Driver/Src/stm32f4xx_hal_pwr.o
LOAD ./Drivers/STM32F4xx_HAL_Driver/Src/stm32f4xx_hal_pwr_ex.o
LOAD ./Drivers/STM32F4xx_HAL_Driver/Src/stm32f4xx_hal_rcc.o
LOAD ./Drivers/STM32F4xx_HAL_Driver/Src/stm32f4xx_hal_rcc_ex.o
LOAD ./Drivers/STM32F4xx_HAL_Driver/Src/stm32f4xx_hal_spi.o
LOAD ./Drivers/STM32F4xx_HAL_Driver/Src/stm32f4xx_hal_tim.o
LOAD ./Drivers/STM32F4xx_HAL_Driver/Src/stm32f4xx_hal_tim_ex.o
LOAD ./Drivers/STM32F4xx_HAL_Driver/Src/stm32f4xx_hal_uart.o
START GROUP
LOAD c:/st/stm32cubeide_1.4.0/stm32cubeide/plugins/com.st.stm32cube.ide.mcu.externaltools.gnu-tools-for-stm32.9-2020-q2-update.win32_2.0.0.202105311346/tools/bin/../lib/gcc/arm-none-eabi/9.3.1/../../../../arm-none-eabi/lib/thumb/v7e-m+fp/hard\libc_nano.a
LOAD c:/st/stm32cubeide_1.4.0/stm32cubeide/plugins/com.st.stm32cube.ide.mcu.externaltools.gnu-tools-for-stm32.9-2020-q2-update.win32_2.0.0.202105311346/tools/bin/../lib/gcc/arm-none-eabi/9.3.1/../../../../arm-none-eabi/lib/thumb/v7e-m+fp/hard\libm.a
END GROUP
START GROUP
LOAD c:/st/stm32cubeide_1.4.0/stm32cubeide/plugins/com.st.stm32cube.ide.mcu.externaltools.gnu-tools-for-stm32.9-2020-q2-update.win32_2.0.0.202105311346/tools/bin/../lib/gcc/arm-none-eabi/9.3.1/thumb/v7e-m+fp/hard\libgcc.a
LOAD c:/st/stm32cubeide_1.4.0/stm32cubeide/plugins/com.st.stm32cube.ide.mcu.externaltools.gnu-tools-for-stm32.9-2020-q2-update.win32_2.0.0.202105311346/tools/bin/../lib/gcc/arm-none-eabi/9.3.1/../../../../arm-none-eabi/lib/thumb/v7e-m+fp/hard\libc_nano.a
END GROUP
START GROUP
LOAD c:/st/stm32cubeide_1.4.0/stm32cubeide/plugins/com.st.stm32cube.ide.mcu.externaltools.gnu-tools-for-stm32.9-2020-q2-update.win32_2.0.0.202105311346/tools/bin/../lib/gcc/arm-none-eabi/9.3.1/thumb/v7e-m+fp/hard\libgcc.a
LOAD c:/st/stm32cubeide_1.4.0/stm32cubeide/plugins/com.st.stm32cube.ide.mcu.externaltools.gnu-tools-for-stm32.9-2020-q2-update.win32_2.0.0.202105311346/tools/bin/../lib/gcc/arm-none-eabi/9.3.1/../../../../arm-none-eabi/lib/thumb/v7e-m+fp/hard\libc_nano.a
LOAD c:/st/stm32cubeide_1.4.0/stm32cubeide/plugins/com.st.stm32cube.ide.mcu.externaltools.gnu-tools-for-stm32.9-2020-q2-update.win32_2.0.0.202105311346/tools/bin/../lib/gcc/arm-none-eabi/9.3.1/../../../../arm-none-eabi/lib/thumb/v7e-m+fp/hard\libnosys.a
END GROUP
START GROUP
LOAD c:/st/stm32cubeide_1.4.0/stm32cubeide/plugins/com.st.stm32cube.ide.mcu.externaltools.gnu-tools-for-stm32.9-2020-q2-update.win32_2.0.0.202105311346/tools/bin/../lib/gcc/arm-none-eabi/9.3.1/thumb/v7e-m+fp/hard\libgcc.a
LOAD c:/st/stm32cubeide_1.4.0/stm32cubeide/plugins/com.st.stm32cube.ide.mcu.externaltools.gnu-tools-for-stm32.9-2020-q2-update.win32_2.0.0.202105311346/tools/bin/../lib/gcc/arm-none-eabi/9.3.1/../../../../arm-none-eabi/lib/thumb/v7e-m+fp/hard\libc_nano.a
LOAD c:/st/stm32cubeide_1.4.0/stm32cubeide/plugins/com.st.stm32cube.ide.mcu.externaltools.gnu-tools-for-stm32.9-2020-q2-update.win32_2.0.0.202105311346/tools/bin/../lib/gcc/arm-none-eabi/9.3.1/../../../../arm-none-eabi/lib/thumb/v7e-m+fp/hard\libnosys.a
END GROUP
LOAD c:/st/stm32cubeide_1.4.0/stm32cubeide/plugins/com.st.stm32cube.ide.mcu.externaltools.gnu-tools-for-stm32.9-2020-q2-update.win32_2.0.0.202105311346/tools/bin/../lib/gcc/arm-none-eabi/9.3.1/thumb/v7e-m+fp/hard/crtend.o
LOAD c:/st/stm32cubeide_1.4.0/stm32cubeide/plugins/com.st.stm32cube.ide.mcu.externaltools.gnu-tools-for-stm32.9-2020-q2-update.win32_2.0.0.202105311346/tools/bin/../lib/gcc/arm-none-eabi/9.3.1/thumb/v7e-m+fp/hard/crtn.o
                0x0000000020020000                _estack = (ORIGIN (RAM) + LENGTH (RAM))
                0x0000000000000200                _Min_Heap_Size = 0x200
                0x0000000000000400                _Min_Stack_Size = 0x400

.isr_vector     0x0000000008000000      0x1c4
                0x0000000008000000                . = ALIGN (0x4)
 *(.isr_vector)
 .isr_vector    0x0000000008000000      0x1c4 ./Core/Startup/startup_stm32f446retx.o
                0x0000000008000000                g_pfnVectors
                0x00000000080001c4                . = ALIGN (0x4)

.text           0x00000000080001c4     0x2350
                0x00000000080001c4                . = ALIGN (0x4)
 *(.text)
 .text          0x00000000080001c4       0x40 c:/st/stm32cubeide_1.4.0/stm32cubeide/plugins/com.st.stm32cube.ide.mcu.externaltools.gnu-tools-for-stm32.9-2020-q2-update.win32_2.0.0.202105311346/tools/bin/../lib/gcc/arm-none-eabi/9.3.1/thumb/v7e-m+fp/hard/crtbegin.o
 .text          0x0000000008000204       0x30 c:/st/stm32cubeide_1.4.0/stm32cubeide/plugins/com.st.stm32cube.ide.mcu.externaltools.gnu-tools-for-stm32.9-2020-q2-update.win32_2.0.0.202105311346/tools/bin/../lib/gcc/arm-none-eabi/9.3.1/thumb/v7e-m+fp/hard\libgcc.a(_aeabi_uldivmod.o)
                0x0000000008000204                __aeabi_uldivmod
 .text          0x0000000008000234      0x2c4 c:/st/stm32cubeide_1.4.0/stm32cubeide/plugins/com.st.stm32cube.ide.mcu.externaltools.gnu-tools-for-stm32.9-2020-q2-update.win32_2.0.0.202105311346/tools/bin/../lib/gcc/arm-none-eabi/9.3.1/thumb/v7e-m+fp/hard\libgcc.a(_udivmoddi4.o)
                0x0000000008000234                __udivmoddi4
 .text          0x00000000080004f8        0x4 c:/st/stm32cubeide_1.4.0/stm32cubeide/plugins/com.st.stm32cube.ide.mcu.externaltools.gnu-tools-for-stm32.9-2020-q2-update.win32_2.0.0.202105311346/tools/bin/../lib/gcc/arm-none-eabi/9.3.1/thumb/v7e-m+fp/hard\libgcc.a(_dvmd_tls.o)
                0x00000000080004f8                __aeabi_idiv0
                0x00000000080004f8                __aeabi_ldiv0
 *(.text*)
 .text.GFX_SetFont
                0x00000000080004fc       0x20 ./Core/Src/GFX_Color.o
                0x00000000080004fc                GFX_SetFont
 .text.ILI9341_Delay
                0x000000000800051c       0x16 ./Core/Src/TFT_ILI9341.o
 *fill*         0x0000000008000532        0x2 
 .text.ILI9341_SendToTFT
                0x0000000008000534       0x60 ./Core/Src/TFT_ILI9341.o
 .text.ILI9341_SendCommand
                0x0000000008000594       0x44 ./Core/Src/TFT_ILI9341.o
 .text.ILI9341_SendCommandAndData
                0x00000000080005d8       0x5c ./Core/Src/TFT_ILI9341.o
 .text.ILI9341_SetRotation
                0x0000000008000634       0x5c ./Core/Src/TFT_ILI9341.o
                0x0000000008000634                ILI9341_SetRotation
 .text.ILI9341_SetAddrWindow
                0x0000000008000690       0x9a ./Core/Src/TFT_ILI9341.o
                0x0000000008000690                ILI9341_SetAddrWindow
 .text.ILI9341_DrawImage
                0x000000000800072a       0x54 ./Core/Src/TFT_ILI9341.o
                0x000000000800072a                ILI9341_DrawImage
 *fill*         0x000000000800077e        0x2 
 .text.ILI9341_ClearDisplay
                0x0000000008000780       0xb8 ./Core/Src/TFT_ILI9341.o
                0x0000000008000780                ILI9341_ClearDisplay
 .text.ILI9341_Init
                0x0000000008000838       0xa8 ./Core/Src/TFT_ILI9341.o
                0x0000000008000838                ILI9341_Init
 .text.MX_GPIO_Init
                0x00000000080008e0      0x130 ./Core/Src/gpio.o
                0x00000000080008e0                MX_GPIO_Init
 .text.main     0x0000000008000a10       0x4c ./Core/Src/main.o
                0x0000000008000a10                main
 .text.SystemClock_Config
                0x0000000008000a5c       0xdc ./Core/Src/main.o
                0x0000000008000a5c                SystemClock_Config
 .text.Error_Handler
                0x0000000008000b38        0xa ./Core/Src/main.o
                0x0000000008000b38                Error_Handler
 *fill*         0x0000000008000b42        0x2 
 .text.MX_SPI1_Init
                0x0000000008000b44       0x6c ./Core/Src/spi.o
                0x0000000008000b44                MX_SPI1_Init
 .text.HAL_SPI_MspInit
                0x0000000008000bb0       0x90 ./Core/Src/spi.o
                0x0000000008000bb0                HAL_SPI_MspInit
 .text.HAL_MspInit
                0x0000000008000c40       0x50 ./Core/Src/stm32f4xx_hal_msp.o
                0x0000000008000c40                HAL_MspInit
 .text.NMI_Handler
                0x0000000008000c90        0x6 ./Core/Src/stm32f4xx_it.o
                0x0000000008000c90                NMI_Handler
 .text.HardFault_Handler
                0x0000000008000c96        0x6 ./Core/Src/stm32f4xx_it.o
                0x0000000008000c96                HardFault_Handler
 .text.MemManage_Handler
                0x0000000008000c9c        0x6 ./Core/Src/stm32f4xx_it.o
                0x0000000008000c9c                MemManage_Handler
 .text.BusFault_Handler
                0x0000000008000ca2        0x6 ./Core/Src/stm32f4xx_it.o
                0x0000000008000ca2                BusFault_Handler
 .text.UsageFault_Handler
                0x0000000008000ca8        0x6 ./Core/Src/stm32f4xx_it.o
                0x0000000008000ca8                UsageFault_Handler
 .text.SVC_Handler
                0x0000000008000cae        0xe ./Core/Src/stm32f4xx_it.o
                0x0000000008000cae                SVC_Handler
 .text.DebugMon_Handler
                0x0000000008000cbc        0xe ./Core/Src/stm32f4xx_it.o
                0x0000000008000cbc                DebugMon_Handler
 .text.PendSV_Handler
                0x0000000008000cca        0xe ./Core/Src/stm32f4xx_it.o
                0x0000000008000cca                PendSV_Handler
 .text.SysTick_Handler
                0x0000000008000cd8        0xc ./Core/Src/stm32f4xx_it.o
                0x0000000008000cd8                SysTick_Handler
 .text.SystemInit
                0x0000000008000ce4       0x24 ./Core/Src/system_stm32f4xx.o
                0x0000000008000ce4                SystemInit
 .text.MX_USART2_UART_Init
                0x0000000008000d08       0x54 ./Core/Src/usart.o
                0x0000000008000d08                MX_USART2_UART_Init
 .text.HAL_UART_MspInit
                0x0000000008000d5c       0x90 ./Core/Src/usart.o
                0x0000000008000d5c                HAL_UART_MspInit
 .text.Reset_Handler
                0x0000000008000dec       0x50 ./Core/Startup/startup_stm32f446retx.o
                0x0000000008000dec                Reset_Handler
 .text.Default_Handler
                0x0000000008000e3c        0x2 ./Core/Startup/startup_stm32f446retx.o
                0x0000000008000e3c                RTC_Alarm_IRQHandler
                0x0000000008000e3c                EXTI2_IRQHandler
                0x0000000008000e3c                TIM8_CC_IRQHandler
                0x0000000008000e3c                FMPI2C1_EV_IRQHandler
                0x0000000008000e3c                SPI4_IRQHandler
                0x0000000008000e3c                TIM1_CC_IRQHandler
                0x0000000008000e3c                DMA2_Stream5_IRQHandler
                0x0000000008000e3c                DMA1_Stream5_IRQHandler
                0x0000000008000e3c                PVD_IRQHandler
                0x0000000008000e3c                SDIO_IRQHandler
                0x0000000008000e3c                TAMP_STAMP_IRQHandler
                0x0000000008000e3c                CAN2_RX1_IRQHandler
                0x0000000008000e3c                EXTI3_IRQHandler
                0x0000000008000e3c                TIM8_TRG_COM_TIM14_IRQHandler
                0x0000000008000e3c                TIM1_UP_TIM10_IRQHandler
                0x0000000008000e3c                TIM8_UP_TIM13_IRQHandler
                0x0000000008000e3c                I2C3_ER_IRQHandler
                0x0000000008000e3c                EXTI0_IRQHandler
                0x0000000008000e3c                I2C2_EV_IRQHandler
                0x0000000008000e3c                DMA1_Stream2_IRQHandler
                0x0000000008000e3c                CAN1_RX0_IRQHandler
                0x0000000008000e3c                FPU_IRQHandler
                0x0000000008000e3c                OTG_HS_WKUP_IRQHandler
                0x0000000008000e3c                CAN2_SCE_IRQHandler
                0x0000000008000e3c                DMA2_Stream2_IRQHandler
                0x0000000008000e3c                SPI1_IRQHandler
                0x0000000008000e3c                TIM6_DAC_IRQHandler
                0x0000000008000e3c                TIM1_BRK_TIM9_IRQHandler
                0x0000000008000e3c                DCMI_IRQHandler
                0x0000000008000e3c                CAN2_RX0_IRQHandler
                0x0000000008000e3c                DMA2_Stream3_IRQHandler
                0x0000000008000e3c                SAI2_IRQHandler
                0x0000000008000e3c                USART6_IRQHandler
                0x0000000008000e3c                USART3_IRQHandler
                0x0000000008000e3c                CAN1_RX1_IRQHandler
                0x0000000008000e3c                UART5_IRQHandler
                0x0000000008000e3c                DMA2_Stream0_IRQHandler
                0x0000000008000e3c                TIM4_IRQHandler
                0x0000000008000e3c                QUADSPI_IRQHandler
                0x0000000008000e3c                I2C1_EV_IRQHandler
                0x0000000008000e3c                DMA1_Stream6_IRQHandler
                0x0000000008000e3c                DMA1_Stream1_IRQHandler
                0x0000000008000e3c                UART4_IRQHandler
                0x0000000008000e3c                TIM3_IRQHandler
                0x0000000008000e3c                RCC_IRQHandler
                0x0000000008000e3c                TIM8_BRK_TIM12_IRQHandler
                0x0000000008000e3c                Default_Handler
                0x0000000008000e3c                CEC_IRQHandler
                0x0000000008000e3c                EXTI15_10_IRQHandler
                0x0000000008000e3c                ADC_IRQHandler
                0x0000000008000e3c                DMA1_Stream7_IRQHandler
                0x0000000008000e3c                TIM7_IRQHandler
                0x0000000008000e3c                CAN2_TX_IRQHandler
                0x0000000008000e3c                TIM5_IRQHandler
                0x0000000008000e3c                DMA2_Stream7_IRQHandler
                0x0000000008000e3c                I2C3_EV_IRQHandler
                0x0000000008000e3c                EXTI9_5_IRQHandler
                0x0000000008000e3c                RTC_WKUP_IRQHandler
                0x0000000008000e3c                SPDIF_RX_IRQHandler
                0x0000000008000e3c                SPI2_IRQHandler
                0x0000000008000e3c                OTG_HS_EP1_IN_IRQHandler
                0x0000000008000e3c                DMA1_Stream0_IRQHandler
                0x0000000008000e3c                CAN1_TX_IRQHandler
                0x0000000008000e3c                FMPI2C1_ER_IRQHandler
                0x0000000008000e3c                EXTI4_IRQHandler
                0x0000000008000e3c                OTG_HS_EP1_OUT_IRQHandler
                0x0000000008000e3c                WWDG_IRQHandler
                0x0000000008000e3c                TIM2_IRQHandler
                0x0000000008000e3c                OTG_FS_WKUP_IRQHandler
                0x0000000008000e3c                TIM1_TRG_COM_TIM11_IRQHandler
                0x0000000008000e3c                OTG_HS_IRQHandler
                0x0000000008000e3c                EXTI1_IRQHandler
                0x0000000008000e3c                USART2_IRQHandler
                0x0000000008000e3c                I2C2_ER_IRQHandler
                0x0000000008000e3c                DMA2_Stream1_IRQHandler
                0x0000000008000e3c                CAN1_SCE_IRQHandler
                0x0000000008000e3c                FLASH_IRQHandler
                0x0000000008000e3c                DMA2_Stream4_IRQHandler
                0x0000000008000e3c                USART1_IRQHandler
                0x0000000008000e3c                OTG_FS_IRQHandler
                0x0000000008000e3c                SPI3_IRQHandler
                0x0000000008000e3c                DMA1_Stream4_IRQHandler
                0x0000000008000e3c                I2C1_ER_IRQHandler
                0x0000000008000e3c                FMC_IRQHandler
                0x0000000008000e3c                DMA2_Stream6_IRQHandler
                0x0000000008000e3c                SAI1_IRQHandler
                0x0000000008000e3c                DMA1_Stream3_IRQHandler
 *fill*         0x0000000008000e3e        0x2 
 .text.HAL_Init
                0x0000000008000e40       0x44 ./Drivers/STM32F4xx_HAL_Driver/Src/stm32f4xx_hal.o
                0x0000000008000e40                HAL_Init
 .text.HAL_InitTick
                0x0000000008000e84       0x60 ./Drivers/STM32F4xx_HAL_Driver/Src/stm32f4xx_hal.o
                0x0000000008000e84                HAL_InitTick
 .text.HAL_IncTick
                0x0000000008000ee4       0x28 ./Drivers/STM32F4xx_HAL_Driver/Src/stm32f4xx_hal.o
                0x0000000008000ee4                HAL_IncTick
 .text.HAL_GetTick
                0x0000000008000f0c       0x18 ./Drivers/STM32F4xx_HAL_Driver/Src/stm32f4xx_hal.o
                0x0000000008000f0c                HAL_GetTick
 .text.HAL_Delay
                0x0000000008000f24       0x48 ./Drivers/STM32F4xx_HAL_Driver/Src/stm32f4xx_hal.o
                0x0000000008000f24                HAL_Delay
 .text.__NVIC_SetPriorityGrouping
                0x0000000008000f6c       0x48 ./Drivers/STM32F4xx_HAL_Driver/Src/stm32f4xx_hal_cortex.o
 .text.__NVIC_GetPriorityGrouping
                0x0000000008000fb4       0x1c ./Drivers/STM32F4xx_HAL_Driver/Src/stm32f4xx_hal_cortex.o
 .text.__NVIC_SetPriority
                0x0000000008000fd0       0x54 ./Drivers/STM32F4xx_HAL_Driver/Src/stm32f4xx_hal_cortex.o
 .text.NVIC_EncodePriority
                0x0000000008001024       0x66 ./Drivers/STM32F4xx_HAL_Driver/Src/stm32f4xx_hal_cortex.o
 *fill*         0x000000000800108a        0x2 
 .text.SysTick_Config
                0x000000000800108c       0x44 ./Drivers/STM32F4xx_HAL_Driver/Src/stm32f4xx_hal_cortex.o
 .text.HAL_NVIC_SetPriorityGrouping
                0x00000000080010d0       0x16 ./Drivers/STM32F4xx_HAL_Driver/Src/stm32f4xx_hal_cortex.o
                0x00000000080010d0                HAL_NVIC_SetPriorityGrouping
 .text.HAL_NVIC_SetPriority
                0x00000000080010e6       0x38 ./Drivers/STM32F4xx_HAL_Driver/Src/stm32f4xx_hal_cortex.o
                0x00000000080010e6                HAL_NVIC_SetPriority
 .text.HAL_SYSTICK_Config
                0x000000000800111e       0x18 ./Drivers/STM32F4xx_HAL_Driver/Src/stm32f4xx_hal_cortex.o
                0x000000000800111e                HAL_SYSTICK_Config
 *fill*         0x0000000008001136        0x2 
 .text.HAL_GPIO_Init
                0x0000000008001138      0x328 ./Drivers/STM32F4xx_HAL_Driver/Src/stm32f4xx_hal_gpio.o
                0x0000000008001138                HAL_GPIO_Init
 .text.HAL_GPIO_WritePin
                0x0000000008001460       0x32 ./Drivers/STM32F4xx_HAL_Driver/Src/stm32f4xx_hal_gpio.o
                0x0000000008001460                HAL_GPIO_WritePin
 *fill*         0x0000000008001492        0x2 
 .text.HAL_RCC_ClockConfig
                0x0000000008001494      0x1cc ./Drivers/STM32F4xx_HAL_Driver/Src/stm32f4xx_hal_rcc.o
                0x0000000008001494                HAL_RCC_ClockConfig
 .text.HAL_RCC_GetHCLKFreq
                0x0000000008001660       0x18 ./Drivers/STM32F4xx_HAL_Driver/Src/stm32f4xx_hal_rcc.o
                0x0000000008001660                HAL_RCC_GetHCLKFreq
 .text.HAL_RCC_GetPCLK1Freq
                0x0000000008001678       0x28 ./Drivers/STM32F4xx_HAL_Driver/Src/stm32f4xx_hal_rcc.o
                0x0000000008001678                HAL_RCC_GetPCLK1Freq
 .text.HAL_RCC_GetPCLK2Freq
                0x00000000080016a0       0x28 ./Drivers/STM32F4xx_HAL_Driver/Src/stm32f4xx_hal_rcc.o
                0x00000000080016a0                HAL_RCC_GetPCLK2Freq
 .text.HAL_RCC_GetSysClockFreq
                0x00000000080016c8      0x364 ./Drivers/STM32F4xx_HAL_Driver/Src/stm32f4xx_hal_rcc_ex.o
                0x00000000080016c8                HAL_RCC_GetSysClockFreq
 .text.HAL_RCC_OscConfig
                0x0000000008001a2c      0x53c ./Drivers/STM32F4xx_HAL_Driver/Src/stm32f4xx_hal_rcc_ex.o
                0x0000000008001a2c                HAL_RCC_OscConfig
 .text.HAL_SPI_Init
                0x0000000008001f68      0x112 ./Drivers/STM32F4xx_HAL_Driver/Src/stm32f4xx_hal_spi.o
                0x0000000008001f68                HAL_SPI_Init
 .text.HAL_UART_Init
                0x000000000800207a       0x9a ./Drivers/STM32F4xx_HAL_Driver/Src/stm32f4xx_hal_uart.o
                0x000000000800207a                HAL_UART_Init
 .text.UART_SetConfig
                0x0000000008002114      0x390 ./Drivers/STM32F4xx_HAL_Driver/Src/stm32f4xx_hal_uart.o
 .text.__libc_init_array
                0x00000000080024a4       0x48 c:/st/stm32cubeide_1.4.0/stm32cubeide/plugins/com.st.stm32cube.ide.mcu.externaltools.gnu-tools-for-stm32.9-2020-q2-update.win32_2.0.0.202105311346/tools/bin/../lib/gcc/arm-none-eabi/9.3.1/../../../../arm-none-eabi/lib/thumb/v7e-m+fp/hard\libc_nano.a(lib_a-init.o)
                0x00000000080024a4                __libc_init_array
 .text.memset   0x00000000080024ec       0x10 c:/st/stm32cubeide_1.4.0/stm32cubeide/plugins/com.st.stm32cube.ide.mcu.externaltools.gnu-tools-for-stm32.9-2020-q2-update.win32_2.0.0.202105311346/tools/bin/../lib/gcc/arm-none-eabi/9.3.1/../../../../arm-none-eabi/lib/thumb/v7e-m+fp/hard\libc_nano.a(lib_a-memset.o)
                0x00000000080024ec                memset
 *(.glue_7)
 .glue_7        0x00000000080024fc        0x0 linker stubs
 *(.glue_7t)
 .glue_7t       0x00000000080024fc        0x0 linker stubs
 *(.eh_frame)
 .eh_frame      0x00000000080024fc        0x0 c:/st/stm32cubeide_1.4.0/stm32cubeide/plugins/com.st.stm32cube.ide.mcu.externaltools.gnu-tools-for-stm32.9-2020-q2-update.win32_2.0.0.202105311346/tools/bin/../lib/gcc/arm-none-eabi/9.3.1/thumb/v7e-m+fp/hard/crtbegin.o
 *(.init)
 .init          0x00000000080024fc        0x4 c:/st/stm32cubeide_1.4.0/stm32cubeide/plugins/com.st.stm32cube.ide.mcu.externaltools.gnu-tools-for-stm32.9-2020-q2-update.win32_2.0.0.202105311346/tools/bin/../lib/gcc/arm-none-eabi/9.3.1/thumb/v7e-m+fp/hard/crti.o
                0x00000000080024fc                _init
 .init          0x0000000008002500        0x8 c:/st/stm32cubeide_1.4.0/stm32cubeide/plugins/com.st.stm32cube.ide.mcu.externaltools.gnu-tools-for-stm32.9-2020-q2-update.win32_2.0.0.202105311346/tools/bin/../lib/gcc/arm-none-eabi/9.3.1/thumb/v7e-m+fp/hard/crtn.o
 *(.fini)
 .fini          0x0000000008002508        0x4 c:/st/stm32cubeide_1.4.0/stm32cubeide/plugins/com.st.stm32cube.ide.mcu.externaltools.gnu-tools-for-stm32.9-2020-q2-update.win32_2.0.0.202105311346/tools/bin/../lib/gcc/arm-none-eabi/9.3.1/thumb/v7e-m+fp/hard/crti.o
                0x0000000008002508                _fini
 .fini          0x000000000800250c        0x8 c:/st/stm32cubeide_1.4.0/stm32cubeide/plugins/com.st.stm32cube.ide.mcu.externaltools.gnu-tools-for-stm32.9-2020-q2-update.win32_2.0.0.202105311346/tools/bin/../lib/gcc/arm-none-eabi/9.3.1/thumb/v7e-m+fp/hard/crtn.o
                0x0000000008002514                . = ALIGN (0x4)
                0x0000000008002514                _etext = .

.vfp11_veneer   0x0000000008002514        0x0
 .vfp11_veneer  0x0000000008002514        0x0 linker stubs

.v4_bx          0x0000000008002514        0x0
 .v4_bx         0x0000000008002514        0x0 linker stubs

.iplt           0x0000000008002514        0x0
 .iplt          0x0000000008002514        0x0 c:/st/stm32cubeide_1.4.0/stm32cubeide/plugins/com.st.stm32cube.ide.mcu.externaltools.gnu-tools-for-stm32.9-2020-q2-update.win32_2.0.0.202105311346/tools/bin/../lib/gcc/arm-none-eabi/9.3.1/thumb/v7e-m+fp/hard/crtbegin.o

.rodata         0x0000000008002514    0x19ee8
                0x0000000008002514                . = ALIGN (0x4)
 *(.rodata)
 *(.rodata*)
 .rodata.initcmd
                0x0000000008002514       0x6f ./Core/Src/TFT_ILI9341.o
 *fill*         0x0000000008002583        0x1 
 .rodata.font_8x5
                0x0000000008002584      0x1dd ./Core/Src/main.o
                0x0000000008002584                font_8x5
 *fill*         0x0000000008002761        0x3 
 .rodata.logo   0x0000000008002764    0x19c80 ./Core/Src/main.o
                0x0000000008002764                logo
 .rodata.AHBPrescTable
                0x000000000801c3e4       0x10 ./Core/Src/system_stm32f4xx.o
                0x000000000801c3e4                AHBPrescTable
 .rodata.APBPrescTable
                0x000000000801c3f4        0x8 ./Core/Src/system_stm32f4xx.o
                0x000000000801c3f4                APBPrescTable
                0x000000000801c3fc                . = ALIGN (0x4)

.ARM.extab      0x000000000801c3fc        0x0
                0x000000000801c3fc                . = ALIGN (0x4)
 *(.ARM.extab* .gnu.linkonce.armextab.*)
                0x000000000801c3fc                . = ALIGN (0x4)

.ARM            0x000000000801c3fc        0x8
                0x000000000801c3fc                . = ALIGN (0x4)
                0x000000000801c3fc                __exidx_start = .
 *(.ARM.exidx*)
 .ARM.exidx     0x000000000801c3fc        0x8 c:/st/stm32cubeide_1.4.0/stm32cubeide/plugins/com.st.stm32cube.ide.mcu.externaltools.gnu-tools-for-stm32.9-2020-q2-update.win32_2.0.0.202105311346/tools/bin/../lib/gcc/arm-none-eabi/9.3.1/thumb/v7e-m+fp/hard\libgcc.a(_udivmoddi4.o)
                0x000000000801c404                __exidx_end = .
                0x000000000801c404                . = ALIGN (0x4)

.rel.dyn        0x000000000801c404        0x0
 .rel.iplt      0x000000000801c404        0x0 c:/st/stm32cubeide_1.4.0/stm32cubeide/plugins/com.st.stm32cube.ide.mcu.externaltools.gnu-tools-for-stm32.9-2020-q2-update.win32_2.0.0.202105311346/tools/bin/../lib/gcc/arm-none-eabi/9.3.1/thumb/v7e-m+fp/hard/crtbegin.o

.preinit_array  0x000000000801c404        0x0
                0x000000000801c404                . = ALIGN (0x4)
                0x000000000801c404                PROVIDE (__preinit_array_start = .)
 *(.preinit_array*)
                0x000000000801c404                PROVIDE (__preinit_array_end = .)
                0x000000000801c404                . = ALIGN (0x4)

.init_array     0x000000000801c404        0x4
                0x000000000801c404                . = ALIGN (0x4)
                0x000000000801c404                PROVIDE (__init_array_start = .)
 *(SORT_BY_NAME(.init_array.*))
 *(.init_array*)
 .init_array    0x000000000801c404        0x4 c:/st/stm32cubeide_1.4.0/stm32cubeide/plugins/com.st.stm32cube.ide.mcu.externaltools.gnu-tools-for-stm32.9-2020-q2-update.win32_2.0.0.202105311346/tools/bin/../lib/gcc/arm-none-eabi/9.3.1/thumb/v7e-m+fp/hard/crtbegin.o
                0x000000000801c408                PROVIDE (__init_array_end = .)
                0x000000000801c408                . = ALIGN (0x4)

.fini_array     0x000000000801c408        0x4
                0x000000000801c408                . = ALIGN (0x4)
                [!provide]                        PROVIDE (__fini_array_start = .)
 *(SORT_BY_NAME(.fini_array.*))
 *(.fini_array*)
 .fini_array    0x000000000801c408        0x4 c:/st/stm32cubeide_1.4.0/stm32cubeide/plugins/com.st.stm32cube.ide.mcu.externaltools.gnu-tools-for-stm32.9-2020-q2-update.win32_2.0.0.202105311346/tools/bin/../lib/gcc/arm-none-eabi/9.3.1/thumb/v7e-m+fp/hard/crtbegin.o
                [!provide]                        PROVIDE (__fini_array_end = .)
                0x000000000801c40c                . = ALIGN (0x4)
                0x000000000801c40c                _sidata = LOADADDR (.data)

.data           0x0000000020000000        0xc load address 0x000000000801c40c
                0x0000000020000000                . = ALIGN (0x4)
                0x0000000020000000                _sdata = .
 *(.data)
 *(.data*)
 .data.SystemCoreClock
                0x0000000020000000        0x4 ./Core/Src/system_stm32f4xx.o
                0x0000000020000000                SystemCoreClock
 .data.uwTickPrio
                0x0000000020000004        0x4 ./Drivers/STM32F4xx_HAL_Driver/Src/stm32f4xx_hal.o
                0x0000000020000004                uwTickPrio
 .data.uwTickFreq
                0x0000000020000008        0x1 ./Drivers/STM32F4xx_HAL_Driver/Src/stm32f4xx_hal.o
                0x0000000020000008                uwTickFreq
 *(.RamFunc)
 *(.RamFunc*)
                0x000000002000000c                . = ALIGN (0x4)
 *fill*         0x0000000020000009        0x3 
                0x000000002000000c                _edata = .

.igot.plt       0x000000002000000c        0x0 load address 0x000000000801c418
 .igot.plt      0x000000002000000c        0x0 c:/st/stm32cubeide_1.4.0/stm32cubeide/plugins/com.st.stm32cube.ide.mcu.externaltools.gnu-tools-for-stm32.9-2020-q2-update.win32_2.0.0.202105311346/tools/bin/../lib/gcc/arm-none-eabi/9.3.1/thumb/v7e-m+fp/hard/crtbegin.o
                0x000000002000000c                . = ALIGN (0x4)

.bss            0x000000002000000c       0xc4 load address 0x000000000801c418
                0x000000002000000c                _sbss = .
                0x000000002000000c                __bss_start__ = _sbss
 *(.bss)
 .bss           0x000000002000000c       0x1c c:/st/stm32cubeide_1.4.0/stm32cubeide/plugins/com.st.stm32cube.ide.mcu.externaltools.gnu-tools-for-stm32.9-2020-q2-update.win32_2.0.0.202105311346/tools/bin/../lib/gcc/arm-none-eabi/9.3.1/thumb/v7e-m+fp/hard/crtbegin.o
 *(.bss*)
 *(COMMON)
 COMMON         0x0000000020000028        0x4 ./Core/Src/GFX_Color.o
                0x0000000020000028                font
 COMMON         0x000000002000002c        0x4 ./Core/Src/TFT_ILI9341.o
                0x000000002000002c                Tft_hspi
 COMMON         0x0000000020000030       0x58 ./Core/Src/spi.o
                0x0000000020000030                hspi1
 COMMON         0x0000000020000088       0x44 ./Core/Src/usart.o
                0x0000000020000088                huart2
 COMMON         0x00000000200000cc        0x4 ./Drivers/STM32F4xx_HAL_Driver/Src/stm32f4xx_hal.o
                0x00000000200000cc                uwTick
                0x00000000200000d0                . = ALIGN (0x4)
                0x00000000200000d0                _ebss = .
                0x00000000200000d0                __bss_end__ = _ebss

._user_heap_stack
                0x00000000200000d0      0x600 load address 0x000000000801c418
                0x00000000200000d0                . = ALIGN (0x8)
                [!provide]                        PROVIDE (end = .)
                0x00000000200000d0                PROVIDE (_end = .)
                0x00000000200002d0                . = (. + _Min_Heap_Size)
 *fill*         0x00000000200000d0      0x200 
                0x00000000200006d0                . = (. + _Min_Stack_Size)
 *fill*         0x00000000200002d0      0x400 
                0x00000000200006d0                . = ALIGN (0x8)

/DISCARD/
 libc.a(*)
 libm.a(*)
 libgcc.a(*)

.ARM.attributes
                0x0000000000000000       0x30
 *(.ARM.attributes)
 .ARM.attributes
                0x0000000000000000       0x1e c:/st/stm32cubeide_1.4.0/stm32cubeide/plugins/com.st.stm32cube.ide.mcu.externaltools.gnu-tools-for-stm32.9-2020-q2-update.win32_2.0.0.202105311346/tools/bin/../lib/gcc/arm-none-eabi/9.3.1/thumb/v7e-m+fp/hard/crti.o
 .ARM.attributes
                0x000000000000001e       0x34 c:/st/stm32cubeide_1.4.0/stm32cubeide/plugins/com.st.stm32cube.ide.mcu.externaltools.gnu-tools-for-stm32.9-2020-q2-update.win32_2.0.0.202105311346/tools/bin/../lib/gcc/arm-none-eabi/9.3.1/thumb/v7e-m+fp/hard/crtbegin.o
 .ARM.attributes
                0x0000000000000052       0x34 ./Core/Src/GFX_Color.o
 .ARM.attributes
                0x0000000000000086       0x34 ./Core/Src/TFT_ILI9341.o
 .ARM.attributes
                0x00000000000000ba       0x34 ./Core/Src/gpio.o
 .ARM.attributes
                0x00000000000000ee       0x34 ./Core/Src/main.o
 .ARM.attributes
                0x0000000000000122       0x34 ./Core/Src/spi.o
 .ARM.attributes
                0x0000000000000156       0x34 ./Core/Src/stm32f4xx_hal_msp.o
 .ARM.attributes
                0x000000000000018a       0x34 ./Core/Src/stm32f4xx_it.o
 .ARM.attributes
                0x00000000000001be       0x34 ./Core/Src/system_stm32f4xx.o
 .ARM.attributes
                0x00000000000001f2       0x34 ./Core/Src/usart.o
 .ARM.attributes
                0x0000000000000226       0x21 ./Core/Startup/startup_stm32f446retx.o
 .ARM.attributes
                0x0000000000000247       0x34 ./Drivers/STM32F4xx_HAL_Driver/Src/stm32f4xx_hal.o
 .ARM.attributes
                0x000000000000027b       0x34 ./Drivers/STM32F4xx_HAL_Driver/Src/stm32f4xx_hal_cortex.o
 .ARM.attributes
                0x00000000000002af       0x34 ./Drivers/STM32F4xx_HAL_Driver/Src/stm32f4xx_hal_gpio.o
 .ARM.attributes
                0x00000000000002e3       0x34 ./Drivers/STM32F4xx_HAL_Driver/Src/stm32f4xx_hal_rcc.o
 .ARM.attributes
                0x0000000000000317       0x34 ./Drivers/STM32F4xx_HAL_Driver/Src/stm32f4xx_hal_rcc_ex.o
 .ARM.attributes
                0x000000000000034b       0x34 ./Drivers/STM32F4xx_HAL_Driver/Src/stm32f4xx_hal_spi.o
 .ARM.attributes
                0x000000000000037f       0x34 ./Drivers/STM32F4xx_HAL_Driver/Src/stm32f4xx_hal_uart.o
 .ARM.attributes
                0x00000000000003b3       0x34 c:/st/stm32cubeide_1.4.0/stm32cubeide/plugins/com.st.stm32cube.ide.mcu.externaltools.gnu-tools-for-stm32.9-2020-q2-update.win32_2.0.0.202105311346/tools/bin/../lib/gcc/arm-none-eabi/9.3.1/../../../../arm-none-eabi/lib/thumb/v7e-m+fp/hard\libc_nano.a(lib_a-init.o)
 .ARM.attributes
                0x00000000000003e7       0x34 c:/st/stm32cubeide_1.4.0/stm32cubeide/plugins/com.st.stm32cube.ide.mcu.externaltools.gnu-tools-for-stm32.9-2020-q2-update.win32_2.0.0.202105311346/tools/bin/../lib/gcc/arm-none-eabi/9.3.1/../../../../arm-none-eabi/lib/thumb/v7e-m+fp/hard\libc_nano.a(lib_a-memset.o)
 .ARM.attributes
                0x000000000000041b       0x1e c:/st/stm32cubeide_1.4.0/stm32cubeide/plugins/com.st.stm32cube.ide.mcu.externaltools.gnu-tools-for-stm32.9-2020-q2-update.win32_2.0.0.202105311346/tools/bin/../lib/gcc/arm-none-eabi/9.3.1/thumb/v7e-m+fp/hard\libgcc.a(_aeabi_uldivmod.o)
 .ARM.attributes
                0x0000000000000439       0x34 c:/st/stm32cubeide_1.4.0/stm32cubeide/plugins/com.st.stm32cube.ide.mcu.externaltools.gnu-tools-for-stm32.9-2020-q2-update.win32_2.0.0.202105311346/tools/bin/../lib/gcc/arm-none-eabi/9.3.1/thumb/v7e-m+fp/hard\libgcc.a(_udivmoddi4.o)
 .ARM.attributes
                0x000000000000046d       0x1e c:/st/stm32cubeide_1.4.0/stm32cubeide/plugins/com.st.stm32cube.ide.mcu.externaltools.gnu-tools-for-stm32.9-2020-q2-update.win32_2.0.0.202105311346/tools/bin/../lib/gcc/arm-none-eabi/9.3.1/thumb/v7e-m+fp/hard\libgcc.a(_dvmd_tls.o)
 .ARM.attributes
                0x000000000000048b       0x1e c:/st/stm32cubeide_1.4.0/stm32cubeide/plugins/com.st.stm32cube.ide.mcu.externaltools.gnu-tools-for-stm32.9-2020-q2-update.win32_2.0.0.202105311346/tools/bin/../lib/gcc/arm-none-eabi/9.3.1/thumb/v7e-m+fp/hard/crtn.o
OUTPUT(R7_L16_SPITFTGFXColor.elf elf32-littlearm)
LOAD linker stubs
LOAD c:/st/stm32cubeide_1.4.0/stm32cubeide/plugins/com.st.stm32cube.ide.mcu.externaltools.gnu-tools-for-stm32.9-2020-q2-update.win32_2.0.0.202105311346/tools/bin/../lib/gcc/arm-none-eabi/9.3.1/../../../../arm-none-eabi/lib/thumb/v7e-m+fp/hard\libc.a
LOAD c:/st/stm32cubeide_1.4.0/stm32cubeide/plugins/com.st.stm32cube.ide.mcu.externaltools.gnu-tools-for-stm32.9-2020-q2-update.win32_2.0.0.202105311346/tools/bin/../lib/gcc/arm-none-eabi/9.3.1/../../../../arm-none-eabi/lib/thumb/v7e-m+fp/hard\libm.a
LOAD c:/st/stm32cubeide_1.4.0/stm32cubeide/plugins/com.st.stm32cube.ide.mcu.externaltools.gnu-tools-for-stm32.9-2020-q2-update.win32_2.0.0.202105311346/tools/bin/../lib/gcc/arm-none-eabi/9.3.1/thumb/v7e-m+fp/hard\libgcc.a

.debug_info     0x0000000000000000     0xd341
 .debug_info    0x0000000000000000     0x1588 ./Core/Src/GFX_Color.o
 .debug_info    0x0000000000001588      0xaa3 ./Core/Src/TFT_ILI9341.o
 .debug_info    0x000000000000202b      0x54a ./Core/Src/gpio.o
 .debug_info    0x0000000000002575      0xd84 ./Core/Src/main.o
 .debug_info    0x00000000000032f9      0xa92 ./Core/Src/spi.o
 .debug_info    0x0000000000003d8b      0x3cc ./Core/Src/stm32f4xx_hal_msp.o
 .debug_info    0x0000000000004157      0x222 ./Core/Src/stm32f4xx_it.o
 .debug_info    0x0000000000004379      0x5dc ./Core/Src/system_stm32f4xx.o
 .debug_info    0x0000000000004955      0xa3c ./Core/Src/usart.o
 .debug_info    0x0000000000005391       0x22 ./Core/Startup/startup_stm32f446retx.o
 .debug_info    0x00000000000053b3      0xa08 ./Drivers/STM32F4xx_HAL_Driver/Src/stm32f4xx_hal.o
 .debug_info    0x0000000000005dbb      0xef5 ./Drivers/STM32F4xx_HAL_Driver/Src/stm32f4xx_hal_cortex.o
 .debug_info    0x0000000000006cb0      0x892 ./Drivers/STM32F4xx_HAL_Driver/Src/stm32f4xx_hal_gpio.o
 .debug_info    0x0000000000007542      0x9db ./Drivers/STM32F4xx_HAL_Driver/Src/stm32f4xx_hal_rcc.o
 .debug_info    0x0000000000007f1d      0xa86 ./Drivers/STM32F4xx_HAL_Driver/Src/stm32f4xx_hal_rcc_ex.o
 .debug_info    0x00000000000089a3     0x17c0 ./Drivers/STM32F4xx_HAL_Driver/Src/stm32f4xx_hal_spi.o
 .debug_info    0x000000000000a163     0x31de ./Drivers/STM32F4xx_HAL_Driver/Src/stm32f4xx_hal_uart.o

.debug_abbrev   0x0000000000000000     0x2001
 .debug_abbrev  0x0000000000000000      0x2d6 ./Core/Src/GFX_Color.o
 .debug_abbrev  0x00000000000002d6      0x257 ./Core/Src/TFT_ILI9341.o
 .debug_abbrev  0x000000000000052d      0x14e ./Core/Src/gpio.o
 .debug_abbrev  0x000000000000067b      0x200 ./Core/Src/main.o
 .debug_abbrev  0x000000000000087b      0x1bb ./Core/Src/spi.o
 .debug_abbrev  0x0000000000000a36      0x11d ./Core/Src/stm32f4xx_hal_msp.o
 .debug_abbrev  0x0000000000000b53       0xd2 ./Core/Src/stm32f4xx_it.o
 .debug_abbrev  0x0000000000000c25      0x145 ./Core/Src/system_stm32f4xx.o
 .debug_abbrev  0x0000000000000d6a      0x1bb ./Core/Src/usart.o
 .debug_abbrev  0x0000000000000f25       0x12 ./Core/Startup/startup_stm32f446retx.o
 .debug_abbrev  0x0000000000000f37      0x1ed ./Drivers/STM32F4xx_HAL_Driver/Src/stm32f4xx_hal.o
 .debug_abbrev  0x0000000000001124      0x33c ./Drivers/STM32F4xx_HAL_Driver/Src/stm32f4xx_hal_cortex.o
 .debug_abbrev  0x0000000000001460      0x1f1 ./Drivers/STM32F4xx_HAL_Driver/Src/stm32f4xx_hal_gpio.o
 .debug_abbrev  0x0000000000001651      0x275 ./Drivers/STM32F4xx_HAL_Driver/Src/stm32f4xx_hal_rcc.o
 .debug_abbrev  0x00000000000018c6      0x1e2 ./Drivers/STM32F4xx_HAL_Driver/Src/stm32f4xx_hal_rcc_ex.o
 .debug_abbrev  0x0000000000001aa8      0x26e ./Drivers/STM32F4xx_HAL_Driver/Src/stm32f4xx_hal_spi.o
 .debug_abbrev  0x0000000000001d16      0x2eb ./Drivers/STM32F4xx_HAL_Driver/Src/stm32f4xx_hal_uart.o

.debug_aranges  0x0000000000000000      0x9e0
 .debug_aranges
                0x0000000000000000       0xc8 ./Core/Src/GFX_Color.o
 .debug_aranges
                0x00000000000000c8       0x68 ./Core/Src/TFT_ILI9341.o
 .debug_aranges
                0x0000000000000130       0x20 ./Core/Src/gpio.o
 .debug_aranges
                0x0000000000000150       0x30 ./Core/Src/main.o
 .debug_aranges
                0x0000000000000180       0x30 ./Core/Src/spi.o
 .debug_aranges
                0x00000000000001b0       0x20 ./Core/Src/stm32f4xx_hal_msp.o
 .debug_aranges
                0x00000000000001d0       0x60 ./Core/Src/stm32f4xx_it.o
 .debug_aranges
                0x0000000000000230       0x28 ./Core/Src/system_stm32f4xx.o
 .debug_aranges
                0x0000000000000258       0x30 ./Core/Src/usart.o
 .debug_aranges
                0x0000000000000288       0x28 ./Core/Startup/startup_stm32f446retx.o
 .debug_aranges
                0x00000000000002b0       0xf0 ./Drivers/STM32F4xx_HAL_Driver/Src/stm32f4xx_hal.o
 .debug_aranges
                0x00000000000003a0      0x118 ./Drivers/STM32F4xx_HAL_Driver/Src/stm32f4xx_hal_cortex.o
 .debug_aranges
                0x00000000000004b8       0x58 ./Drivers/STM32F4xx_HAL_Driver/Src/stm32f4xx_hal_gpio.o
 .debug_aranges
                0x0000000000000510       0x88 ./Drivers/STM32F4xx_HAL_Driver/Src/stm32f4xx_hal_rcc.o
 .debug_aranges
                0x0000000000000598       0x78 ./Drivers/STM32F4xx_HAL_Driver/Src/stm32f4xx_hal_rcc_ex.o
 .debug_aranges
                0x0000000000000610      0x1d0 ./Drivers/STM32F4xx_HAL_Driver/Src/stm32f4xx_hal_spi.o
 .debug_aranges
                0x00000000000007e0      0x200 ./Drivers/STM32F4xx_HAL_Driver/Src/stm32f4xx_hal_uart.o

.debug_ranges   0x0000000000000000      0x908
 .debug_ranges  0x0000000000000000       0xb8 ./Core/Src/GFX_Color.o
 .debug_ranges  0x00000000000000b8       0x58 ./Core/Src/TFT_ILI9341.o
 .debug_ranges  0x0000000000000110       0x10 ./Core/Src/gpio.o
 .debug_ranges  0x0000000000000120       0x20 ./Core/Src/main.o
 .debug_ranges  0x0000000000000140       0x20 ./Core/Src/spi.o
 .debug_ranges  0x0000000000000160       0x10 ./Core/Src/stm32f4xx_hal_msp.o
 .debug_ranges  0x0000000000000170       0x50 ./Core/Src/stm32f4xx_it.o
 .debug_ranges  0x00000000000001c0       0x18 ./Core/Src/system_stm32f4xx.o
 .debug_ranges  0x00000000000001d8       0x20 ./Core/Src/usart.o
 .debug_ranges  0x00000000000001f8       0x20 ./Core/Startup/startup_stm32f446retx.o
 .debug_ranges  0x0000000000000218       0xe0 ./Drivers/STM32F4xx_HAL_Driver/Src/stm32f4xx_hal.o
 .debug_ranges  0x00000000000002f8      0x108 ./Drivers/STM32F4xx_HAL_Driver/Src/stm32f4xx_hal_cortex.o
 .debug_ranges  0x0000000000000400       0x48 ./Drivers/STM32F4xx_HAL_Driver/Src/stm32f4xx_hal_gpio.o
 .debug_ranges  0x0000000000000448       0x78 ./Drivers/STM32F4xx_HAL_Driver/Src/stm32f4xx_hal_rcc.o
 .debug_ranges  0x00000000000004c0       0x68 ./Drivers/STM32F4xx_HAL_Driver/Src/stm32f4xx_hal_rcc_ex.o
 .debug_ranges  0x0000000000000528      0x1c0 ./Drivers/STM32F4xx_HAL_Driver/Src/stm32f4xx_hal_spi.o
 .debug_ranges  0x00000000000006e8      0x220 ./Drivers/STM32F4xx_HAL_Driver/Src/stm32f4xx_hal_uart.o

.debug_macro    0x0000000000000000    0x21a19
 .debug_macro   0x0000000000000000      0x2b7 ./Core/Src/GFX_Color.o
 .debug_macro   0x00000000000002b7      0xaa8 ./Core/Src/GFX_Color.o
 .debug_macro   0x0000000000000d5f      0x29b ./Core/Src/GFX_Color.o
 .debug_macro   0x0000000000000ffa       0x2e ./Core/Src/GFX_Color.o
 .debug_macro   0x0000000000001028       0x28 ./Core/Src/GFX_Color.o
 .debug_macro   0x0000000000001050       0x22 ./Core/Src/GFX_Color.o
 .debug_macro   0x0000000000001072       0x8e ./Core/Src/GFX_Color.o
 .debug_macro   0x0000000000001100       0x51 ./Core/Src/GFX_Color.o
 .debug_macro   0x0000000000001151      0x103 ./Core/Src/GFX_Color.o
 .debug_macro   0x0000000000001254       0x6a ./Core/Src/GFX_Color.o
 .debug_macro   0x00000000000012be      0x1df ./Core/Src/GFX_Color.o
 .debug_macro   0x000000000000149d       0x1c ./Core/Src/GFX_Color.o
 .debug_macro   0x00000000000014b9       0x22 ./Core/Src/GFX_Color.o
 .debug_macro   0x00000000000014db       0xdf ./Core/Src/GFX_Color.o
 .debug_macro   0x00000000000015ba     0x102d ./Core/Src/GFX_Color.o
 .debug_macro   0x00000000000025e7      0x11f ./Core/Src/GFX_Color.o
 .debug_macro   0x0000000000002706    0x16749 ./Core/Src/GFX_Color.o
 .debug_macro   0x0000000000018e4f       0x6d ./Core/Src/GFX_Color.o
 .debug_macro   0x0000000000018ebc     0x3666 ./Core/Src/GFX_Color.o
 .debug_macro   0x000000000001c522      0x174 ./Core/Src/GFX_Color.o
 .debug_macro   0x000000000001c696       0x5c ./Core/Src/GFX_Color.o
 .debug_macro   0x000000000001c6f2      0xc90 ./Core/Src/GFX_Color.o
 .debug_macro   0x000000000001d382      0x9fe ./Core/Src/GFX_Color.o
 .debug_macro   0x000000000001dd80      0x116 ./Core/Src/GFX_Color.o
 .debug_macro   0x000000000001de96      0x1a0 ./Core/Src/GFX_Color.o
 .debug_macro   0x000000000001e036       0xa5 ./Core/Src/GFX_Color.o
 .debug_macro   0x000000000001e0db      0x16d ./Core/Src/GFX_Color.o
 .debug_macro   0x000000000001e248      0x287 ./Core/Src/GFX_Color.o
 .debug_macro   0x000000000001e4cf       0x5f ./Core/Src/GFX_Color.o
 .debug_macro   0x000000000001e52e      0x236 ./Core/Src/GFX_Color.o
 .debug_macro   0x000000000001e764      0x132 ./Core/Src/GFX_Color.o
 .debug_macro   0x000000000001e896      0x29c ./Core/Src/GFX_Color.o
 .debug_macro   0x000000000001eb32       0x2e ./Core/Src/GFX_Color.o
 .debug_macro   0x000000000001eb60      0x11a ./Core/Src/GFX_Color.o
 .debug_macro   0x000000000001ec7a       0xe8 ./Core/Src/GFX_Color.o
 .debug_macro   0x000000000001ed62       0x89 ./Core/Src/GFX_Color.o
 .debug_macro   0x000000000001edeb      0x225 ./Core/Src/GFX_Color.o
 .debug_macro   0x000000000001f010      0x295 ./Core/Src/GFX_Color.o
 .debug_macro   0x000000000001f2a5      0x126 ./Core/Src/GFX_Color.o
 .debug_macro   0x000000000001f3cb       0x70 ./Core/Src/GFX_Color.o
 .debug_macro   0x000000000001f43b       0x8e ./Core/Src/GFX_Color.o
 .debug_macro   0x000000000001f4c9      0x1d8 ./Core/Src/GFX_Color.o
 .debug_macro   0x000000000001f6a1       0x18 ./Core/Src/GFX_Color.o
 .debug_macro   0x000000000001f6b9       0x52 ./Core/Src/GFX_Color.o
 .debug_macro   0x000000000001f70b       0x3c ./Core/Src/GFX_Color.o
 .debug_macro   0x000000000001f747       0x34 ./Core/Src/GFX_Color.o
 .debug_macro   0x000000000001f77b       0x16 ./Core/Src/GFX_Color.o
 .debug_macro   0x000000000001f791       0x35 ./Core/Src/GFX_Color.o
 .debug_macro   0x000000000001f7c6       0x16 ./Core/Src/GFX_Color.o
 .debug_macro   0x000000000001f7dc       0x43 ./Core/Src/GFX_Color.o
 .debug_macro   0x000000000001f81f       0x34 ./Core/Src/GFX_Color.o
 .debug_macro   0x000000000001f853       0x10 ./Core/Src/GFX_Color.o
 .debug_macro   0x000000000001f863       0x58 ./Core/Src/GFX_Color.o
 .debug_macro   0x000000000001f8bb       0x71 ./Core/Src/GFX_Color.o
 .debug_macro   0x000000000001f92c       0x1c ./Core/Src/GFX_Color.o
 .debug_macro   0x000000000001f948      0x12a ./Core/Src/GFX_Color.o
 .debug_macro   0x000000000001fa72      0x333 ./Core/Src/GFX_Color.o
 .debug_macro   0x000000000001fda5       0x16 ./Core/Src/GFX_Color.o
 .debug_macro   0x000000000001fdbb       0x29 ./Core/Src/GFX_Color.o
 .debug_macro   0x000000000001fde4      0x206 ./Core/Src/TFT_ILI9341.o
 .debug_macro   0x000000000001ffea      0x1dd ./Core/Src/gpio.o
 .debug_macro   0x00000000000201c7      0x21e ./Core/Src/main.o
 .debug_macro   0x00000000000203e5       0x10 ./Core/Src/main.o
 .debug_macro   0x00000000000203f5      0x1dd ./Core/Src/spi.o
 .debug_macro   0x00000000000205d2      0x1d3 ./Core/Src/stm32f4xx_hal_msp.o
 .debug_macro   0x00000000000207a5      0x1dd ./Core/Src/stm32f4xx_it.o
 .debug_macro   0x0000000000020982      0x1c4 ./Core/Src/system_stm32f4xx.o
 .debug_macro   0x0000000000020b46      0x1dd ./Core/Src/usart.o
 .debug_macro   0x0000000000020d23      0x224 ./Drivers/STM32F4xx_HAL_Driver/Src/stm32f4xx_hal.o
 .debug_macro   0x0000000000020f47      0x1c4 ./Drivers/STM32F4xx_HAL_Driver/Src/stm32f4xx_hal_cortex.o
 .debug_macro   0x000000000002110b      0x1ca ./Drivers/STM32F4xx_HAL_Driver/Src/stm32f4xx_hal_gpio.o
 .debug_macro   0x00000000000212d5      0x1e8 ./Drivers/STM32F4xx_HAL_Driver/Src/stm32f4xx_hal_rcc.o
 .debug_macro   0x00000000000214bd      0x1c4 ./Drivers/STM32F4xx_HAL_Driver/Src/stm32f4xx_hal_rcc_ex.o
 .debug_macro   0x0000000000021681      0x1d3 ./Drivers/STM32F4xx_HAL_Driver/Src/stm32f4xx_hal_spi.o
 .debug_macro   0x0000000000021854      0x1c5 ./Drivers/STM32F4xx_HAL_Driver/Src/stm32f4xx_hal_uart.o

.debug_line     0x0000000000000000     0xd13e
 .debug_line    0x0000000000000000      0xe30 ./Core/Src/GFX_Color.o
 .debug_line    0x0000000000000e30      0x8cd ./Core/Src/TFT_ILI9341.o
 .debug_line    0x00000000000016fd      0x6e2 ./Core/Src/gpio.o
 .debug_line    0x0000000000001ddf      0x797 ./Core/Src/main.o
 .debug_line    0x0000000000002576      0x71e ./Core/Src/spi.o
 .debug_line    0x0000000000002c94      0x6ad ./Core/Src/stm32f4xx_hal_msp.o
 .debug_line    0x0000000000003341      0x76f ./Core/Src/stm32f4xx_it.o
 .debug_line    0x0000000000003ab0      0x72e ./Core/Src/system_stm32f4xx.o
 .debug_line    0x00000000000041de      0x716 ./Core/Src/usart.o
 .debug_line    0x00000000000048f4       0x88 ./Core/Startup/startup_stm32f446retx.o
 .debug_line    0x000000000000497c      0x994 ./Drivers/STM32F4xx_HAL_Driver/Src/stm32f4xx_hal.o
 .debug_line    0x0000000000005310      0xc43 ./Drivers/STM32F4xx_HAL_Driver/Src/stm32f4xx_hal_cortex.o
 .debug_line    0x0000000000005f53      0xaf6 ./Drivers/STM32F4xx_HAL_Driver/Src/stm32f4xx_hal_gpio.o
 .debug_line    0x0000000000006a49      0xd1c ./Drivers/STM32F4xx_HAL_Driver/Src/stm32f4xx_hal_rcc.o
 .debug_line    0x0000000000007765     0x13a2 ./Drivers/STM32F4xx_HAL_Driver/Src/stm32f4xx_hal_rcc_ex.o
 .debug_line    0x0000000000008b07     0x1c1c ./Drivers/STM32F4xx_HAL_Driver/Src/stm32f4xx_hal_spi.o
 .debug_line    0x000000000000a723     0x2a1b ./Drivers/STM32F4xx_HAL_Driver/Src/stm32f4xx_hal_uart.o

.debug_str      0x0000000000000000    0xc9f26
 .debug_str     0x0000000000000000    0xc71cd ./Core/Src/GFX_Color.o
                                      0xc7526 (size before relaxing)
 .debug_str     0x00000000000c71cd      0x59d ./Core/Src/TFT_ILI9341.o
                                      0xc4479 (size before relaxing)
 .debug_str     0x00000000000c776a      0x185 ./Core/Src/gpio.o
                                      0xc386c (size before relaxing)
 .debug_str     0x00000000000c78ef      0x352 ./Core/Src/main.o
                                      0xc48f0 (size before relaxing)
 .debug_str     0x00000000000c7c41       0x4b ./Core/Src/spi.o
                                      0xc3cc9 (size before relaxing)
 .debug_str     0x00000000000c7c8c       0x2c ./Core/Src/stm32f4xx_hal_msp.o
                                      0xc37cf (size before relaxing)
 .debug_str     0x00000000000c7cb8       0xbd ./Core/Src/stm32f4xx_it.o
                                      0xc3738 (size before relaxing)
 .debug_str     0x00000000000c7d75       0xaf ./Core/Src/system_stm32f4xx.o
                                      0xc36b9 (size before relaxing)
 .debug_str     0x00000000000c7e24       0x57 ./Core/Src/usart.o
                                      0xc3cd1 (size before relaxing)
 .debug_str     0x00000000000c7e7b       0x36 ./Core/Startup/startup_stm32f446retx.o
                                         0x68 (size before relaxing)
 .debug_str     0x00000000000c7eb1      0xa85 ./Drivers/STM32F4xx_HAL_Driver/Src/stm32f4xx_hal.o
                                      0xc41dc (size before relaxing)
 .debug_str     0x00000000000c8936      0x399 ./Drivers/STM32F4xx_HAL_Driver/Src/stm32f4xx_hal_cortex.o
                                      0xc3fa6 (size before relaxing)
 .debug_str     0x00000000000c8ccf      0x15f ./Drivers/STM32F4xx_HAL_Driver/Src/stm32f4xx_hal_gpio.o
                                      0xc3860 (size before relaxing)
 .debug_str     0x00000000000c8e2e      0x259 ./Drivers/STM32F4xx_HAL_Driver/Src/stm32f4xx_hal_rcc.o
                                      0xc3ac0 (size before relaxing)
 .debug_str     0x00000000000c9087      0x324 ./Drivers/STM32F4xx_HAL_Driver/Src/stm32f4xx_hal_rcc_ex.o
                                      0xc3b1d (size before relaxing)
 .debug_str     0x00000000000c93ab      0x57f ./Drivers/STM32F4xx_HAL_Driver/Src/stm32f4xx_hal_spi.o
                                      0xc3f38 (size before relaxing)
 .debug_str     0x00000000000c992a      0x5fc ./Drivers/STM32F4xx_HAL_Driver/Src/stm32f4xx_hal_uart.o
                                      0xc401c (size before relaxing)

.comment        0x0000000000000000       0x53
 .comment       0x0000000000000000       0x53 ./Core/Src/GFX_Color.o
                                         0x54 (size before relaxing)
 .comment       0x0000000000000053       0x54 ./Core/Src/TFT_ILI9341.o
 .comment       0x0000000000000053       0x54 ./Core/Src/gpio.o
 .comment       0x0000000000000053       0x54 ./Core/Src/main.o
 .comment       0x0000000000000053       0x54 ./Core/Src/spi.o
 .comment       0x0000000000000053       0x54 ./Core/Src/stm32f4xx_hal_msp.o
 .comment       0x0000000000000053       0x54 ./Core/Src/stm32f4xx_it.o
 .comment       0x0000000000000053       0x54 ./Core/Src/system_stm32f4xx.o
 .comment       0x0000000000000053       0x54 ./Core/Src/usart.o
 .comment       0x0000000000000053       0x54 ./Drivers/STM32F4xx_HAL_Driver/Src/stm32f4xx_hal.o
 .comment       0x0000000000000053       0x54 ./Drivers/STM32F4xx_HAL_Driver/Src/stm32f4xx_hal_cortex.o
 .comment       0x0000000000000053       0x54 ./Drivers/STM32F4xx_HAL_Driver/Src/stm32f4xx_hal_gpio.o
 .comment       0x0000000000000053       0x54 ./Drivers/STM32F4xx_HAL_Driver/Src/stm32f4xx_hal_rcc.o
 .comment       0x0000000000000053       0x54 ./Drivers/STM32F4xx_HAL_Driver/Src/stm32f4xx_hal_rcc_ex.o
 .comment       0x0000000000000053       0x54 ./Drivers/STM32F4xx_HAL_Driver/Src/stm32f4xx_hal_spi.o
 .comment       0x0000000000000053       0x54 ./Drivers/STM32F4xx_HAL_Driver/Src/stm32f4xx_hal_uart.o

.debug_frame    0x0000000000000000     0x26f8
 .debug_frame   0x0000000000000000      0x334 ./Core/Src/GFX_Color.o
 .debug_frame   0x0000000000000334      0x180 ./Core/Src/TFT_ILI9341.o
 .debug_frame   0x00000000000004b4       0x34 ./Core/Src/gpio.o
 .debug_frame   0x00000000000004e8       0x6c ./Core/Src/main.o
 .debug_frame   0x0000000000000554       0x74 ./Core/Src/spi.o
 .debug_frame   0x00000000000005c8       0x34 ./Core/Src/stm32f4xx_hal_msp.o
 .debug_frame   0x00000000000005fc      0x104 ./Core/Src/stm32f4xx_it.o
 .debug_frame   0x0000000000000700       0x58 ./Core/Src/system_stm32f4xx.o
 .debug_frame   0x0000000000000758       0x74 ./Core/Src/usart.o
 .debug_frame   0x00000000000007cc      0x374 ./Drivers/STM32F4xx_HAL_Driver/Src/stm32f4xx_hal.o
 .debug_frame   0x0000000000000b40      0x498 ./Drivers/STM32F4xx_HAL_Driver/Src/stm32f4xx_hal_cortex.o
 .debug_frame   0x0000000000000fd8      0x14c ./Drivers/STM32F4xx_HAL_Driver/Src/stm32f4xx_hal_gpio.o
 .debug_frame   0x0000000000001124      0x1f0 ./Drivers/STM32F4xx_HAL_Driver/Src/stm32f4xx_hal_rcc.o
 .debug_frame   0x0000000000001314      0x1e8 ./Drivers/STM32F4xx_HAL_Driver/Src/stm32f4xx_hal_rcc_ex.o
 .debug_frame   0x00000000000014fc      0x824 ./Drivers/STM32F4xx_HAL_Driver/Src/stm32f4xx_hal_spi.o
 .debug_frame   0x0000000000001d20      0x92c ./Drivers/STM32F4xx_HAL_Driver/Src/stm32f4xx_hal_uart.o
 .debug_frame   0x000000000000264c       0x2c c:/st/stm32cubeide_1.4.0/stm32cubeide/plugins/com.st.stm32cube.ide.mcu.externaltools.gnu-tools-for-stm32.9-2020-q2-update.win32_2.0.0.202105311346/tools/bin/../lib/gcc/arm-none-eabi/9.3.1/../../../../arm-none-eabi/lib/thumb/v7e-m+fp/hard\libc_nano.a(lib_a-init.o)
 .debug_frame   0x0000000000002678       0x20 c:/st/stm32cubeide_1.4.0/stm32cubeide/plugins/com.st.stm32cube.ide.mcu.externaltools.gnu-tools-for-stm32.9-2020-q2-update.win32_2.0.0.202105311346/tools/bin/../lib/gcc/arm-none-eabi/9.3.1/../../../../arm-none-eabi/lib/thumb/v7e-m+fp/hard\libc_nano.a(lib_a-memset.o)
 .debug_frame   0x0000000000002698       0x2c c:/st/stm32cubeide_1.4.0/stm32cubeide/plugins/com.st.stm32cube.ide.mcu.externaltools.gnu-tools-for-stm32.9-2020-q2-update.win32_2.0.0.202105311346/tools/bin/../lib/gcc/arm-none-eabi/9.3.1/thumb/v7e-m+fp/hard\libgcc.a(_aeabi_uldivmod.o)
 .debug_frame   0x00000000000026c4       0x34 c:/st/stm32cubeide_1.4.0/stm32cubeide/plugins/com.st.stm32cube.ide.mcu.externaltools.gnu-tools-for-stm32.9-2020-q2-update.win32_2.0.0.202105311346/tools/bin/../lib/gcc/arm-none-eabi/9.3.1/thumb/v7e-m+fp/hard\libgcc.a(_udivmoddi4.o)
